Component: ARM Compiler 5.06 update 6 (build 750) Tool: armlink [4d35ed]

==============================================================================

Section Cross References

    main.o(i.InitHardware) refers to system_stm32f10x.o(i.SystemInit) for SystemInit
    main.o(i.InitHardware) refers to rcc.o(i.InitRCC) for InitRCC
    main.o(i.InitHardware) refers to nvic.o(i.InitNVIC) for InitNVIC
    main.o(i.InitHardware) refers to uart1.o(i.InitUART1) for InitUART1
    main.o(i.InitHardware) refers to timer.o(i.InitTimer) for InitTimer
    main.o(i.InitHardware) refers to led.o(i.InitLED) for InitLED
    main.o(i.InitHardware) refers to systick.o(i.InitSysTick) for InitSysTick
    main.o(i.InitHardware) refers to dac.o(i.InitDAC) for InitDAC
    main.o(i.InitHardware) refers to adc.o(i.InitADC) for InitADC
    main.o(i.InitSoftware) refers to packunpack.o(i.InitPackUnpack) for InitPackUnpack
    main.o(i.InitSoftware) refers to prochostcmd.o(i.InitProcHostCmd) for InitProcHostCmd
    main.o(i.InitSoftware) refers to senddatatohost.o(i.InitSendDataToHost) for InitSendDataToHost
    main.o(i.Proc1SecTask) refers to timer.o(i.Get1SecFlag) for Get1SecFlag
    main.o(i.Proc1SecTask) refers to timer.o(i.Clr1SecFlag) for Clr1SecFlag
    main.o(i.Proc2msTask) refers to timer.o(i.Get2msFlag) for Get2msFlag
    main.o(i.Proc2msTask) refers to uart1.o(i.ReadUART1) for ReadUART1
    main.o(i.Proc2msTask) refers to prochostcmd.o(i.ProcHostCmd) for ProcHostCmd
    main.o(i.Proc2msTask) refers to adc.o(i.ReadADCBuf) for ReadADCBuf
    main.o(i.Proc2msTask) refers to senddatatohost.o(i.SendWaveToHost) for SendWaveToHost
    main.o(i.Proc2msTask) refers to led.o(i.LEDFlicker) for LEDFlicker
    main.o(i.Proc2msTask) refers to timer.o(i.Clr2msFlag) for Clr2msFlag
    main.o(i.Proc2msTask) refers to main.o(.data) for s_iCnt4
    main.o(i.main) refers to main.o(i.InitSoftware) for InitSoftware
    main.o(i.main) refers to main.o(i.InitHardware) for InitHardware
    main.o(i.main) refers to main.o(i.Proc2msTask) for Proc2msTask
    main.o(i.main) refers to main.o(i.Proc1SecTask) for Proc1SecTask
    led.o(i.ConfigLEDGPIO) refers to stm32f10x_rcc.o(i.RCC_APB2PeriphClockCmd) for RCC_APB2PeriphClockCmd
    led.o(i.ConfigLEDGPIO) refers to stm32f10x_gpio.o(i.GPIO_Init) for GPIO_Init
    led.o(i.ConfigLEDGPIO) refers to stm32f10x_gpio.o(i.GPIO_WriteBit) for GPIO_WriteBit
    led.o(i.InitLED) refers to led.o(i.ConfigLEDGPIO) for ConfigLEDGPIO
    led.o(i.LEDFlicker) refers to stm32f10x_gpio.o(i.GPIO_ReadOutputDataBit) for GPIO_ReadOutputDataBit
    led.o(i.LEDFlicker) refers to stm32f10x_gpio.o(i.GPIO_WriteBit) for GPIO_WriteBit
    led.o(i.LEDFlicker) refers to led.o(.data) for s_iCnt
    packunpack.o(i.GetUnPackRslt) refers to packunpack.o(.bss) for s_ptPack
    packunpack.o(i.InitPackUnpack) refers to packunpack.o(.bss) for s_ptPack
    packunpack.o(i.InitPackUnpack) refers to packunpack.o(.data) for s_iPackLen
    packunpack.o(i.PackData) refers to packunpack.o(i.PackWithCheckSum) for PackWithCheckSum
    packunpack.o(i.UnPackData) refers to packunpack.o(i.UnpackWithCheckSum) for UnpackWithCheckSum
    packunpack.o(i.UnPackData) refers to packunpack.o(.bss) for s_ptPack
    packunpack.o(i.UnPackData) refers to packunpack.o(.data) for s_iGotPackId
    prochostcmd.o(i.OnGenWave) refers to wave.o(i.GetSineWave100PointAddr) for GetSineWave100PointAddr
    prochostcmd.o(i.OnGenWave) refers to wave.o(i.GetTriWave100PointAddr) for GetTriWave100PointAddr
    prochostcmd.o(i.OnGenWave) refers to wave.o(i.GetRectWave100PointAddr) for GetRectWave100PointAddr
    prochostcmd.o(i.OnGenWave) refers to dac.o(i.SetDACWave) for SetDACWave
    prochostcmd.o(i.ProcHostCmd) refers to packunpack.o(i.GetUnPackRslt) for GetUnPackRslt
    prochostcmd.o(i.ProcHostCmd) refers to prochostcmd.o(i.OnGenWave) for OnGenWave
    prochostcmd.o(i.ProcHostCmd) refers to senddatatohost.o(i.SendAckPack) for SendAckPack
    prochostcmd.o(i.ProcHostCmd) refers to packunpack.o(i.UnPackData) for UnPackData
    senddatatohost.o(i.SendAckPack) refers to senddatatohost.o(i.SendPackToHost) for SendPackToHost
    senddatatohost.o(i.SendPackToHost) refers to packunpack.o(i.PackData) for PackData
    senddatatohost.o(i.SendPackToHost) refers to uart1.o(i.WriteUART1) for WriteUART1
    senddatatohost.o(i.SendWaveToHost) refers to senddatatohost.o(i.SendPackToHost) for SendPackToHost
    rcc.o(i.ConfigRCC) refers to stm32f10x_rcc.o(i.RCC_DeInit) for RCC_DeInit
    rcc.o(i.ConfigRCC) refers to stm32f10x_rcc.o(i.RCC_HSEConfig) for RCC_HSEConfig
    rcc.o(i.ConfigRCC) refers to stm32f10x_rcc.o(i.RCC_WaitForHSEStartUp) for RCC_WaitForHSEStartUp
    rcc.o(i.ConfigRCC) refers to stm32f10x_flash.o(i.FLASH_PrefetchBufferCmd) for FLASH_PrefetchBufferCmd
    rcc.o(i.ConfigRCC) refers to stm32f10x_flash.o(i.FLASH_SetLatency) for FLASH_SetLatency
    rcc.o(i.ConfigRCC) refers to stm32f10x_rcc.o(i.RCC_HCLKConfig) for RCC_HCLKConfig
[...]
    stm32f10x_tim.o(i.TIM_DeInit) refers to stm32f10x_rcc.o(i.RCC_APB1PeriphResetCmd) for RCC_APB1PeriphResetCmd
    stm32f10x_tim.o(i.TIM_ETRClockMode1Config) refers to stm32f10x_tim.o(i.TIM_ETRConfig) for TIM_ETRConfig
    stm32f10x_tim.o(i.TIM_ETRClockMode2Config) refers to stm32f10x_tim.o(i.TIM_ETRConfig) for TIM_ETRConfig
    stm32f10x_tim.o(i.TIM_ICInit) refers to stm32f10x_tim.o(i.TI1_Config) for TI1_Config
    stm32f10x_tim.o(i.TIM_ICInit) refers to stm32f10x_tim.o(i.TIM_SetIC1Prescaler) for TIM_SetIC1Prescaler
    stm32f10x_tim.o(i.TIM_ICInit) refers to stm32f10x_tim.o(i.TI2_Config) for TI2_Config
    stm32f10x_tim.o(i.TIM_ICInit) refers to stm32f10x_tim.o(i.TIM_SetIC2Prescaler) for TIM_SetIC2Prescaler
    stm32f10x_tim.o(i.TIM_ICInit) refers to stm32f10x_tim.o(i.TI3_Config) for TI3_Config
    stm32f10x_tim.o(i.TIM_ICInit) refers to stm32f10x_tim.o(i.TIM_SetIC3Prescaler) for TIM_SetIC3Prescaler
    stm32f10x_tim.o(i.TIM_ICInit) refers to stm32f10x_tim.o(i.TI4_Config) for TI4_Config
    stm32f10x_tim.o(i.TIM_ICInit) refers to stm32f10x_tim.o(i.TIM_SetIC4Prescaler) for TIM_SetIC4Prescaler
    stm32f10x_tim.o(i.TIM_ITRxExternalClockConfig) refers to stm32f10x_tim.o(i.TIM_SelectInputTrigger) for TIM_SelectInputTrigger
    stm32f10x_tim.o(i.TIM_PWMIConfig) refers to stm32f10x_tim.o(i.TI1_Config) for TI1_Config
    stm32f10x_tim.o(i.TIM_PWMIConfig) refers to stm32f10x_tim.o(i.TIM_SetIC1Prescaler) for TIM_SetIC1Prescaler
    stm32f10x_tim.o(i.TIM_PWMIConfig) refers to stm32f10x_tim.o(i.TI2_Config) for TI2_Config
    stm32f10x_tim.o(i.TIM_PWMIConfig) refers to stm32f10x_tim.o(i.TIM_SetIC2Prescaler) for TIM_SetIC2Prescaler
    stm32f10x_tim.o(i.TIM_TIxExternalClockConfig) refers to stm32f10x_tim.o(i.TI2_Config) for TI2_Config
    stm32f10x_tim.o(i.TIM_TIxExternalClockConfig) refers to stm32f10x_tim.o(i.TI1_Config) for TI1_Config
    stm32f10x_tim.o(i.TIM_TIxExternalClockConfig) refers to stm32f10x_tim.o(i.TIM_SelectInputTrigger) for TIM_SelectInputTrigger
    stm32f10x_usart.o(i.USART_DeInit) refers to stm32f10x_rcc.o(i.RCC_APB2PeriphResetCmd) for RCC_APB2PeriphResetCmd
    stm32f10x_usart.o(i.USART_DeInit) refers to stm32f10x_rcc.o(i.RCC_APB1PeriphResetCmd) for RCC_APB1PeriphResetCmd
    stm32f10x_usart.o(i.USART_Init) refers to stm32f10x_rcc.o(i.RCC_GetClocksFreq) for RCC_GetClocksFreq
    stm32f10x_adc.o(i.ADC_DeInit) refers to stm32f10x_rcc.o(i.RCC_APB2PeriphResetCmd) for RCC_APB2PeriphResetCmd
    stm32f10x_dac.o(i.DAC_DeInit) refers to stm32f10x_rcc.o(i.RCC_APB1PeriphResetCmd) for RCC_APB1PeriphResetCmd
    nvic.o(i.ConfigNVIC) refers to misc.o(i.NVIC_PriorityGroupConfig) for NVIC_PriorityGroupConfig
    nvic.o(i.InitNVIC) refers to nvic.o(i.ConfigNVIC) for ConfigNVIC
    systick.o(i.DelayNms) refers to systick.o(.data) for s_iTimDelayCnt
    systick.o(i.InitSysTick) refers to system_stm32f10x.o(.data) for SystemCoreClock
    systick.o(i.SysTick_Handler) refers to systick.o(i.TimDelayDec) for TimDelayDec
    systick.o(i.TimDelayDec) refers to systick.o(.data) for s_iTimDelayCnt
    system_stm32f10x.o(i.SetSysClock) refers to system_stm32f10x.o(i.SetSysClockTo72) for SetSysClockTo72
    system_stm32f10x.o(i.SystemCoreClockUpdate) refers to system_stm32f10x.o(.data) for SystemCoreClock
    system_stm32f10x.o(i.SystemInit) refers to system_stm32f10x.o(i.SetSysClock) for SetSysClock
    startup_stm32f10x_hd.o(RESET) refers to startup_stm32f10x_hd.o(STACK) for __initial_sp
    startup_stm32f10x_hd.o(RESET) refers to startup_stm32f10x_hd.o(.text) for Reset_Handler
    startup_stm32f10x_hd.o(RESET) refers to stm32f10x_it.o(i.NMI_Handler) for NMI_Handler
    startup_stm32f10x_hd.o(RESET) refers to stm32f10x_it.o(i.HardFault_Handler) for HardFault_Handler
    startup_stm32f10x_hd.o(RESET) refers to stm32f10x_it.o(i.MemManage_Handler) for MemManage_Handler
    startup_stm32f10x_hd.o(RESET) refers to stm32f10x_it.o(i.BusFault_Handler) for BusFault_Handler
    startup_stm32f10x_hd.o(RESET) refers to stm32f10x_it.o(i.UsageFault_Handler) for UsageFault_Handler
    startup_stm32f10x_hd.o(RESET) refers to stm32f10x_it.o(i.SVC_Handler) for SVC_Handler
    startup_stm32f10x_hd.o(RESET) refers to stm32f10x_it.o(i.DebugMon_Handler) for DebugMon_Handler
    startup_stm32f10x_hd.o(RESET) refers to stm32f10x_it.o(i.PendSV_Handler) for PendSV_Handler
    startup_stm32f10x_hd.o(RESET) refers to systick.o(i.SysTick_Handler) for SysTick_Handler
    startup_stm32f10x_hd.o(RESET) refers to timer.o(i.TIM2_IRQHandler) for TIM2_IRQHandler
    startup_stm32f10x_hd.o(RESET) refers to adc.o(i.TIM3_IRQHandler) for TIM3_IRQHandler
    startup_stm32f10x_hd.o(RESET) refers to uart1.o(i.USART1_IRQHandler) for USART1_IRQHandler
    startup_stm32f10x_hd.o(RESET) refers to timer.o(i.TIM5_IRQHandler) for TIM5_IRQHandler
    startup_stm32f10x_hd.o(RESET) refers to dac.o(i.DMA2_Channel3_IRQHandler) for DMA2_Channel3_IRQHandler
    startup_stm32f10x_hd.o(.text) refers to system_stm32f10x.o(i.SystemInit) for SystemInit
    startup_stm32f10x_hd.o(.text) refers to entry.o(.ARM.Collect$$$$00000000) for __main
    entry.o(.ARM.Collect$$$$00000000) refers (Special) to entry10a.o(.ARM.Collect$$$$0000000D) for __rt_final_cpp
    entry.o(.ARM.Collect$$$$00000000) refers (Special) to entry11a.o(.ARM.Collect$$$$0000000F) for __rt_final_exit
    entry.o(.ARM.Collect$$$$00000000) refers (Special) to entry7b.o(.ARM.Collect$$$$00000008) for _main_clock
    entry.o(.ARM.Collect$$$$00000000) refers (Special) to entry8b.o(.ARM.Collect$$$$0000000A) for _main_cpp_init
    entry.o(.ARM.Collect$$$$00000000) refers (Special) to entry9a.o(.ARM.Collect$$$$0000000B) for _main_init
    entry.o(.ARM.Collect$$$$00000000) refers (Special) to entry5.o(.ARM.Collect$$$$00000004) for _main_scatterload
    entry.o(.ARM.Collect$$$$00000000) refers (Special) to entry2.o(.ARM.Collect$$$$00000001) for _main_stk
    entry2.o(.ARM.Collect$$$$00000001) refers to entry2.o(.ARM.Collect$$$$00002712) for __lit__00000000
    entry2.o(.ARM.Collect$$$$00002712) refers to startup_stm32f10x_hd.o(STACK) for __initial_sp
    entry2.o(__vectab_stack_and_reset_area) refers to startup_stm32f10x_hd.o(STACK) for __initial_sp
    entry2.o(__vectab_stack_and_reset_area) refers to entry.o(.ARM.Collect$$$$00000000) for __main
    entry5.o(.ARM.Collect$$$$00000004) refers to init.o(.text) for __scatterload
    entry9a.o(.ARM.Collect$$$$0000000B) refers to main.o(i.main) for main
    entry9b.o(.ARM.Collect$$$$0000000C) refers to main.o(i.main) for main
    init.o(.text) refers to entry5.o(.ARM.Collect$$$$00000004) for __main_after_scatterload


==============================================================================

Removing Unused input sections from the image.

    Removing queue.o(i.ClearQueue), (10 bytes).
    Removing queue.o(i.QueueLength), (8 bytes).
    Removing uart1.o(i.SendCharUsedByFputc), (32 bytes).
    Removing uart1.o(i.fputc), (16 bytes).
    Removing wave.o(i.InitWave), (2 bytes).
    Removing u16queue.o(i.ClearU16Queue), (10 bytes).
    Removing u16queue.o(i.U16QueueEmpty), (14 bytes).
    Removing u16queue.o(i.U16QueueLength), (8 bytes).
    Removing misc.o(i.NVIC_SetVectorTable), (20 bytes).
    Removing misc.o(i.NVIC_SystemLPConfig), (32 bytes).
    Removing misc.o(i.SysTick_CLKSourceConfig), (40 bytes).
    Removing stm32f10x_flash.o(i.FLASH_ClearFlag), (12 bytes).
    Removing stm32f10x_flash.o(i.FLASH_EnableWriteProtection), (196 bytes).
    Removing stm32f10x_flash.o(i.FLASH_EraseAllBank1Pages), (72 bytes).
    Removing stm32f10x_flash.o(i.FLASH_EraseAllPages), (72 bytes).
    Removing stm32f10x_flash.o(i.FLASH_EraseOptionBytes), (168 bytes).
    Removing stm32f10x_flash.o(i.FLASH_ErasePage), (76 bytes).
    Removing stm32f10x_flash.o(i.FLASH_GetBank1Status), (52 bytes).
    Removing stm32f10x_flash.o(i.FLASH_GetFlagStatus), (48 bytes).
    Removing stm32f10x_flash.o(i.FLASH_GetPrefetchBufferStatus), (24 bytes).
    Removing stm32f10x_flash.o(i.FLASH_GetReadOutProtectionStatus), (24 bytes).
    Removing stm32f10x_flash.o(i.FLASH_GetStatus), (52 bytes).
    Removing stm32f10x_flash.o(i.FLASH_GetUserOptionByte), (12 bytes).
    Removing stm32f10x_flash.o(i.FLASH_GetWriteProtectionOptionByte), (12 bytes).
    Removing stm32f10x_flash.o(i.FLASH_HalfCycleAccessCmd), (28 bytes).
    Removing stm32f10x_flash.o(i.FLASH_ITConfig), (32 bytes).
    Removing stm32f10x_flash.o(i.FLASH_Lock), (20 bytes).
    Removing stm32f10x_flash.o(i.FLASH_LockBank1), (20 bytes).
    Removing stm32f10x_flash.o(i.FLASH_ProgramHalfWord), (64 bytes).
    Removing stm32f10x_flash.o(i.FLASH_ProgramOptionByteData), (84 bytes).
    Removing stm32f10x_flash.o(i.FLASH_ProgramWord), (108 bytes).
    Removing stm32f10x_flash.o(i.FLASH_ReadOutProtection), (172 bytes).
    Removing stm32f10x_flash.o(i.FLASH_Unlock), (24 bytes).
    Removing stm32f10x_flash.o(i.FLASH_UnlockBank1), (24 bytes).
    Removing stm32f10x_flash.o(i.FLASH_UserOptionByteConfig), (104 bytes).
    Removing stm32f10x_flash.o(i.FLASH_WaitForLastBank1Operation), (38 bytes).
    Removing stm32f10x_flash.o(i.FLASH_WaitForLastOperation), (38 bytes).
    Removing stm32f10x_gpio.o(i.GPIO_AFIODeInit), (20 bytes).
    Removing stm32f10x_gpio.o(i.GPIO_DeInit), (200 bytes).
    Removing stm32f10x_gpio.o(i.GPIO_ETH_MediaInterfaceConfig), (12 bytes).
    Removing stm32f10x_gpio.o(i.GPIO_EXTILineConfig), (64 bytes).
    Removing stm32f10x_gpio.o(i.GPIO_EventOutputCmd), (12 bytes).
    Removing stm32f10x_gpio.o(i.GPIO_EventOutputConfig), (32 bytes).
    Removing stm32f10x_gpio.o(i.GPIO_PinLockConfig), (18 bytes).
    Removing stm32f10x_gpio.o(i.GPIO_PinRemapConfig), (144 bytes).
    Removing stm32f10x_gpio.o(i.GPIO_ReadInputData), (8 bytes).
    Removing stm32f10x_gpio.o(i.GPIO_ReadInputDataBit), (18 bytes).
    Removing stm32f10x_gpio.o(i.GPIO_ReadOutputData), (8 bytes).
    Removing stm32f10x_gpio.o(i.GPIO_ResetBits), (4 bytes).
    Removing stm32f10x_gpio.o(i.GPIO_SetBits), (4 bytes).
    Removing stm32f10x_gpio.o(i.GPIO_StructInit), (16 bytes).
    Removing stm32f10x_gpio.o(i.GPIO_Write), (4 bytes).
    Removing stm32f10x_rcc.o(i.RCC_AdjustHSICalibrationValue), (24 bytes).
    Removing stm32f10x_rcc.o(i.RCC_BackupResetCmd), (12 bytes).
    Removing stm32f10x_rcc.o(i.RCC_ClearFlag), (20 bytes).
    Removing stm32f10x_rcc.o(i.RCC_ClearITPendingBit), (12 bytes).
    Removing stm32f10x_rcc.o(i.RCC_ClockSecuritySystemCmd), (12 bytes).
    Removing stm32f10x_rcc.o(i.RCC_GetITStatus), (24 bytes).
    Removing stm32f10x_rcc.o(i.RCC_HSICmd), (12 bytes).
    Removing stm32f10x_rcc.o(i.RCC_ITConfig), (32 bytes).
    Removing stm32f10x_rcc.o(i.RCC_LSEConfig), (52 bytes).
    Removing stm32f10x_rcc.o(i.RCC_LSICmd), (12 bytes).
    Removing stm32f10x_rcc.o(i.RCC_MCOConfig), (12 bytes).
    Removing stm32f10x_rcc.o(i.RCC_RTCCLKCmd), (12 bytes).
    Removing stm32f10x_rcc.o(i.RCC_RTCCLKConfig), (16 bytes).
    Removing stm32f10x_rcc.o(i.RCC_USBCLKConfig), (12 bytes).
    Removing stm32f10x_tim.o(i.TI1_Config), (128 bytes).
    Removing stm32f10x_tim.o(i.TI2_Config), (152 bytes).
    Removing stm32f10x_tim.o(i.TI3_Config), (144 bytes).
    Removing stm32f10x_tim.o(i.TI4_Config), (152 bytes).
    Removing stm32f10x_tim.o(i.TIM_ARRPreloadConfig), (24 bytes).
    Removing stm32f10x_tim.o(i.TIM_BDTRConfig), (32 bytes).
    Removing stm32f10x_tim.o(i.TIM_BDTRStructInit), (18 bytes).
    Removing stm32f10x_tim.o(i.TIM_CCPreloadControl), (24 bytes).
    Removing stm32f10x_tim.o(i.TIM_CCxCmd), (30 bytes).
    Removing stm32f10x_tim.o(i.TIM_CCxNCmd), (30 bytes).
    Removing stm32f10x_tim.o(i.TIM_ClearFlag), (6 bytes).
    Removing stm32f10x_tim.o(i.TIM_ClearOC1Ref), (18 bytes).
    Removing stm32f10x_tim.o(i.TIM_ClearOC2Ref), (24 bytes).
    Removing stm32f10x_tim.o(i.TIM_ClearOC3Ref), (18 bytes).
    Removing stm32f10x_tim.o(i.TIM_ClearOC4Ref), (24 bytes).
    Removing stm32f10x_tim.o(i.TIM_CounterModeConfig), (18 bytes).
    Removing stm32f10x_tim.o(i.TIM_CtrlPWMOutputs), (30 bytes).
    Removing stm32f10x_tim.o(i.TIM_DMACmd), (18 bytes).
    Removing stm32f10x_tim.o(i.TIM_DMAConfig), (10 bytes).
    Removing stm32f10x_tim.o(i.TIM_ETRClockMode1Config), (54 bytes).
    Removing stm32f10x_tim.o(i.TIM_ETRClockMode2Config), (32 bytes).
    Removing stm32f10x_tim.o(i.TIM_ETRConfig), (28 bytes).
    Removing stm32f10x_tim.o(i.TIM_EncoderInterfaceConfig), (66 bytes).
    Removing stm32f10x_tim.o(i.TIM_ForcedOC1Config), (18 bytes).
    Removing stm32f10x_tim.o(i.TIM_ForcedOC2Config), (26 bytes).
    Removing stm32f10x_tim.o(i.TIM_ForcedOC3Config), (18 bytes).
    Removing stm32f10x_tim.o(i.TIM_ForcedOC4Config), (26 bytes).
    Removing stm32f10x_tim.o(i.TIM_GenerateEvent), (4 bytes).
    Removing stm32f10x_tim.o(i.TIM_GetCapture1), (6 bytes).
    Removing stm32f10x_tim.o(i.TIM_GetCapture2), (6 bytes).
    Removing stm32f10x_tim.o(i.TIM_GetCapture3), (6 bytes).
    Removing stm32f10x_tim.o(i.TIM_GetCapture4), (8 bytes).
    Removing stm32f10x_tim.o(i.TIM_GetCounter), (6 bytes).
    Removing stm32f10x_tim.o(i.TIM_GetFlagStatus), (18 bytes).
    Removing stm32f10x_tim.o(i.TIM_GetPrescaler), (6 bytes).
    Removing stm32f10x_tim.o(i.TIM_ICInit), (172 bytes).
    Removing stm32f10x_tim.o(i.TIM_ICStructInit), (18 bytes).
    Removing stm32f10x_tim.o(i.TIM_ITRxExternalClockConfig), (24 bytes).
    Removing stm32f10x_tim.o(i.TIM_InternalClockConfig), (12 bytes).
    Removing stm32f10x_tim.o(i.TIM_OC1FastConfig), (18 bytes).
    Removing stm32f10x_tim.o(i.TIM_OC1Init), (152 bytes).
    Removing stm32f10x_tim.o(i.TIM_OC1NPolarityConfig), (18 bytes).
    Removing stm32f10x_tim.o(i.TIM_OC1PolarityConfig), (18 bytes).
    Removing stm32f10x_tim.o(i.TIM_OC1PreloadConfig), (18 bytes).
    Removing stm32f10x_tim.o(i.TIM_OC2FastConfig), (26 bytes).
    Removing stm32f10x_tim.o(i.TIM_OC2Init), (164 bytes).
    Removing stm32f10x_tim.o(i.TIM_OC2NPolarityConfig), (26 bytes).
    Removing stm32f10x_tim.o(i.TIM_OC2PolarityConfig), (26 bytes).
    Removing stm32f10x_tim.o(i.TIM_OC2PreloadConfig), (26 bytes).
    Removing stm32f10x_tim.o(i.TIM_OC3FastConfig), (18 bytes).
    Removing stm32f10x_tim.o(i.TIM_OC3Init), (160 bytes).
    Removing stm32f10x_tim.o(i.TIM_OC3NPolarityConfig), (26 bytes).
    Removing stm32f10x_tim.o(i.TIM_OC3PolarityConfig), (26 bytes).
    Removing stm32f10x_tim.o(i.TIM_OC3PreloadConfig), (18 bytes).
    Removing stm32f10x_tim.o(i.TIM_OC4FastConfig), (26 bytes).
    Removing stm32f10x_tim.o(i.TIM_OC4Init), (124 bytes).
    Removing stm32f10x_tim.o(i.TIM_OC4PolarityConfig), (26 bytes).
    Removing stm32f10x_tim.o(i.TIM_OC4PreloadConfig), (26 bytes).
    Removing stm32f10x_tim.o(i.TIM_OCStructInit), (20 bytes).
    Removing stm32f10x_tim.o(i.TIM_PWMIConfig), (124 bytes).
    Removing stm32f10x_tim.o(i.TIM_PrescalerConfig), (6 bytes).
    Removing stm32f10x_tim.o(i.TIM_SelectCCDMA), (24 bytes).
    Removing stm32f10x_tim.o(i.TIM_SelectCOM), (24 bytes).
    Removing stm32f10x_tim.o(i.TIM_SelectHallSensor), (24 bytes).
    Removing stm32f10x_tim.o(i.TIM_SelectInputTrigger), (18 bytes).
    Removing stm32f10x_tim.o(i.TIM_SelectMasterSlaveMode), (18 bytes).
    Removing stm32f10x_tim.o(i.TIM_SelectOCxM), (82 bytes).
    Removing stm32f10x_tim.o(i.TIM_SelectOnePulseMode), (18 bytes).
    Removing stm32f10x_tim.o(i.TIM_SelectSlaveMode), (18 bytes).
    Removing stm32f10x_tim.o(i.TIM_SetAutoreload), (4 bytes).
    Removing stm32f10x_tim.o(i.TIM_SetClockDivision), (18 bytes).
    Removing stm32f10x_tim.o(i.TIM_SetCompare1), (4 bytes).
    Removing stm32f10x_tim.o(i.TIM_SetCompare2), (4 bytes).
    Removing stm32f10x_tim.o(i.TIM_SetCompare3), (4 bytes).
    Removing stm32f10x_tim.o(i.TIM_SetCompare4), (6 bytes).
    Removing stm32f10x_tim.o(i.TIM_SetCounter), (4 bytes).
    Removing stm32f10x_tim.o(i.TIM_SetIC1Prescaler), (18 bytes).
    Removing stm32f10x_tim.o(i.TIM_SetIC2Prescaler), (26 bytes).
    Removing stm32f10x_tim.o(i.TIM_SetIC3Prescaler), (18 bytes).
    Removing stm32f10x_tim.o(i.TIM_SetIC4Prescaler), (26 bytes).
    Removing stm32f10x_tim.o(i.TIM_TIxExternalClockConfig), (62 bytes).
    Removing stm32f10x_tim.o(i.TIM_TimeBaseStructInit), (18 bytes).
    Removing stm32f10x_tim.o(i.TIM_UpdateDisableConfig), (24 bytes).
    Removing stm32f10x_tim.o(i.TIM_UpdateRequestConfig), (24 bytes).
    Removing stm32f10x_usart.o(i.USART_ClockInit), (34 bytes).
    Removing stm32f10x_usart.o(i.USART_ClockStructInit), (12 bytes).
    Removing stm32f10x_usart.o(i.USART_DMACmd), (18 bytes).
    Removing stm32f10x_usart.o(i.USART_DeInit), (156 bytes).
    Removing stm32f10x_usart.o(i.USART_HalfDuplexCmd), (24 bytes).
    Removing stm32f10x_usart.o(i.USART_IrDACmd), (24 bytes).
    Removing stm32f10x_usart.o(i.USART_IrDAConfig), (18 bytes).
    Removing stm32f10x_usart.o(i.USART_LINBreakDetectLengthConfig), (18 bytes).
    Removing stm32f10x_usart.o(i.USART_LINCmd), (24 bytes).
    Removing stm32f10x_usart.o(i.USART_OneBitMethodCmd), (24 bytes).
    Removing stm32f10x_usart.o(i.USART_OverSampling8Cmd), (22 bytes).
    Removing stm32f10x_usart.o(i.USART_ReceiverWakeUpCmd), (24 bytes).
    Removing stm32f10x_usart.o(i.USART_SendBreak), (10 bytes).
    Removing stm32f10x_usart.o(i.USART_SetAddress), (18 bytes).
    Removing stm32f10x_usart.o(i.USART_SetGuardTime), (16 bytes).
    Removing stm32f10x_usart.o(i.USART_SetPrescaler), (16 bytes).
    Removing stm32f10x_usart.o(i.USART_SmartCardCmd), (24 bytes).
    Removing stm32f10x_usart.o(i.USART_SmartCardNACKCmd), (24 bytes).
    Removing stm32f10x_usart.o(i.USART_WakeUpConfig), (18 bytes).
    Removing stm32f10x_adc.o(i.ADC_AnalogWatchdogCmd), (20 bytes).
    Removing stm32f10x_adc.o(i.ADC_AnalogWatchdogSingleChannelConfig), (16 bytes).
    Removing stm32f10x_adc.o(i.ADC_AnalogWatchdogThresholdsConfig), (6 bytes).
    Removing stm32f10x_adc.o(i.ADC_AutoInjectedConvCmd), (22 bytes).
    Removing stm32f10x_adc.o(i.ADC_ClearFlag), (6 bytes).
    Removing stm32f10x_adc.o(i.ADC_ClearITPendingBit), (10 bytes).
    Removing stm32f10x_adc.o(i.ADC_DeInit), (92 bytes).
    Removing stm32f10x_adc.o(i.ADC_DiscModeChannelCountConfig), (24 bytes).
    Removing stm32f10x_adc.o(i.ADC_DiscModeCmd), (22 bytes).
    Removing stm32f10x_adc.o(i.ADC_ExternalTrigInjectedConvCmd), (22 bytes).
    Removing stm32f10x_adc.o(i.ADC_ExternalTrigInjectedConvConfig), (16 bytes).
    Removing stm32f10x_adc.o(i.ADC_GetConversionValue), (8 bytes).
    Removing stm32f10x_adc.o(i.ADC_GetDualModeConversionValue), (12 bytes).
    Removing stm32f10x_adc.o(i.ADC_GetFlagStatus), (18 bytes).
    Removing stm32f10x_adc.o(i.ADC_GetITStatus), (36 bytes).
    Removing stm32f10x_adc.o(i.ADC_GetInjectedConversionValue), (28 bytes).
    Removing stm32f10x_adc.o(i.ADC_GetSoftwareStartConvStatus), (20 bytes).
    Removing stm32f10x_adc.o(i.ADC_GetSoftwareStartInjectedConvCmdStatus), (20 bytes).
    Removing stm32f10x_adc.o(i.ADC_ITConfig), (24 bytes).
    Removing stm32f10x_adc.o(i.ADC_InjectedChannelConfig), (130 bytes).
    Removing stm32f10x_adc.o(i.ADC_InjectedDiscModeCmd), (22 bytes).
    Removing stm32f10x_adc.o(i.ADC_InjectedSequencerLengthConfig), (24 bytes).
    Removing stm32f10x_adc.o(i.ADC_SetInjectedOffset), (20 bytes).
    Removing stm32f10x_adc.o(i.ADC_SoftwareStartConvCmd), (22 bytes).
    Removing stm32f10x_adc.o(i.ADC_SoftwareStartInjectedConvCmd), (22 bytes).
    Removing stm32f10x_adc.o(i.ADC_StructInit), (18 bytes).
    Removing stm32f10x_adc.o(i.ADC_TempSensorVrefintCmd), (36 bytes).
    Removing stm32f10x_dac.o(i.DAC_DeInit), (22 bytes).
    Removing stm32f10x_dac.o(i.DAC_DualSoftwareTriggerCmd), (36 bytes).
    Removing stm32f10x_dac.o(i.DAC_GetDataOutputValue), (36 bytes).
    Removing stm32f10x_dac.o(i.DAC_SetChannel2Data), (32 bytes).
    Removing stm32f10x_dac.o(i.DAC_SetDualChannelData), (36 bytes).
    Removing stm32f10x_dac.o(i.DAC_SoftwareTriggerCmd), (44 bytes).
    Removing stm32f10x_dac.o(i.DAC_StructInit), (12 bytes).
    Removing stm32f10x_dac.o(i.DAC_WaveGenerationCmd), (40 bytes).
    Removing stm32f10x_dma.o(i.DMA_ClearFlag), (28 bytes).
    Removing stm32f10x_dma.o(i.DMA_GetCurrDataCounter), (8 bytes).
    Removing stm32f10x_dma.o(i.DMA_GetFlagStatus), (44 bytes).
    Removing stm32f10x_dma.o(i.DMA_SetCurrDataCounter), (4 bytes).
    Removing stm32f10x_dma.o(i.DMA_StructInit), (26 bytes).
    Removing systick.o(i.DelayNms), (24 bytes).
    Removing systick.o(i.DelayNus), (26 bytes).
    Removing core_cm3.o(.emb_text), (32 bytes).
    Removing system_stm32f10x.o(i.SystemCoreClockUpdate), (164 bytes).
    Removing startup_stm32f10x_hd.o(HEAP), (512 bytes).

214 unused section(s) (total 7994 bytes) removed from the image.

==============================================================================

Image Symbol Table

    Local Symbols

    Symbol Name                              Value     Ov Type        Size  Object(Section)

    ../clib/../cmprslib/zerorunl2.c          0x00000000   Number         0  __dczerorl2.o ABSOLUTE
    ../clib/microlib/init/entry.s            0x00000000   Number         0  entry8b.o ABSOLUTE
    ../clib/microlib/init/entry.s            0x00000000   Number         0  entry11b.o ABSOLUTE
    ../clib/microlib/init/entry.s            0x00000000   Number         0  entry11a.o ABSOLUTE
    ../clib/microlib/init/entry.s            0x00000000   Number         0  entry10b.o ABSOLUTE
    ../clib/microlib/init/entry.s            0x00000000   Number         0  entry10a.o ABSOLUTE
    ../clib/microlib/init/entry.s            0x00000000   Number         0  entry9b.o ABSOLUTE
    ../clib/microlib/init/entry.s            0x00000000   Number         0  entry2.o ABSOLUTE
    ../clib/microlib/init/entry.s            0x00000000   Number         0  entry.o ABSOLUTE
    ../clib/microlib/init/entry.s            0x00000000   Number         0  entry5.o ABSOLUTE
    ../clib/microlib/init/entry.s            0x00000000   Number         0  entry9a.o ABSOLUTE
    ../clib/microlib/init/entry.s            0x00000000   Number         0  entry7a.o ABSOLUTE
    ../clib/microlib/init/entry.s            0x00000000   Number         0  entry7b.o ABSOLUTE
    ../clib/microlib/init/entry.s            0x00000000   Number         0  entry8a.o ABSOLUTE
    ..\ARM\NVIC\NVIC.c                       0x00000000   Number         0  nvic.o ABSOLUTE
    ..\ARM\SysTick\SysTick.c                 0x00000000   Number         0  systick.o ABSOLUTE
    ..\ARM\System\core_cm3.c                 0x00000000   Number         0  core_cm3.o ABSOLUTE
    ..\ARM\System\startup_stm32f10x_hd.s     0x00000000   Number         0  startup_stm32f10x_hd.o ABSOLUTE
    ..\ARM\System\stm32f10x_it.c             0x00000000   Number         0  stm32f10x_it.o ABSOLUTE
    ..\ARM\System\system_stm32f10x.c         0x00000000   Number         0  system_stm32f10x.o ABSOLUTE
    ..\App\LED\LED.c                         0x00000000   Number         0  led.o ABSOLUTE
    ..\App\Main\Main.c                       0x00000000   Number         0  main.o ABSOLUTE
    ..\App\PackUnpack\PackUnpack.c           0x00000000   Number         0  packunpack.o ABSOLUTE
    ..\App\ProcHostCmd\ProcHostCmd.c         0x00000000   Number         0  prochostcmd.o ABSOLUTE
    ..\App\SendDataToHost\SendDataToHost.c   0x00000000   Number         0  senddatatohost.o ABSOLUTE
    ..\FW\src\misc.c                         0x00000000   Number         0  misc.o ABSOLUTE
    ..\FW\src\stm32f10x_adc.c                0x00000000   Number         0  stm32f10x_adc.o ABSOLUTE
    ..\FW\src\stm32f10x_dac.c                0x00000000   Number         0  stm32f10x_dac.o ABSOLUTE
    ..\FW\src\stm32f10x_dma.c                0x00000000   Number         0  stm32f10x_dma.o ABSOLUTE
    ..\FW\src\stm32f10x_flash.c              0x00000000   Number         0  stm32f10x_flash.o ABSOLUTE
    ..\FW\src\stm32f10x_gpio.c               0x00000000   Number         0  stm32f10x_gpio.o ABSOLUTE
    ..\FW\src\stm32f10x_rcc.c                0x00000000   Number         0  stm32f10x_rcc.o ABSOLUTE
    ..\FW\src\stm32f10x_tim.c                0x00000000   Number         0  stm32f10x_tim.o ABSOLUTE
    ..\FW\src\stm32f10x_usart.c              0x00000000   Number         0  stm32f10x_usart.o ABSOLUTE
    ..\HW\ADC\ADC.c                          0x00000000   Number         0  adc.o ABSOLUTE
    ..\HW\ADC\U16Queue.c                     0x00000000   Number         0  u16queue.o ABSOLUTE
    ..\HW\DAC\DAC.c                          0x00000000   Number         0  dac.o ABSOLUTE
    ..\HW\DAC\Wave.c                         0x00000000   Number         0  wave.o ABSOLUTE
    ..\HW\RCC\RCC.c                          0x00000000   Number         0  rcc.o ABSOLUTE
    ..\HW\Timer\Timer.c                      0x00000000   Number         0  timer.o ABSOLUTE
    ..\HW\UART1\Queue.c                      0x00000000   Number         0  queue.o ABSOLUTE
    ..\HW\UART1\UART1.c                      0x00000000   Number         0  uart1.o ABSOLUTE
    ..\\ARM\\System\\core_cm3.c              0x00000000   Number         0  core_cm3.o ABSOLUTE
    dc.s                                     0x00000000   Number         0  dc.o ABSOLUTE
    handlers.s                               0x00000000   Number         0  handlers.o ABSOLUTE
    init.s                                   0x00000000   Number         0  init.o ABSOLUTE
    RESET                                    0x08000000   Section      304  startup_stm32f10x_hd.o(RESET)
    .ARM.Collect$$$$00000000                 0x08000130   Section        0  entry.o(.ARM.Collect$$$$00000000)
    .ARM.Collect$$$$00000001                 0x08000130   Section        4  entry2.o(.ARM.Collect$$$$00000001)
    .ARM.Collect$$$$00000004                 0x08000134   Section        4  entry5.o(.ARM.Collect$$$$00000004)
    .ARM.Collect$$$$00000008                 0x08000138   Section        0  entry7b.o(.ARM.Collect$$$$00000008)
    .ARM.Collect$$$$0000000A                 0x08000138   Section        0  entry8b.o(.ARM.Collect$$$$0000000A)
    .ARM.Collect$$$$0000000B                 0x08000138   Section        8  entry9a.o(.ARM.Collect$$$$0000000B)
    .ARM.Collect$$$$0000000D                 0x08000140   Section        0  entry10a.o(.ARM.Collect$$$$0000000D)
    .ARM.Collect$$$$0000000F                 0x08000140   Section        0  entry11a.o(.ARM.Collect$$$$0000000F)
    .ARM.Collect$$$$00002712                 0x08000140   Section        4  entry2.o(.ARM.Collect$$$$00002712)
    __lit__00000000                          0x08000140   Data           4  entry2.o(.ARM.Collect$$$$00002712)
    .text                                    0x08000144   Section       36  startup_stm32f10x_hd.o(.text)
    .text                                    0x08000168   Section       36  init.o(.text)
    .text                                    0x0800018c   Section        0  __dczerorl2.o(.text)
    i.ADC_Cmd                                0x080001e2   Section        0  stm32f10x_adc.o(i.ADC_Cmd)
    i.ADC_DMACmd                             0x080001f8   Section        0  stm32f10x_adc.o(i.ADC_DMACmd)
    i.ADC_ExternalTrigConvCmd                0x0800020e   Section        0  stm32f10x_adc.o(i.ADC_ExternalTrigConvCmd)
    i.ADC_GetCalibrationStatus               0x08000224   Section        0  stm32f10x_adc.o(i.ADC_GetCalibrationStatus)
    i.ADC_GetResetCalibrationStatus          0x08000238   Section        0  stm32f10x_adc.o(i.ADC_GetResetCalibrationStatus)
    i.ADC_Init                               0x0800024c   Section        0  stm32f10x_adc.o(i.ADC_Init)
    i.ADC_RegularChannelConfig               0x0800029c   Section        0  stm32f10x_adc.o(i.ADC_RegularChannelConfig)
    i.ADC_ResetCalibration                   0x08000354   Section        0  stm32f10x_adc.o(i.ADC_ResetCalibration)
    i.ADC_StartCalibration                   0x0800035e   Section        0  stm32f10x_adc.o(i.ADC_StartCalibration)
    i.BusFault_Handler                       0x08000368   Section        0  stm32f10x_it.o(i.BusFault_Handler)
    i.Clr1SecFlag                            0x0800036c   Section        0  timer.o(i.Clr1SecFlag)
    i.Clr2msFlag                             0x08000378   Section        0  timer.o(i.Clr2msFlag)
    i.ConfigADC1                             0x08000384   Section        0  adc.o(i.ConfigADC1)
    ConfigADC1                               0x08000385   Thumb Code   164  adc.o(i.ConfigADC1)
    i.ConfigDAC1                             0x08000430   Section        0  dac.o(i.ConfigDAC1)
    ConfigDAC1                               0x08000431   Thumb Code    92  dac.o(i.ConfigDAC1)
    i.ConfigDMA1Ch1                          0x08000490   Section        0  adc.o(i.ConfigDMA1Ch1)
    ConfigDMA1Ch1                            0x08000491   Thumb Code    82  adc.o(i.ConfigDMA1Ch1)
    i.ConfigDMA2Ch3ForDAC1                   0x080004f0   Section        0  dac.o(i.ConfigDMA2Ch3ForDAC1)
    ConfigDMA2Ch3ForDAC1                     0x080004f1   Thumb Code   120  dac.o(i.ConfigDMA2Ch3ForDAC1)
    i.ConfigLEDGPIO                          0x08000570   Section        0  led.o(i.ConfigLEDGPIO)
    ConfigLEDGPIO                            0x08000571   Thumb Code    84  led.o(i.ConfigLEDGPIO)
    i.ConfigNVIC                             0x080005c8   Section        0  nvic.o(i.ConfigNVIC)
    ConfigNVIC                               0x080005c9   Thumb Code    12  nvic.o(i.ConfigNVIC)
    i.ConfigRCC                              0x080005d4   Section        0  rcc.o(i.ConfigRCC)
    ConfigRCC                                0x080005d5   Thumb Code   100  rcc.o(i.ConfigRCC)
    i.ConfigTimer2                           0x08000638   Section        0  timer.o(i.ConfigTimer2)
    ConfigTimer2                             0x08000639   Thumb Code    92  timer.o(i.ConfigTimer2)
    i.ConfigTimer3                           0x08000694   Section        0  adc.o(i.ConfigTimer3)
    ConfigTimer3                             0x08000695   Thumb Code    94  adc.o(i.ConfigTimer3)
    i.ConfigTimer4                           0x080006f8   Section        0  dac.o(i.ConfigTimer4)
    ConfigTimer4                             0x080006f9   Thumb Code    64  dac.o(i.ConfigTimer4)
    i.ConfigTimer5                           0x0800073c   Section        0  timer.o(i.ConfigTimer5)
    ConfigTimer5                             0x0800073d   Thumb Code    90  timer.o(i.ConfigTimer5)
    i.ConfigUART                             0x0800079c   Section        0  uart1.o(i.ConfigUART)
    ConfigUART                               0x0800079d   Thumb Code   188  uart1.o(i.ConfigUART)
    i.DAC_Cmd                                0x08000864   Section        0  stm32f10x_dac.o(i.DAC_Cmd)
    i.DAC_DMACmd                             0x0800088c   Section        0  stm32f10x_dac.o(i.DAC_DMACmd)
    i.DAC_Init                               0x080008b8   Section        0  stm32f10x_dac.o(i.DAC_Init)
    i.DAC_SetChannel1Data                    0x080008ec   Section        0  stm32f10x_dac.o(i.DAC_SetChannel1Data)
    i.DMA2_Channel3_IRQHandler               0x0800090c   Section        0  dac.o(i.DMA2_Channel3_IRQHandler)
    i.DMA_ClearITPendingBit                  0x0800094c   Section        0  stm32f10x_dma.o(i.DMA_ClearITPendingBit)
    i.DMA_Cmd                                0x08000968   Section        0  stm32f10x_dma.o(i.DMA_Cmd)
    i.DMA_DeInit                             0x08000980   Section        0  stm32f10x_dma.o(i.DMA_DeInit)
    i.DMA_GetITStatus                        0x08000acc   Section        0  stm32f10x_dma.o(i.DMA_GetITStatus)
    i.DMA_ITConfig                           0x08000af8   Section        0  stm32f10x_dma.o(i.DMA_ITConfig)
    i.DMA_Init                               0x08000b0a   Section        0  stm32f10x_dma.o(i.DMA_Init)
    i.DeQueue                                0x08000b46   Section        0  queue.o(i.DeQueue)
    i.DeU16Queue                             0x08000b8a   Section        0  u16queue.o(i.DeU16Queue)
    i.DebugMon_Handler                       0x08000bd2   Section        0  stm32f10x_it.o(i.DebugMon_Handler)
    i.EnQueue                                0x08000bd4   Section        0  queue.o(i.EnQueue)
    i.EnU16Queue                             0x08000c1c   Section        0  u16queue.o(i.EnU16Queue)
    i.EnableUARTTx                           0x08000c68   Section        0  uart1.o(i.EnableUARTTx)
    EnableUARTTx                             0x08000c69   Thumb Code    22  uart1.o(i.EnableUARTTx)
    i.FLASH_PrefetchBufferCmd                0x08000c88   Section        0  stm32f10x_flash.o(i.FLASH_PrefetchBufferCmd)
    i.FLASH_SetLatency                       0x08000ca4   Section        0  stm32f10x_flash.o(i.FLASH_SetLatency)
    i.GPIO_Init                              0x08000cbc   Section        0  stm32f10x_gpio.o(i.GPIO_Init)
    i.GPIO_ReadOutputDataBit                 0x08000dd2   Section        0  stm32f10x_gpio.o(i.GPIO_ReadOutputDataBit)
    i.GPIO_WriteBit                          0x08000de4   Section        0  stm32f10x_gpio.o(i.GPIO_WriteBit)
    i.Get1SecFlag                            0x08000df0   Section        0  timer.o(i.Get1SecFlag)
    i.Get2msFlag                             0x08000dfc   Section        0  timer.o(i.Get2msFlag)
    i.GetRectWave100PointAddr                0x08000e08   Section        0  wave.o(i.GetRectWave100PointAddr)
    i.GetSineWave100PointAddr                0x08000e10   Section        0  wave.o(i.GetSineWave100PointAddr)
    i.GetTriWave100PointAddr                 0x08000e18   Section        0  wave.o(i.GetTriWave100PointAddr)
    i.GetUnPackRslt                          0x08000e20   Section        0  packunpack.o(i.GetUnPackRslt)
    i.HardFault_Handler                      0x08000e34   Section        0  stm32f10x_it.o(i.HardFault_Handler)
    i.InitADC                                0x08000e38   Section        0  adc.o(i.InitADC)
    i.InitDAC                                0x08000e64   Section        0  dac.o(i.InitDAC)
    i.InitHardware                           0x08000e8c   Section        0  main.o(i.InitHardware)
    InitHardware                             0x08000e8d   Thumb Code    44  main.o(i.InitHardware)
    i.InitLED                                0x08000eb8   Section        0  led.o(i.InitLED)
    i.InitNVIC                               0x08000ec0   Section        0  nvic.o(i.InitNVIC)
    i.InitPackUnpack                         0x08000ec8   Section        0  packunpack.o(i.InitPackUnpack)
    i.InitProcHostCmd                        0x08000f0c   Section        0  prochostcmd.o(i.InitProcHostCmd)
    i.InitQueue                              0x08000f0e   Section        0  queue.o(i.InitQueue)
    i.InitRCC                                0x08000f32   Section        0  rcc.o(i.InitRCC)
    i.InitSendDataToHost                     0x08000f3a   Section        0  senddatatohost.o(i.InitSendDataToHost)
    i.InitSoftware                           0x08000f3c   Section        0  main.o(i.InitSoftware)
    InitSoftware                             0x08000f3d   Thumb Code    16  main.o(i.InitSoftware)
    i.InitSysTick                            0x08000f4c   Section        0  systick.o(i.InitSysTick)
    i.InitTimer                              0x08000fb4   Section        0  timer.o(i.InitTimer)
    i.InitU16Queue                           0x08000fcc   Section        0  u16queue.o(i.InitU16Queue)
    i.InitUART1                              0x08000ff2   Section        0  uart1.o(i.InitUART1)
    i.InitUARTBuf                            0x08001004   Section        0  uart1.o(i.InitUARTBuf)
    InitUARTBuf                              0x08001005   Thumb Code    46  uart1.o(i.InitUARTBuf)
    i.LEDFlicker                             0x08001044   Section        0  led.o(i.LEDFlicker)
    i.MemManage_Handler                      0x08001098   Section        0  stm32f10x_it.o(i.MemManage_Handler)
    i.NMI_Handler                            0x0800109c   Section        0  stm32f10x_it.o(i.NMI_Handler)
    i.NVIC_ClearPendingIRQ                   0x080010a0   Section        0  uart1.o(i.NVIC_ClearPendingIRQ)
    NVIC_ClearPendingIRQ                     0x080010a1   Thumb Code    18  uart1.o(i.NVIC_ClearPendingIRQ)
    i.NVIC_Init                              0x080010b8   Section        0  misc.o(i.NVIC_Init)
    i.NVIC_PriorityGroupConfig               0x08001128   Section        0  misc.o(i.NVIC_PriorityGroupConfig)
    i.OnGenWave                              0x0800113c   Section        0  prochostcmd.o(i.OnGenWave)
    OnGenWave                                0x0800113d   Thumb Code    58  prochostcmd.o(i.OnGenWave)
    i.PackData                               0x08001176   Section        0  packunpack.o(i.PackData)
    i.PackWithCheckSum                       0x0800118e   Section        0  packunpack.o(i.PackWithCheckSum)
    PackWithCheckSum                         0x0800118f   Thumb Code    62  packunpack.o(i.PackWithCheckSum)
    i.PendSV_Handler                         0x080011cc   Section        0  stm32f10x_it.o(i.PendSV_Handler)
    i.Proc1SecTask                           0x080011ce   Section        0  main.o(i.Proc1SecTask)
    Proc1SecTask                             0x080011cf   Thumb Code    14  main.o(i.Proc1SecTask)
    i.Proc2msTask                            0x080011dc   Section        0  main.o(i.Proc2msTask)
    Proc2msTask                              0x080011dd   Thumb Code   126  main.o(i.Proc2msTask)
    i.ProcHostCmd                            0x08001268   Section        0  prochostcmd.o(i.ProcHostCmd)
    i.QueueEmpty                             0x080012ae   Section        0  queue.o(i.QueueEmpty)
    i.RCC_ADCCLKConfig                       0x080012bc   Section        0  stm32f10x_rcc.o(i.RCC_ADCCLKConfig)
    i.RCC_AHBPeriphClockCmd                  0x080012d4   Section        0  stm32f10x_rcc.o(i.RCC_AHBPeriphClockCmd)
    i.RCC_APB1PeriphClockCmd                 0x080012f4   Section        0  stm32f10x_rcc.o(i.RCC_APB1PeriphClockCmd)
    i.RCC_APB1PeriphResetCmd                 0x08001314   Section        0  stm32f10x_rcc.o(i.RCC_APB1PeriphResetCmd)
    i.RCC_APB2PeriphClockCmd                 0x08001334   Section        0  stm32f10x_rcc.o(i.RCC_APB2PeriphClockCmd)
    i.RCC_APB2PeriphResetCmd                 0x08001354   Section        0  stm32f10x_rcc.o(i.RCC_APB2PeriphResetCmd)
    i.RCC_DeInit                             0x08001374   Section        0  stm32f10x_rcc.o(i.RCC_DeInit)
    i.RCC_GetClocksFreq                      0x080013c0   Section        0  stm32f10x_rcc.o(i.RCC_GetClocksFreq)
    i.RCC_GetFlagStatus                      0x08001494   Section        0  stm32f10x_rcc.o(i.RCC_GetFlagStatus)
    i.RCC_GetSYSCLKSource                    0x080014d0   Section        0  stm32f10x_rcc.o(i.RCC_GetSYSCLKSource)
    i.RCC_HCLKConfig                         0x080014e0   Section        0  stm32f10x_rcc.o(i.RCC_HCLKConfig)
    i.RCC_HSEConfig                          0x080014f8   Section        0  stm32f10x_rcc.o(i.RCC_HSEConfig)
    i.RCC_PCLK1Config                        0x08001544   Section        0  stm32f10x_rcc.o(i.RCC_PCLK1Config)
    i.RCC_PCLK2Config                        0x0800155c   Section        0  stm32f10x_rcc.o(i.RCC_PCLK2Config)
    i.RCC_PLLCmd                             0x08001574   Section        0  stm32f10x_rcc.o(i.RCC_PLLCmd)
    i.RCC_PLLConfig                          0x08001580   Section        0  stm32f10x_rcc.o(i.RCC_PLLConfig)
    i.RCC_SYSCLKConfig                       0x0800159c   Section        0  stm32f10x_rcc.o(i.RCC_SYSCLKConfig)
    i.RCC_WaitForHSEStartUp                  0x080015b4   Section        0  stm32f10x_rcc.o(i.RCC_WaitForHSEStartUp)
    i.ReadADCBuf                             0x080015ec   Section        0  adc.o(i.ReadADCBuf)
    i.ReadSendBuf                            0x08001608   Section        0  uart1.o(i.ReadSendBuf)
    ReadSendBuf                              0x08001609   Thumb Code    22  uart1.o(i.ReadSendBuf)
    i.ReadUART1                              0x08001624   Section        0  uart1.o(i.ReadUART1)
    i.SVC_Handler                            0x08001640   Section        0  stm32f10x_it.o(i.SVC_Handler)
    i.SendAckPack                            0x08001642   Section        0  senddatatohost.o(i.SendAckPack)
    i.SendPackToHost                         0x08001678   Section        0  senddatatohost.o(i.SendPackToHost)
    SendPackToHost                           0x08001679   Thumb Code    26  senddatatohost.o(i.SendPackToHost)
    i.SendWaveToHost                         0x08001692   Section        0  senddatatohost.o(i.SendWaveToHost)
    i.SetDACWave                             0x080016d0   Section        0  dac.o(i.SetDACWave)
    i.SetSysClock                            0x080016e0   Section        0  system_stm32f10x.o(i.SetSysClock)
    SetSysClock                              0x080016e1   Thumb Code     8  system_stm32f10x.o(i.SetSysClock)
    i.SetSysClockTo72                        0x080016e8   Section        0  system_stm32f10x.o(i.SetSysClockTo72)
    SetSysClockTo72                          0x080016e9   Thumb Code   214  system_stm32f10x.o(i.SetSysClockTo72)
    i.SysTick_Handler                        0x080017c8   Section        0  systick.o(i.SysTick_Handler)
    i.SystemInit                             0x080017d0   Section        0  system_stm32f10x.o(i.SystemInit)
    i.TIM2_IRQHandler                        0x08001830   Section        0  timer.o(i.TIM2_IRQHandler)
    i.TIM3_IRQHandler                        0x0800186c   Section        0  adc.o(i.TIM3_IRQHandler)
    i.TIM5_IRQHandler                        0x08001894   Section        0  timer.o(i.TIM5_IRQHandler)
    i.TIM_ClearITPendingBit                  0x080018d8   Section        0  stm32f10x_tim.o(i.TIM_ClearITPendingBit)
    i.TIM_Cmd                                0x080018de   Section        0  stm32f10x_tim.o(i.TIM_Cmd)
    i.TIM_DeInit                             0x080018f8   Section        0  stm32f10x_tim.o(i.TIM_DeInit)
    i.TIM_GetITStatus                        0x08001ae0   Section        0  stm32f10x_tim.o(i.TIM_GetITStatus)
    i.TIM_ITConfig                           0x08001b02   Section        0  stm32f10x_tim.o(i.TIM_ITConfig)
    i.TIM_SelectOutputTrigger                0x08001b14   Section        0  stm32f10x_tim.o(i.TIM_SelectOutputTrigger)
    i.TIM_TimeBaseInit                       0x08001b28   Section        0  stm32f10x_tim.o(i.TIM_TimeBaseInit)
    i.TimDelayDec                            0x08001bcc   Section        0  systick.o(i.TimDelayDec)
    TimDelayDec                              0x08001bcd   Thumb Code    18  systick.o(i.TimDelayDec)
    i.USART1_IRQHandler                      0x08001be4   Section        0  uart1.o(i.USART1_IRQHandler)
    i.USART_ClearFlag                        0x08001c7c   Section        0  stm32f10x_usart.o(i.USART_ClearFlag)
    i.USART_ClearITPendingBit                0x08001c8e   Section        0  stm32f10x_usart.o(i.USART_ClearITPendingBit)
    i.USART_Cmd                              0x08001cac   Section        0  stm32f10x_usart.o(i.USART_Cmd)
    i.USART_GetFlagStatus                    0x08001cc4   Section        0  stm32f10x_usart.o(i.USART_GetFlagStatus)
    i.USART_GetITStatus                      0x08001cde   Section        0  stm32f10x_usart.o(i.USART_GetITStatus)
    i.USART_ITConfig                         0x08001d32   Section        0  stm32f10x_usart.o(i.USART_ITConfig)
    i.USART_Init                             0x08001d7c   Section        0  stm32f10x_usart.o(i.USART_Init)
    i.USART_ReceiveData                      0x08001e54   Section        0  stm32f10x_usart.o(i.USART_ReceiveData)
    i.USART_SendData                         0x08001e5e   Section        0  stm32f10x_usart.o(i.USART_SendData)
    i.USART_StructInit                       0x08001e66   Section        0  stm32f10x_usart.o(i.USART_StructInit)
    i.UnPackData                             0x08001e80   Section        0  packunpack.o(i.UnPackData)
    i.UnpackWithCheckSum                     0x08001f04   Section        0  packunpack.o(i.UnpackWithCheckSum)
    UnpackWithCheckSum                       0x08001f05   Thumb Code    66  packunpack.o(i.UnpackWithCheckSum)
    i.UsageFault_Handler                     0x08001f46   Section        0  stm32f10x_it.o(i.UsageFault_Handler)
    i.WriteADCBuf                            0x08001f4c   Section        0  adc.o(i.WriteADCBuf)
    i.WriteReceiveBuf                        0x08001f64   Section        0  uart1.o(i.WriteReceiveBuf)
    WriteReceiveBuf                          0x08001f65   Thumb Code    20  uart1.o(i.WriteReceiveBuf)
    i.WriteUART1                             0x08001f7c   Section        0  uart1.o(i.WriteUART1)
    i.__scatterload_copy                     0x08001fac   Section       14  handlers.o(i.__scatterload_copy)
    i.__scatterload_null                     0x08001fba   Section        2  handlers.o(i.__scatterload_null)
    i.__scatterload_zeroinit                 0x08001fbc   Section       14  handlers.o(i.__scatterload_zeroinit)
    i.main                                   0x08001fca   Section        0  main.o(i.main)
    .data                                    0x20000000   Section        7  main.o(.data)
    s_iCnt4                                  0x20000000   Data           1  main.o(.data)
    s_iPointCnt                              0x20000001   Data           1  main.o(.data)
    s_arrWaveData                            0x20000002   Data           5  main.o(.data)
    .data                                    0x20000008   Section        2  led.o(.data)
    s_iCnt                                   0x20000008   Data           2  led.o(.data)
    .data                                    0x2000000a   Section        3  packunpack.o(.data)
    s_iPackLen                               0x2000000a   Data           1  packunpack.o(.data)
    s_iGotPackId                             0x2000000b   Data           1  packunpack.o(.data)
    s_iRestByteNum                           0x2000000c   Data           1  packunpack.o(.data)
    .data                                    0x2000000e   Section        6  timer.o(.data)
    s_i2msFlag                               0x2000000e   Data           1  timer.o(.data)
    s_i1secFlag                              0x2000000f   Data           1  timer.o(.data)
    s_iCnt2                                  0x20000010   Data           2  timer.o(.data)
    s_iCnt1000                               0x20000012   Data           2  timer.o(.data)
    .data                                    0x20000014   Section        1  uart1.o(.data)
    s_iUARTTxSts                             0x20000014   Data           1  uart1.o(.data)
    .data                                    0x20000018   Section        8  dac.o(.data)
    s_strDAC1WaveBuf                         0x20000018   Data           8  dac.o(.data)
    .data                                    0x20000020   Section      600  wave.o(.data)
    s_arrSineWave100Point                    0x20000020   Data         200  wave.o(.data)
    s_arrRectWave100Point                    0x200000e8   Data         200  wave.o(.data)
    s_arrTriWave100Point                     0x200001b0   Data         200  wave.o(.data)
    .data                                    0x20000278   Section        2  adc.o(.data)
    s_arrADC1Data                            0x20000278   Data           2  adc.o(.data)
    .data                                    0x2000027a   Section       20  stm32f10x_rcc.o(.data)
    APBAHBPrescTable                         0x2000027a   Data          16  stm32f10x_rcc.o(.data)
    ADCPrescTable                            0x2000028a   Data           4  stm32f10x_rcc.o(.data)
    .data                                    0x20000290   Section        4  systick.o(.data)
    s_iTimDelayCnt                           0x20000290   Data           4  systick.o(.data)
    .data                                    0x20000294   Section       20  system_stm32f10x.o(.data)
    .bss                                     0x200002a8   Section       10  packunpack.o(.bss)
    s_ptPack                                 0x200002a8   Data          10  packunpack.o(.bss)
    .bss                                     0x200002b4   Section      224  uart1.o(.bss)
    s_structUARTSendCirQue                   0x200002b4   Data          12  uart1.o(.bss)
    s_structUARTRecCirQue                    0x200002c0   Data          12  uart1.o(.bss)
    s_arrSendBuf                             0x200002cc   Data         100  uart1.o(.bss)
    s_arrRecBuf                              0x20000330   Data         100  uart1.o(.bss)
    .bss                                     0x20000394   Section      212  adc.o(.bss)
    s_structADCCirQue                        0x20000394   Data          12  adc.o(.bss)
    s_arrADCBuf                              0x200003a0   Data         200  adc.o(.bss)
    STACK                                    0x20000468   Section     1024  startup_stm32f10x_hd.o(STACK)

    Global Symbols

    Symbol Name                              Value     Ov Type        Size  Object(Section)

    BuildAttributes$$THM_ISAv4$P$D$K$B$S$PE$A:L22UL41UL21$X:L11$S22US41US21$IEEE1$IW$USESV6$~STKCKD$USESV7$~SHL$OSPACE$EBA8$MICROLIB$REQ8$PRES8$EABIv2 0x00000000   Number         0  anon$$obj.o ABSOLUTE
    __ARM_use_no_argv                        0x00000000   Number         0  main.o ABSOLUTE
    __cpp_initialize__aeabi_                  - Undefined Weak Reference
    __cxa_finalize                            - Undefined Weak Reference
    _clock_init                               - Undefined Weak Reference
    _microlib_exit                            - Undefined Weak Reference
    __Vectors_Size                           0x00000130   Number         0  startup_stm32f10x_hd.o ABSOLUTE
    __Vectors                                0x08000000   Data           4  startup_stm32f10x_hd.o(RESET)
    __Vectors_End                            0x08000130   Data           0  startup_stm32f10x_hd.o(RESET)
    __main                                   0x08000131   Thumb Code     0  entry.o(.ARM.Collect$$$$00000000)
    _main_stk                                0x08000131   Thumb Code     0  entry2.o(.ARM.Collect$$$$00000001)
    _main_scatterload                        0x08000135   Thumb Code     0  entry5.o(.ARM.Collect$$$$00000004)
    __main_after_scatterload                 0x08000139   Thumb Code     0  entry5.o(.ARM.Collect$$$$00000004)
    _main_clock                              0x08000139   Thumb Code     0  entry7b.o(.ARM.Collect$$$$00000008)
    _main_cpp_init                           0x08000139   Thumb Code     0  entry8b.o(.ARM.Collect$$$$0000000A)
    _main_init                               0x08000139   Thumb Code     0  entry9a.o(.ARM.Collect$$$$0000000B)
    __rt_final_cpp                           0x08000141   Thumb Code     0  entry10a.o(.ARM.Collect$$$$0000000D)
    __rt_final_exit                          0x08000141   Thumb Code     0  entry11a.o(.ARM.Collect$$$$0000000F)
    Reset_Handler                            0x08000145   Thumb Code     8  startup_stm32f10x_hd.o(.text)
    ADC1_2_IRQHandler                        0x0800015f   Thumb Code     0  startup_stm32f10x_hd.o(.text)
    ADC3_IRQHandler                          0x0800015f   Thumb Code     0  startup_stm32f10x_hd.o(.text)
    CAN1_RX1_IRQHandler                      0x0800015f   Thumb Code     0  startup_stm32f10x_hd.o(.text)
    CAN1_SCE_IRQHandler                      0x0800015f   Thumb Code     0  startup_stm32f10x_hd.o(.text)
    DMA1_Channel1_IRQHandler                 0x0800015f   Thumb Code     0  startup_stm32f10x_hd.o(.text)
    DMA1_Channel2_IRQHandler                 0x0800015f   Thumb Code     0  startup_stm32f10x_hd.o(.text)
    DMA1_Channel3_IRQHandler                 0x0800015f   Thumb Code     0  startup_stm32f10x_hd.o(.text)
    DMA1_Channel4_IRQHandler                 0x0800015f   Thumb Code     0  startup_stm32f10x_hd.o(.text)
    DMA1_Channel5_IRQHandler                 0x0800015f   Thumb Code     0  startup_stm32f10x_hd.o(.text)
    DMA1_Channel6_IRQHandler                 0x0800015f   Thumb Code     0  startup_stm32f10x_hd.o(.text)
    DMA1_Channel7_IRQHandler                 0x0800015f   Thumb Code     0  startup_stm32f10x_hd.o(.text)
    DMA2_Channel1_IRQHandler                 0x0800015f   Thumb Code     0  startup_stm32f10x_hd.o(.text)
    DMA2_Channel2_IRQHandler                 0x0800015f   Thumb Code     0  startup_stm32f10x_hd.o(.text)
    DMA2_Channel4_5_IRQHandler               0x0800015f   Thumb Code     0  startup_stm32f10x_hd.o(.text)
    EXTI0_IRQHandler                         0x0800015f   Thumb Code     0  startup_stm32f10x_hd.o(.text)
    EXTI15_10_IRQHandler                     0x0800015f   Thumb Code     0  startup_stm32f10x_hd.o(.text)
    EXTI1_IRQHandler                         0x0800015f   Thumb Code     0  startup_stm32f10x_hd.o(.text)
    EXTI2_IRQHandler                         0x0800015f   Thumb Code     0  startup_stm32f10x_hd.o(.text)
    EXTI3_IRQHandler                         0x0800015f   Thumb Code     0  startup_stm32f10x_hd.o(.text)
    EXTI4_IRQHandler                         0x0800015f   Thumb Code     0  startup_stm32f10x_hd.o(.text)
    EXTI9_5_IRQHandler                       0x0800015f   Thumb Code     0  startup_stm32f10x_hd.o(.text)
    FLASH_IRQHandler                         0x0800015f   Thumb Code     0  startup_stm32f10x_hd.o(.text)
    FSMC_IRQHandler                          0x0800015f   Thumb Code     0  startup_stm32f10x_hd.o(.text)
    I2C1_ER_IRQHandler                       0x0800015f   Thumb Code     0  startup_stm32f10x_hd.o(.text)
    I2C1_EV_IRQHandler                       0x0800015f   Thumb Code     0  startup_stm32f10x_hd.o(.text)
    I2C2_ER_IRQHandler                       0x0800015f   Thumb Code     0  startup_stm32f10x_hd.o(.text)
    I2C2_EV_IRQHandler                       0x0800015f   Thumb Code     0  startup_stm32f10x_hd.o(.text)
    PVD_IRQHandler                           0x0800015f   Thumb Code     0  startup_stm32f10x_hd.o(.text)
    RCC_IRQHandler                           0x0800015f   Thumb Code     0  startup_stm32f10x_hd.o(.text)
    RTCAlarm_IRQHandler                      0x0800015f   Thumb Code     0  startup_stm32f10x_hd.o(.text)
    RTC_IRQHandler                           0x0800015f   Thumb Code     0  startup_stm32f10x_hd.o(.text)
    SDIO_IRQHandler                          0x0800015f   Thumb Code     0  startup_stm32f10x_hd.o(.text)
    SPI1_IRQHandler                          0x0800015f   Thumb Code     0  startup_stm32f10x_hd.o(.text)
    SPI2_IRQHandler                          0x0800015f   Thumb Code     0  startup_stm32f10x_hd.o(.text)
    SPI3_IRQHandler                          0x0800015f   Thumb Code     0  startup_stm32f10x_hd.o(.text)
    TAMPER_IRQHandler                        0x0800015f   Thumb Code     0  startup_stm32f10x_hd.o(.text)
    TIM1_BRK_IRQHandler                      0x0800015f   Thumb Code     0  startup_stm32f10x_hd.o(.text)
    TIM1_CC_IRQHandler                       0x0800015f   Thumb Code     0  startup_stm32f10x_hd.o(.text)
    TIM1_TRG_COM_IRQHandler                  0x0800015f   Thumb Code     0  startup_stm32f10x_hd.o(.text)
    TIM1_UP_IRQHandler                       0x0800015f   Thumb Code     0  startup_stm32f10x_hd.o(.text)
    TIM4_IRQHandler                          0x0800015f   Thumb Code     0  startup_stm32f10x_hd.o(.text)
    TIM6_IRQHandler                          0x0800015f   Thumb Code     0  startup_stm32f10x_hd.o(.text)
    TIM7_IRQHandler                          0x0800015f   Thumb Code     0  startup_stm32f10x_hd.o(.text)
    TIM8_BRK_IRQHandler                      0x0800015f   Thumb Code     0  startup_stm32f10x_hd.o(.text)
    TIM8_CC_IRQHandler                       0x0800015f   Thumb Code     0  startup_stm32f10x_hd.o(.text)
    TIM8_TRG_COM_IRQHandler                  0x0800015f   Thumb Code     0  startup_stm32f10x_hd.o(.text)
    TIM8_UP_IRQHandler                       0x0800015f   Thumb Code     0  startup_stm32f10x_hd.o(.text)
    UART4_IRQHandler                         0x0800015f   Thumb Code     0  startup_stm32f10x_hd.o(.text)
    UART5_IRQHandler                         0x0800015f   Thumb Code     0  startup_stm32f10x_hd.o(.text)
    USART2_IRQHandler                        0x0800015f   Thumb Code     0  startup_stm32f10x_hd.o(.text)
    USART3_IRQHandler                        0x0800015f   Thumb Code     0  startup_stm32f10x_hd.o(.text)
    USBWakeUp_IRQHandler                     0x0800015f   Thumb Code     0  startup_stm32f10x_hd.o(.text)
    USB_HP_CAN1_TX_IRQHandler                0x0800015f   Thumb Code     0  startup_stm32f10x_hd.o(.text)
    USB_LP_CAN1_RX0_IRQHandler               0x0800015f   Thumb Code     0  startup_stm32f10x_hd.o(.text)
    WWDG_IRQHandler                          0x0800015f   Thumb Code     0  startup_stm32f10x_hd.o(.text)
    __scatterload                            0x08000169   Thumb Code    28  init.o(.text)
    __scatterload_rt2                        0x08000169   Thumb Code     0  init.o(.text)
    __decompress                             0x0800018d   Thumb Code     0  __dczerorl2.o(.text)
    __decompress1                            0x0800018d   Thumb Code    86  __dczerorl2.o(.text)
    ADC_Cmd                                  0x080001e3   Thumb Code    22  stm32f10x_adc.o(i.ADC_Cmd)
    ADC_DMACmd                               0x080001f9   Thumb Code    22  stm32f10x_adc.o(i.ADC_DMACmd)
    ADC_ExternalTrigConvCmd                  0x0800020f   Thumb Code    22  stm32f10x_adc.o(i.ADC_ExternalTrigConvCmd)
    ADC_GetCalibrationStatus                 0x08000225   Thumb Code    20  stm32f10x_adc.o(i.ADC_GetCalibrationStatus)
    ADC_GetResetCalibrationStatus            0x08000239   Thumb Code    20  stm32f10x_adc.o(i.ADC_GetResetCalibrationStatus)
    ADC_Init                                 0x0800024d   Thumb Code    70  stm32f10x_adc.o(i.ADC_Init)
    ADC_RegularChannelConfig                 0x0800029d   Thumb Code   184  stm32f10x_adc.o(i.ADC_RegularChannelConfig)
    ADC_ResetCalibration                     0x08000355   Thumb Code    10  stm32f10x_adc.o(i.ADC_ResetCalibration)
    ADC_StartCalibration                     0x0800035f   Thumb Code    10  stm32f10x_adc.o(i.ADC_StartCalibration)
    BusFault_Handler                         0x08000369   Thumb Code     4  stm32f10x_it.o(i.BusFault_Handler)
    Clr1SecFlag                              0x0800036d   Thumb Code     8  timer.o(i.Clr1SecFlag)
    Clr2msFlag                               0x08000379   Thumb Code     8  timer.o(i.Clr2msFlag)
    DAC_Cmd                                  0x08000865   Thumb Code    34  stm32f10x_dac.o(i.DAC_Cmd)
    DAC_DMACmd                               0x0800088d   Thumb Code    38  stm32f10x_dac.o(i.DAC_DMACmd)
    DAC_Init                                 0x080008b9   Thumb Code    46  stm32f10x_dac.o(i.DAC_Init)
    DAC_SetChannel1Data                      0x080008ed   Thumb Code    26  stm32f10x_dac.o(i.DAC_SetChannel1Data)
    DMA2_Channel3_IRQHandler                 0x0800090d   Thumb Code    46  dac.o(i.DMA2_Channel3_IRQHandler)
    DMA_ClearITPendingBit                    0x0800094d   Thumb Code    18  stm32f10x_dma.o(i.DMA_ClearITPendingBit)
    DMA_Cmd                                  0x08000969   Thumb Code    24  stm32f10x_dma.o(i.DMA_Cmd)
    DMA_DeInit                               0x08000981   Thumb Code   324  stm32f10x_dma.o(i.DMA_DeInit)
    DMA_GetITStatus                          0x08000acd   Thumb Code    36  stm32f10x_dma.o(i.DMA_GetITStatus)
    DMA_ITConfig                             0x08000af9   Thumb Code    18  stm32f10x_dma.o(i.DMA_ITConfig)
    DMA_Init                                 0x08000b0b   Thumb Code    60  stm32f10x_dma.o(i.DMA_Init)
    DeQueue                                  0x08000b47   Thumb Code    68  queue.o(i.DeQueue)
    DeU16Queue                               0x08000b8b   Thumb Code    72  u16queue.o(i.DeU16Queue)
    DebugMon_Handler                         0x08000bd3   Thumb Code     2  stm32f10x_it.o(i.DebugMon_Handler)
    EnQueue                                  0x08000bd5   Thumb Code    72  queue.o(i.EnQueue)
    EnU16Queue                               0x08000c1d   Thumb Code    76  u16queue.o(i.EnU16Queue)
    FLASH_PrefetchBufferCmd                  0x08000c89   Thumb Code    22  stm32f10x_flash.o(i.FLASH_PrefetchBufferCmd)
    FLASH_SetLatency                         0x08000ca5   Thumb Code    18  stm32f10x_flash.o(i.FLASH_SetLatency)
    GPIO_Init                                0x08000cbd   Thumb Code   278  stm32f10x_gpio.o(i.GPIO_Init)
    GPIO_ReadOutputDataBit                   0x08000dd3   Thumb Code    18  stm32f10x_gpio.o(i.GPIO_ReadOutputDataBit)
    GPIO_WriteBit                            0x08000de5   Thumb Code    10  stm32f10x_gpio.o(i.GPIO_WriteBit)
    Get1SecFlag                              0x08000df1   Thumb Code     6  timer.o(i.Get1SecFlag)
    Get2msFlag                               0x08000dfd   Thumb Code     6  timer.o(i.Get2msFlag)
    GetRectWave100PointAddr                  0x08000e09   Thumb Code     4  wave.o(i.GetRectWave100PointAddr)
    GetSineWave100PointAddr                  0x08000e11   Thumb Code     4  wave.o(i.GetSineWave100PointAddr)
    GetTriWave100PointAddr                   0x08000e19   Thumb Code     4  wave.o(i.GetTriWave100PointAddr)
    GetUnPackRslt                            0x08000e21   Thumb Code    16  packunpack.o(i.GetUnPackRslt)
    HardFault_Handler                        0x08000e35   Thumb Code     4  stm32f10x_it.o(i.HardFault_Handler)
    InitADC                                  0x08000e39   Thumb Code    34  adc.o(i.InitADC)
    InitDAC                                  0x08000e65   Thumb Code    36  dac.o(i.InitDAC)
    InitLED                                  0x08000eb9   Thumb Code     8  led.o(i.InitLED)
    InitNVIC                                 0x08000ec1   Thumb Code     8  nvic.o(i.InitNVIC)
    InitPackUnpack                           0x08000ec9   Thumb Code    50  packunpack.o(i.InitPackUnpack)
    InitProcHostCmd                          0x08000f0d   Thumb Code     2  prochostcmd.o(i.InitProcHostCmd)
    InitQueue                                0x08000f0f   Thumb Code    36  queue.o(i.InitQueue)
    InitRCC                                  0x08000f33   Thumb Code     8  rcc.o(i.InitRCC)
    InitSendDataToHost                       0x08000f3b   Thumb Code     2  senddatatohost.o(i.InitSendDataToHost)
    InitSysTick                              0x08000f4d   Thumb Code    92  systick.o(i.InitSysTick)
    InitTimer                                0x08000fb5   Thumb Code    24  timer.o(i.InitTimer)
    InitU16Queue                             0x08000fcd   Thumb Code    38  u16queue.o(i.InitU16Queue)
    InitUART1                                0x08000ff3   Thumb Code    16  uart1.o(i.InitUART1)
    LEDFlicker                               0x08001045   Thumb Code    76  led.o(i.LEDFlicker)
    MemManage_Handler                        0x08001099   Thumb Code     4  stm32f10x_it.o(i.MemManage_Handler)
    NMI_Handler                              0x0800109d   Thumb Code     2  stm32f10x_it.o(i.NMI_Handler)
    NVIC_Init                                0x080010b9   Thumb Code   100  misc.o(i.NVIC_Init)
    NVIC_PriorityGroupConfig                 0x08001129   Thumb Code    10  misc.o(i.NVIC_PriorityGroupConfig)
    PackData                                 0x08001177   Thumb Code    24  packunpack.o(i.PackData)
    PendSV_Handler                           0x080011cd   Thumb Code     2  stm32f10x_it.o(i.PendSV_Handler)
    ProcHostCmd                              0x08001269   Thumb Code    70  prochostcmd.o(i.ProcHostCmd)
    QueueEmpty                               0x080012af   Thumb Code    14  queue.o(i.QueueEmpty)
    RCC_ADCCLKConfig                         0x080012bd   Thumb Code    18  stm32f10x_rcc.o(i.RCC_ADCCLKConfig)
    RCC_AHBPeriphClockCmd                    0x080012d5   Thumb Code    26  stm32f10x_rcc.o(i.RCC_AHBPeriphClockCmd)
    RCC_APB1PeriphClockCmd                   0x080012f5   Thumb Code    26  stm32f10x_rcc.o(i.RCC_APB1PeriphClockCmd)
    RCC_APB1PeriphResetCmd                   0x08001315   Thumb Code    26  stm32f10x_rcc.o(i.RCC_APB1PeriphResetCmd)
    RCC_APB2PeriphClockCmd                   0x08001335   Thumb Code    26  stm32f10x_rcc.o(i.RCC_APB2PeriphClockCmd)
    RCC_APB2PeriphResetCmd                   0x08001355   Thumb Code    26  stm32f10x_rcc.o(i.RCC_APB2PeriphResetCmd)
    RCC_DeInit                               0x08001375   Thumb Code    64  stm32f10x_rcc.o(i.RCC_DeInit)
    RCC_GetClocksFreq                        0x080013c1   Thumb Code   192  stm32f10x_rcc.o(i.RCC_GetClocksFreq)
    RCC_GetFlagStatus                        0x08001495   Thumb Code    56  stm32f10x_rcc.o(i.RCC_GetFlagStatus)
    RCC_GetSYSCLKSource                      0x080014d1   Thumb Code    10  stm32f10x_rcc.o(i.RCC_GetSYSCLKSource)
    RCC_HCLKConfig                           0x080014e1   Thumb Code    18  stm32f10x_rcc.o(i.RCC_HCLKConfig)
    RCC_HSEConfig                            0x080014f9   Thumb Code    70  stm32f10x_rcc.o(i.RCC_HSEConfig)
    RCC_PCLK1Config                          0x08001545   Thumb Code    18  stm32f10x_rcc.o(i.RCC_PCLK1Config)
    RCC_PCLK2Config                          0x0800155d   Thumb Code    20  stm32f10x_rcc.o(i.RCC_PCLK2Config)
    RCC_PLLCmd                               0x08001575   Thumb Code     6  stm32f10x_rcc.o(i.RCC_PLLCmd)
    RCC_PLLConfig                            0x08001581   Thumb Code    24  stm32f10x_rcc.o(i.RCC_PLLConfig)
    RCC_SYSCLKConfig                         0x0800159d   Thumb Code    18  stm32f10x_rcc.o(i.RCC_SYSCLKConfig)
    RCC_WaitForHSEStartUp                    0x080015b5   Thumb Code    56  stm32f10x_rcc.o(i.RCC_WaitForHSEStartUp)
    ReadADCBuf                               0x080015ed   Thumb Code    22  adc.o(i.ReadADCBuf)
    ReadUART1                                0x08001625   Thumb Code    24  uart1.o(i.ReadUART1)
    SVC_Handler                              0x08001641   Thumb Code     2  stm32f10x_it.o(i.SVC_Handler)
    SendAckPack                              0x08001643   Thumb Code    54  senddatatohost.o(i.SendAckPack)
    SendWaveToHost                           0x08001693   Thumb Code    60  senddatatohost.o(i.SendWaveToHost)
    SetDACWave                               0x080016d1   Thumb Code    12  dac.o(i.SetDACWave)
    SysTick_Handler                          0x080017c9   Thumb Code     8  systick.o(i.SysTick_Handler)
    SystemInit                               0x080017d1   Thumb Code    78  system_stm32f10x.o(i.SystemInit)
    TIM2_IRQHandler                          0x08001831   Thumb Code    52  timer.o(i.TIM2_IRQHandler)
    TIM3_IRQHandler                          0x0800186d   Thumb Code    30  adc.o(i.TIM3_IRQHandler)
    TIM5_IRQHandler                          0x08001895   Thumb Code    54  timer.o(i.TIM5_IRQHandler)
    TIM_ClearITPendingBit                    0x080018d9   Thumb Code     6  stm32f10x_tim.o(i.TIM_ClearITPendingBit)
    TIM_Cmd                                  0x080018df   Thumb Code    24  stm32f10x_tim.o(i.TIM_Cmd)
    TIM_DeInit                               0x080018f9   Thumb Code   424  stm32f10x_tim.o(i.TIM_DeInit)
    TIM_GetITStatus                          0x08001ae1   Thumb Code    34  stm32f10x_tim.o(i.TIM_GetITStatus)
    TIM_ITConfig                             0x08001b03   Thumb Code    18  stm32f10x_tim.o(i.TIM_ITConfig)
    TIM_SelectOutputTrigger                  0x08001b15   Thumb Code    18  stm32f10x_tim.o(i.TIM_SelectOutputTrigger)
    TIM_TimeBaseInit                         0x08001b29   Thumb Code   122  stm32f10x_tim.o(i.TIM_TimeBaseInit)
    USART1_IRQHandler                        0x08001be5   Thumb Code   140  uart1.o(i.USART1_IRQHandler)
    USART_ClearFlag                          0x08001c7d   Thumb Code    18  stm32f10x_usart.o(i.USART_ClearFlag)
    USART_ClearITPendingBit                  0x08001c8f   Thumb Code    30  stm32f10x_usart.o(i.USART_ClearITPendingBit)
    USART_Cmd                                0x08001cad   Thumb Code    24  stm32f10x_usart.o(i.USART_Cmd)
    USART_GetFlagStatus                      0x08001cc5   Thumb Code    26  stm32f10x_usart.o(i.USART_GetFlagStatus)
    USART_GetITStatus                        0x08001cdf   Thumb Code    84  stm32f10x_usart.o(i.USART_GetITStatus)
    USART_ITConfig                           0x08001d33   Thumb Code    74  stm32f10x_usart.o(i.USART_ITConfig)
    USART_Init                               0x08001d7d   Thumb Code   210  stm32f10x_usart.o(i.USART_Init)
    USART_ReceiveData                        0x08001e55   Thumb Code    10  stm32f10x_usart.o(i.USART_ReceiveData)
    USART_SendData                           0x08001e5f   Thumb Code     8  stm32f10x_usart.o(i.USART_SendData)
    USART_StructInit                         0x08001e67   Thumb Code    24  stm32f10x_usart.o(i.USART_StructInit)
    UnPackData                               0x08001e81   Thumb Code   114  packunpack.o(i.UnPackData)
    UsageFault_Handler                       0x08001f47   Thumb Code     4  stm32f10x_it.o(i.UsageFault_Handler)
    WriteADCBuf                              0x08001f4d   Thumb Code    20  adc.o(i.WriteADCBuf)
    WriteUART1                               0x08001f7d   Thumb Code    38  uart1.o(i.WriteUART1)
    __scatterload_copy                       0x08001fad   Thumb Code    14  handlers.o(i.__scatterload_copy)
    __scatterload_null                       0x08001fbb   Thumb Code     2  handlers.o(i.__scatterload_null)
    __scatterload_zeroinit                   0x08001fbd   Thumb Code    14  handlers.o(i.__scatterload_zeroinit)
    main                                     0x08001fcb   Thumb Code    20  main.o(i.main)
    Region$$Table$$Base                      0x08001fe0   Number         0  anon$$obj.o(Region$$Table)
    Region$$Table$$Limit                     0x08002000   Number         0  anon$$obj.o(Region$$Table)
    SystemCoreClock                          0x20000294   Data           4  system_stm32f10x.o(.data)
    AHBPrescTable                            0x20000298   Data          16  system_stm32f10x.o(.data)
    __initial_sp                             0x20000868   Data           0  startup_stm32f10x_hd.o(STACK)



==============================================================================

Memory Map of the image

  Image Entry point : 0x08000131

  Load Region LR_IROM1 (Base: 0x08000000, Size: 0x000022a8, Max: 0x00080000, ABSOLUTE, COMPRESSED[0x00002194])

    Execution Region ER_IROM1 (Exec base: 0x08000000, Load base: 0x08000000, Size: 0x00002000, Max: 0x00080000, ABSOLUTE)

    Exec Addr    Load Addr    Size         Type   Attr      Idx    E Section Name        Object

    0x08000000   0x08000000   0x00000130   Data   RO         2441    RESET               startup_stm32f10x_hd.o
    0x08000130   0x08000130   0x00000000   Code   RO         2446  * .ARM.Collect$$$$00000000  mc_w.l(entry.o)
    0x08000130   0x08000130   0x00000004   Code   RO         2449    .ARM.Collect$$$$00000001  mc_w.l(entry2.o)
    0x08000134   0x08000134   0x00000004   Code   RO         2452    .ARM.Collect$$$$00000004  mc_w.l(entry5.o)
    0x08000138   0x08000138   0x00000000   Code   RO         2454    .ARM.Collect$$$$00000008  mc_w.l(entry7b.o)
    0x08000138   0x08000138   0x00000000   Code   RO         2456    .ARM.Collect$$$$0000000A  mc_w.l(entry8b.o)
    0x08000138   0x08000138   0x00000008   Code   RO         2457    .ARM.Collect$$$$0000000B  mc_w.l(entry9a.o)
    0x08000140   0x08000140   0x00000000   Code   RO         2459    .ARM.Collect$$$$0000000D  mc_w.l(entry10a.o)
    0x08000140   0x08000140   0x00000000   Code   RO         2461    .ARM.Collect$$$$0000000F  mc_w.l(entry11a.o)
    0x08000140   0x08000140   0x00000004   Code   RO         2450    .ARM.Collect$$$$00002712  mc_w.l(entry2.o)
    0x08000144   0x08000144   0x00000024   Code   RO         2442    .text               startup_stm32f10x_hd.o
    0x08000168   0x08000168   0x00000024   Code   RO         2463    .text               mc_w.l(init.o)
    0x0800018c   0x0800018c   0x00000056   Code   RO         2473    .text               mc_w.l(__dczerorl2.o)
    0x080001e2   0x080001e2   0x00000016   Code   RO         1913    i.ADC_Cmd           stm32f10x_adc.o
    0x080001f8   0x080001f8   0x00000016   Code   RO         1914    i.ADC_DMACmd        stm32f10x_adc.o
    0x0800020e   0x0800020e   0x00000016   Code   RO         1918    i.ADC_ExternalTrigConvCmd  stm32f10x_adc.o
    0x08000224   0x08000224   0x00000014   Code   RO         1921    i.ADC_GetCalibrationStatus  stm32f10x_adc.o
    0x08000238   0x08000238   0x00000014   Code   RO         1927    i.ADC_GetResetCalibrationStatus  stm32f10x_adc.o
    0x0800024c   0x0800024c   0x00000050   Code   RO         1931    i.ADC_Init          stm32f10x_adc.o
    0x0800029c   0x0800029c   0x000000b8   Code   RO         1935    i.ADC_RegularChannelConfig  stm32f10x_adc.o
    0x08000354   0x08000354   0x0000000a   Code   RO         1936    i.ADC_ResetCalibration  stm32f10x_adc.o
    0x0800035e   0x0800035e   0x0000000a   Code   RO         1940    i.ADC_StartCalibration  stm32f10x_adc.o
    0x08000368   0x08000368   0x00000004   Code   RO         2348    i.BusFault_Handler  stm32f10x_it.o
    0x0800036c   0x0800036c   0x0000000c   Code   RO          296    i.Clr1SecFlag       timer.o
    0x08000378   0x08000378   0x0000000c   Code   RO          297    i.Clr2msFlag        timer.o
    0x08000384   0x08000384   0x000000ac   Code   RO          559    i.ConfigADC1        adc.o
    0x08000430   0x08000430   0x00000060   Code   RO          482    i.ConfigDAC1        dac.o
    0x08000490   0x08000490   0x00000060   Code   RO          560    i.ConfigDMA1Ch1     adc.o
    0x080004f0   0x080004f0   0x00000080   Code   RO          483    i.ConfigDMA2Ch3ForDAC1  dac.o
    0x08000570   0x08000570   0x00000058   Code   RO          129    i.ConfigLEDGPIO     led.o
    0x080005c8   0x080005c8   0x0000000c   Code   RO         2279    i.ConfigNVIC        nvic.o
    0x080005d4   0x080005d4   0x00000064   Code   RO          266    i.ConfigRCC         rcc.o
    0x08000638   0x08000638   0x0000005c   Code   RO          298    i.ConfigTimer2      timer.o
    0x08000694   0x08000694   0x00000064   Code   RO          561    i.ConfigTimer3      adc.o
    0x080006f8   0x080006f8   0x00000044   Code   RO          484    i.ConfigTimer4      dac.o
    0x0800073c   0x0800073c   0x00000060   Code   RO          299    i.ConfigTimer5      timer.o
    0x0800079c   0x0800079c   0x000000c8   Code   RO          401    i.ConfigUART        uart1.o
    0x08000864   0x08000864   0x00000028   Code   RO         2129    i.DAC_Cmd           stm32f10x_dac.o
    0x0800088c   0x0800088c   0x0000002c   Code   RO         2130    i.DAC_DMACmd        stm32f10x_dac.o
    0x080008b8   0x080008b8   0x00000034   Code   RO         2134    i.DAC_Init          stm32f10x_dac.o
    0x080008ec   0x080008ec   0x00000020   Code   RO         2135    i.DAC_SetChannel1Data  stm32f10x_dac.o
    0x0800090c   0x0800090c   0x00000040   Code   RO          485    i.DMA2_Channel3_IRQHandler  dac.o
    0x0800094c   0x0800094c   0x0000001c   Code   RO         2208    i.DMA_ClearITPendingBit  stm32f10x_dma.o
    0x08000968   0x08000968   0x00000018   Code   RO         2209    i.DMA_Cmd           stm32f10x_dma.o
    0x08000980   0x08000980   0x0000014c   Code   RO         2210    i.DMA_DeInit        stm32f10x_dma.o
    0x08000acc   0x08000acc   0x0000002c   Code   RO         2213    i.DMA_GetITStatus   stm32f10x_dma.o
    0x08000af8   0x08000af8   0x00000012   Code   RO         2214    i.DMA_ITConfig      stm32f10x_dma.o
    0x08000b0a   0x08000b0a   0x0000003c   Code   RO         2215    i.DMA_Init          stm32f10x_dma.o
    0x08000b46   0x08000b46   0x00000044   Code   RO          357    i.DeQueue           queue.o
    0x08000b8a   0x08000b8a   0x00000048   Code   RO          611    i.DeU16Queue        u16queue.o
    0x08000bd2   0x08000bd2   0x00000002   Code   RO         2349    i.DebugMon_Handler  stm32f10x_it.o
    0x08000bd4   0x08000bd4   0x00000048   Code   RO          358    i.EnQueue           queue.o
    0x08000c1c   0x08000c1c   0x0000004c   Code   RO          612    i.EnU16Queue        u16queue.o
    0x08000c68   0x08000c68   0x00000020   Code   RO          402    i.EnableUARTTx      uart1.o
    0x08000c88   0x08000c88   0x0000001c   Code   RO          708    i.FLASH_PrefetchBufferCmd  stm32f10x_flash.o
    0x08000ca4   0x08000ca4   0x00000018   Code   RO          713    i.FLASH_SetLatency  stm32f10x_flash.o
    0x08000cbc   0x08000cbc   0x00000116   Code   RO          871    i.GPIO_Init         stm32f10x_gpio.o
    0x08000dd2   0x08000dd2   0x00000012   Code   RO          877    i.GPIO_ReadOutputDataBit  stm32f10x_gpio.o
    0x08000de4   0x08000de4   0x0000000a   Code   RO          882    i.GPIO_WriteBit     stm32f10x_gpio.o
    0x08000dee   0x08000dee   0x00000002   PAD
    0x08000df0   0x08000df0   0x0000000c   Code   RO          300    i.Get1SecFlag       timer.o
    0x08000dfc   0x08000dfc   0x0000000c   Code   RO          301    i.Get2msFlag        timer.o
    0x08000e08   0x08000e08   0x00000008   Code   RO          527    i.GetRectWave100PointAddr  wave.o
    0x08000e10   0x08000e10   0x00000008   Code   RO          528    i.GetSineWave100PointAddr  wave.o
    0x08000e18   0x08000e18   0x00000008   Code   RO          529    i.GetTriWave100PointAddr  wave.o
    0x08000e20   0x08000e20   0x00000014   Code   RO          153    i.GetUnPackRslt     packunpack.o
    0x08000e34   0x08000e34   0x00000004   Code   RO         2350    i.HardFault_Handler  stm32f10x_it.o
    0x08000e38   0x08000e38   0x0000002c   Code   RO          562    i.InitADC           adc.o
    0x08000e64   0x08000e64   0x00000028   Code   RO          486    i.InitDAC           dac.o
    0x08000e8c   0x08000e8c   0x0000002c   Code   RO            1    i.InitHardware      main.o
    0x08000eb8   0x08000eb8   0x00000008   Code   RO          130    i.InitLED           led.o
    0x08000ec0   0x08000ec0   0x00000008   Code   RO         2280    i.InitNVIC          nvic.o
    0x08000ec8   0x08000ec8   0x00000044   Code   RO          154    i.InitPackUnpack    packunpack.o
    0x08000f0c   0x08000f0c   0x00000002   Code   RO          202    i.InitProcHostCmd   prochostcmd.o
    0x08000f0e   0x08000f0e   0x00000024   Code   RO          359    i.InitQueue         queue.o
    0x08000f32   0x08000f32   0x00000008   Code   RO          267    i.InitRCC           rcc.o
    0x08000f3a   0x08000f3a   0x00000002   Code   RO          234    i.InitSendDataToHost  senddatatohost.o
    0x08000f3c   0x08000f3c   0x00000010   Code   RO            2    i.InitSoftware      main.o
    0x08000f4c   0x08000f4c   0x00000068   Code   RO         2298    i.InitSysTick       systick.o
    0x08000fb4   0x08000fb4   0x00000018   Code   RO          302    i.InitTimer         timer.o
    0x08000fcc   0x08000fcc   0x00000026   Code   RO          613    i.InitU16Queue      u16queue.o
    0x08000ff2   0x08000ff2   0x00000010   Code   RO          403    i.InitUART1         uart1.o
    0x08001002   0x08001002   0x00000002   PAD
    0x08001004   0x08001004   0x00000040   Code   RO          404    i.InitUARTBuf       uart1.o
    0x08001044   0x08001044   0x00000054   Code   RO          131    i.LEDFlicker        led.o
    0x08001098   0x08001098   0x00000004   Code   RO         2351    i.MemManage_Handler  stm32f10x_it.o
    0x0800109c   0x0800109c   0x00000002   Code   RO         2352    i.NMI_Handler       stm32f10x_it.o
    0x0800109e   0x0800109e   0x00000002   PAD
    0x080010a0   0x080010a0   0x00000018   Code   RO          405    i.NVIC_ClearPendingIRQ  uart1.o
    0x080010b8   0x080010b8   0x00000070   Code   RO          655    i.NVIC_Init         misc.o
    0x08001128   0x08001128   0x00000014   Code   RO          656    i.NVIC_PriorityGroupConfig  misc.o
    0x0800113c   0x0800113c   0x0000003a   Code   RO          203    i.OnGenWave         prochostcmd.o
    0x08001176   0x08001176   0x00000018   Code   RO          155    i.PackData          packunpack.o
    0x0800118e   0x0800118e   0x0000003e   Code   RO          156    i.PackWithCheckSum  packunpack.o
    0x080011cc   0x080011cc   0x00000002   Code   RO         2353    i.PendSV_Handler    stm32f10x_it.o
    0x080011ce   0x080011ce   0x0000000e   Code   RO            3    i.Proc1SecTask      main.o
    0x080011dc   0x080011dc   0x0000008c   Code   RO            4    i.Proc2msTask       main.o
    0x08001268   0x08001268   0x00000046   Code   RO          204    i.ProcHostCmd       prochostcmd.o
    0x080012ae   0x080012ae   0x0000000e   Code   RO          360    i.QueueEmpty        queue.o
    0x080012bc   0x080012bc   0x00000018   Code   RO          979    i.RCC_ADCCLKConfig  stm32f10x_rcc.o
    0x080012d4   0x080012d4   0x00000020   Code   RO          980    i.RCC_AHBPeriphClockCmd  stm32f10x_rcc.o
    0x080012f4   0x080012f4   0x00000020   Code   RO          981    i.RCC_APB1PeriphClockCmd  stm32f10x_rcc.o
    0x08001314   0x08001314   0x00000020   Code   RO          982    i.RCC_APB1PeriphResetCmd  stm32f10x_rcc.o
    0x08001334   0x08001334   0x00000020   Code   RO          983    i.RCC_APB2PeriphClockCmd  stm32f10x_rcc.o
    0x08001354   0x08001354   0x00000020   Code   RO          984    i.RCC_APB2PeriphResetCmd  stm32f10x_rcc.o
    0x08001374   0x08001374   0x0000004c   Code   RO          990    i.RCC_DeInit        stm32f10x_rcc.o
    0x080013c0   0x080013c0   0x000000d4   Code   RO          991    i.RCC_GetClocksFreq  stm32f10x_rcc.o
    0x08001494   0x08001494   0x0000003c   Code   RO          992    i.RCC_GetFlagStatus  stm32f10x_rcc.o
    0x080014d0   0x080014d0   0x00000010   Code   RO          994    i.RCC_GetSYSCLKSource  stm32f10x_rcc.o
    0x080014e0   0x080014e0   0x00000018   Code   RO          995    i.RCC_HCLKConfig    stm32f10x_rcc.o
    0x080014f8   0x080014f8   0x0000004c   Code   RO          996    i.RCC_HSEConfig     stm32f10x_rcc.o
    0x08001544   0x08001544   0x00000018   Code   RO         1002    i.RCC_PCLK1Config   stm32f10x_rcc.o
    0x0800155c   0x0800155c   0x00000018   Code   RO         1003    i.RCC_PCLK2Config   stm32f10x_rcc.o
    0x08001574   0x08001574   0x0000000c   Code   RO         1004    i.RCC_PLLCmd        stm32f10x_rcc.o
    0x08001580   0x08001580   0x0000001c   Code   RO         1005    i.RCC_PLLConfig     stm32f10x_rcc.o
    0x0800159c   0x0800159c   0x00000018   Code   RO         1008    i.RCC_SYSCLKConfig  stm32f10x_rcc.o
    0x080015b4   0x080015b4   0x00000038   Code   RO         1010    i.RCC_WaitForHSEStartUp  stm32f10x_rcc.o
    0x080015ec   0x080015ec   0x0000001c   Code   RO          563    i.ReadADCBuf        adc.o
    0x08001608   0x08001608   0x0000001c   Code   RO          406    i.ReadSendBuf       uart1.o
    0x08001624   0x08001624   0x0000001c   Code   RO          407    i.ReadUART1         uart1.o
    0x08001640   0x08001640   0x00000002   Code   RO         2354    i.SVC_Handler       stm32f10x_it.o
    0x08001642   0x08001642   0x00000036   Code   RO          235    i.SendAckPack       senddatatohost.o
    0x08001678   0x08001678   0x0000001a   Code   RO          236    i.SendPackToHost    senddatatohost.o
    0x08001692   0x08001692   0x0000003c   Code   RO          237    i.SendWaveToHost    senddatatohost.o
    0x080016ce   0x080016ce   0x00000002   PAD
    0x080016d0   0x080016d0   0x00000010   Code   RO          487    i.SetDACWave        dac.o
    0x080016e0   0x080016e0   0x00000008   Code   RO         2405    i.SetSysClock       system_stm32f10x.o
    0x080016e8   0x080016e8   0x000000e0   Code   RO         2406    i.SetSysClockTo72   system_stm32f10x.o
    0x080017c8   0x080017c8   0x00000008   Code   RO         2299    i.SysTick_Handler   systick.o
    0x080017d0   0x080017d0   0x00000060   Code   RO         2408    i.SystemInit        system_stm32f10x.o
    0x08001830   0x08001830   0x0000003c   Code   RO          303    i.TIM2_IRQHandler   timer.o
    0x0800186c   0x0800186c   0x00000028   Code   RO          564    i.TIM3_IRQHandler   adc.o
    0x08001894   0x08001894   0x00000044   Code   RO          304    i.TIM5_IRQHandler   timer.o
    0x080018d8   0x080018d8   0x00000006   Code   RO         1190    i.TIM_ClearITPendingBit  stm32f10x_tim.o
    0x080018de   0x080018de   0x00000018   Code   RO         1195    i.TIM_Cmd           stm32f10x_tim.o
    0x080018f6   0x080018f6   0x00000002   PAD
    0x080018f8   0x080018f8   0x000001e8   Code   RO         1200    i.TIM_DeInit        stm32f10x_tim.o
    0x08001ae0   0x08001ae0   0x00000022   Code   RO         1216    i.TIM_GetITStatus   stm32f10x_tim.o
    0x08001b02   0x08001b02   0x00000012   Code   RO         1220    i.TIM_ITConfig      stm32f10x_tim.o
    0x08001b14   0x08001b14   0x00000012   Code   RO         1252    i.TIM_SelectOutputTrigger  stm32f10x_tim.o
    0x08001b26   0x08001b26   0x00000002   PAD
    0x08001b28   0x08001b28   0x000000a4   Code   RO         1266    i.TIM_TimeBaseInit  stm32f10x_tim.o
    0x08001bcc   0x08001bcc   0x00000018   Code   RO         2300    i.TimDelayDec       systick.o
    0x08001be4   0x08001be4   0x00000098   Code   RO          409    i.USART1_IRQHandler  uart1.o
    0x08001c7c   0x08001c7c   0x00000012   Code   RO         1727    i.USART_ClearFlag   stm32f10x_usart.o
    0x08001c8e   0x08001c8e   0x0000001e   Code   RO         1728    i.USART_ClearITPendingBit  stm32f10x_usart.o
    0x08001cac   0x08001cac   0x00000018   Code   RO         1731    i.USART_Cmd         stm32f10x_usart.o
    0x08001cc4   0x08001cc4   0x0000001a   Code   RO         1734    i.USART_GetFlagStatus  stm32f10x_usart.o
    0x08001cde   0x08001cde   0x00000054   Code   RO         1735    i.USART_GetITStatus  stm32f10x_usart.o
    0x08001d32   0x08001d32   0x0000004a   Code   RO         1737    i.USART_ITConfig    stm32f10x_usart.o
    0x08001d7c   0x08001d7c   0x000000d8   Code   RO         1738    i.USART_Init        stm32f10x_usart.o
    0x08001e54   0x08001e54   0x0000000a   Code   RO         1745    i.USART_ReceiveData  stm32f10x_usart.o
    0x08001e5e   0x08001e5e   0x00000008   Code   RO         1748    i.USART_SendData    stm32f10x_usart.o
    0x08001e66   0x08001e66   0x00000018   Code   RO         1754    i.USART_StructInit  stm32f10x_usart.o
    0x08001e7e   0x08001e7e   0x00000002   PAD
    0x08001e80   0x08001e80   0x00000084   Code   RO          157    i.UnPackData        packunpack.o
    0x08001f04   0x08001f04   0x00000042   Code   RO          158    i.UnpackWithCheckSum  packunpack.o
    0x08001f46   0x08001f46   0x00000004   Code   RO         2355    i.UsageFault_Handler  stm32f10x_it.o
    0x08001f4a   0x08001f4a   0x00000002   PAD
    0x08001f4c   0x08001f4c   0x00000018   Code   RO          565    i.WriteADCBuf       adc.o
    0x08001f64   0x08001f64   0x00000018   Code   RO          410    i.WriteReceiveBuf   uart1.o
    0x08001f7c   0x08001f7c   0x00000030   Code   RO          411    i.WriteUART1        uart1.o
    0x08001fac   0x08001fac   0x0000000e   Code   RO         2467    i.__scatterload_copy  mc_w.l(handlers.o)
    0x08001fba   0x08001fba   0x00000002   Code   RO         2468    i.__scatterload_null  mc_w.l(handlers.o)
    0x08001fbc   0x08001fbc   0x0000000e   Code   RO         2469    i.__scatterload_zeroinit  mc_w.l(handlers.o)
    0x08001fca   0x08001fca   0x00000014   Code   RO            5    i.main              main.o
    0x08001fde   0x08001fde   0x00000002   PAD
    0x08001fe0   0x08001fe0   0x00000020   Data   RO         2465    Region$$Table       anon$$obj.o


    Execution Region RW_IRAM1 (Exec base: 0x20000000, Load base: 0x08002000, Size: 0x00000868, Max: 0x00010000, ABSOLUTE, COMPRESSED[0x00000194])

    Exec Addr    Load Addr    Size         Type   Attr      Idx    E Section Name        Object

    0x20000000   COMPRESSED   0x00000007   Data   RW            6    .data               main.o
    0x20000007   COMPRESSED   0x00000001   PAD
    0x20000008   COMPRESSED   0x00000002   Data   RW          132    .data               led.o
    0x2000000a   COMPRESSED   0x00000003   Data   RW          160    .data               packunpack.o
    0x2000000d   COMPRESSED   0x00000001   PAD
    0x2000000e   COMPRESSED   0x00000006   Data   RW          305    .data               timer.o
    0x20000014   COMPRESSED   0x00000001   Data   RW          414    .data               uart1.o
    0x20000015   COMPRESSED   0x00000003   PAD
    0x20000018   COMPRESSED   0x00000008   Data   RW          488    .data               dac.o
    0x20000020   COMPRESSED   0x00000258   Data   RW          531    .data               wave.o
    0x20000278   COMPRESSED   0x00000002   Data   RW          567    .data               adc.o
    0x2000027a   COMPRESSED   0x00000014   Data   RW         1011    .data               stm32f10x_rcc.o
    0x2000028e   COMPRESSED   0x00000002   PAD
    0x20000290   COMPRESSED   0x00000004   Data   RW         2301    .data               systick.o
    0x20000294   COMPRESSED   0x00000014   Data   RW         2409    .data               system_stm32f10x.o
    0x200002a8        -       0x0000000a   Zero   RW          159    .bss                packunpack.o
    0x200002b2   COMPRESSED   0x00000002   PAD
    0x200002b4        -       0x000000e0   Zero   RW          413    .bss                uart1.o
    0x20000394        -       0x000000d4   Zero   RW          566    .bss                adc.o
    0x20000468        -       0x00000400   Zero   RW         2439    STACK               startup_stm32f10x_hd.o


==============================================================================

Image component sizes


      Code (inc. data)   RO Data    RW Data    ZI Data      Debug   Object Name

       504         58          0          2        212       4639   adc.o
         0          0          0          0          0         32   core_cm3.o
       412         42          0          8          0      18453   dac.o
       180         12          0          2          0       1431   led.o
       234         14          0          7          0     279575   main.o
       132         22          0          0          0       1451   misc.o
        20          0          0          0          0        843   nvic.o
       372         40          0          3         10       6629   packunpack.o
       130          0          0          0          0       4080   prochostcmd.o
       190          0          0          0          0       3113   queue.o
       108          0          0          0          0     205794   rcc.o
       142          0          0          0          0       2688   senddatatohost.o
        36          8        304          0       1024        808   startup_stm32f10x_hd.o
       390         10          0          0          0       7144   stm32f10x_adc.o
       168         24          0          0          0       2820   stm32f10x_dac.o
       506         26          0          0          0       4967   stm32f10x_dma.o
        52         12          0          0          0       1053   stm32f10x_flash.o
       306          0          0          0          0       3053   stm32f10x_gpio.o
        24          0          0          0          0       3544   stm32f10x_it.o
       816        116          0         20          0      12323   stm32f10x_rcc.o
       752        106          0          0          0       4709   stm32f10x_tim.o
       514          6          0          0          0       7616   stm32f10x_usart.o
       328         28          0         20          0       2233   system_stm32f10x.o
       136         18          0          4          0      17183   systick.o
       388         48          0          6          0       4630   timer.o
       186          0          0          0          0       2633   u16queue.o
       616         82          0          1        224      21448   uart1.o
        24         12          0        600          0       1997   wave.o

    ----------------------------------------------------------------------
      7684        684        336        680       1472     626889   Object Totals
         0          0         32          0          0          0   (incl. Generated)
        18          0          0          7          2          0   (incl. Padding)

    ----------------------------------------------------------------------

      Code (inc. data)   RO Data    RW Data    ZI Data      Debug   Library Member Name

        86          0          0          0          0          0   __dczerorl2.o
         0          0          0          0          0          0   entry.o
         0          0          0          0          0          0   entry10a.o
         0          0          0          0          0          0   entry11a.o
         8          4          0          0          0          0   entry2.o
         4          0          0          0          0          0   entry5.o
         0          0          0          0          0          0   entry7b.o
         0          0          0          0          0          0   entry8b.o
         8          4          0          0          0          0   entry9a.o
        30          0          0          0          0          0   handlers.o
        36          8          0          0          0         68   init.o

    ----------------------------------------------------------------------
       172         16          0          0          0         68   Library Totals
         0          0          0          0          0          0   (incl. Padding)

    ----------------------------------------------------------------------

      Code (inc. data)   RO Data    RW Data    ZI Data      Debug   Library Name

       172         16          0          0          0         68   mc_w.l

    ----------------------------------------------------------------------
       172         16          0          0          0         68   Library Totals

    ----------------------------------------------------------------------

==============================================================================


      Code (inc. data)   RO Data    RW Data    ZI Data      Debug   

      7856        700        336        680       1472     620065   Grand Totals
      7856        700        336        404       1472     620065   ELF Image Totals (compressed)
      7856        700        336        404          0          0   ROM Totals

==============================================================================

    Total RO  Size (Code + RO Data)                 8192 (   8.00kB)
    Total RW  Size (RW Data + ZI Data)              2152 (   2.10kB)
    Total ROM Size (Code + RO Data + RW Data)       8596 (   8.39kB)

==============================================================================

