<html>
<body>
<pre>
<h1>礦ision Build Log</h1>
<h2>Tool Versions:</h2>
IDE-Version: μVision V5.25.2.0
Copyright (C) 2018 ARM Ltd and ARM Germany GmbH. All rights reserved.
License Information: wan Adminstrator, szu, LIC=4ZLRA-15N86-16UQV-P22RV-JACNX-0WDU1
 
Tool Versions:
Toolchain:       MDK-ARM Professional  Version: 5.25.2.0
Toolchain Path:  D:\keil uvision5 mdk5.25\ARM\ARMCC\Bin
C Compiler:      Armcc.exe V5.06 update 6 (build 750)
Assembler:       Armasm.exe V5.06 update 6 (build 750)
Linker/Locator:  ArmLink.exe V5.06 update 6 (build 750)
Library Manager: ArmAr.exe V5.06 update 6 (build 750)
Hex Converter:   FromElf.exe V5.06 update 6 (build 750)
CPU DLL:         SARMCM3.DLL V5.25.2.0
Dialog DLL:      DCM.DLL V1.17.1.0
Target DLL:      STLink\ST-LINKIII-KEIL_SWO.dll V3.0.1.0
Dialog DLL:      TCM.DLL V1.35.1.0
 
<h2>Project:</h2>
D:\keil5project\BMEApplicationExperiment\stm32\05.串口通信实验\Project\STM32KeilPrj.uvprojx
Project File Date:  05/07/2019

<h2>Output:</h2>
*** Using Compiler 'V5.06 update 6 (build 750)', folder: 'D:\keil uvision5 mdk5.25\ARM\ARMCC\Bin'
Rebuild target 'Target 1'
compiling Queue.c...
compiling RCC.c...
compiling LED.c...
compiling Main.c...
..\App\Main\Main.c(125): warning:  #177-D: function "Proc1SecTask"  was declared but never referenced
  static  void  Proc1SecTask(void)
..\App\Main\Main.c: 1 warning, 0 errors
compiling UART2.c...
..\HW\UART2\UART2.c(183): warning:  #177-D: function "SendCharUsedByFputc"  was declared but never referenced
  static  void  SendCharUsedByFputc(u16 ch) 
..\HW\UART2\UART2.c: 1 warning, 0 errors
compiling UART1.c...
compiling Timer.c...
compiling misc.c...
compiling NVIC.c...
compiling stm32f10x_gpio.c...
compiling stm32f10x_usart.c...
compiling SysTick.c...
compiling stm32f10x_rcc.c...
compiling stm32f10x_flash.c...
assembling startup_stm32f10x_hd.s...
compiling stm32f10x_tim.c...
compiling core_cm3.c...
compiling stm32f10x_it.c...
compiling system_stm32f10x.c...
linking...
Program Size: Code=4304 RO-data=336 RW-data=56 ZI-data=1472  
FromELF: creating hex file...
".\Objects\STM32KeilPrj.axf" - 0 Error(s), 2 Warning(s).

<h2>Software Packages used:</h2>

Package Vendor: Keil
                http://www.keil.com/pack/Keil.STM32F1xx_DFP.2.0.0.pack
                Keil.STM32F1xx_DFP.2.0.0
                STMicroelectronics STM32F1 Series Device Support, Drivers and Examples

<h2>Collection of Component include folders:</h2>
  .\RTE\_Target_1
  D:\keil uvision5 mdk5.25\ARM\PACK\Keil\STM32F1xx_DFP\2.0.0\Device\Include

<h2>Collection of Component Files used:</h2>
Build Time Elapsed:  00:00:02
</pre>
</body>
</html>
