Component: ARM Compiler 5.06 update 6 (build 750) Tool: armlink [4d35ed]

==============================================================================

Section Cross References

    main.o(i.InitHardware) refers to system_stm32f10x.o(i.SystemInit) for SystemInit
    main.o(i.InitHardware) refers to rcc.o(i.InitRCC) for InitRCC
    main.o(i.InitHardware) refers to nvic.o(i.InitNVIC) for InitNVIC
    main.o(i.InitHardware) refers to uart1.o(i.InitUART1) for InitUART1
    main.o(i.InitHardware) refers to timer.o(i.InitTimer) for InitTimer
    main.o(i.InitHardware) refers to led.o(i.InitLED) for InitLED
    main.o(i.InitHardware) refers to systick.o(i.InitSysTick) for InitSysTick
    main.o(i.InitHardware) refers to adc.o(i.InitADC) for InitADC
    main.o(i.InitHardware) refers to dac.o(i.InitDAC) for InitDAC
    main.o(i.InitHardware) refers to keyone.o(i.InitKeyOne) for InitKeyOne
    main.o(i.InitHardware) refers to prockeyone.o(i.InitProcKeyOne) for InitProcKeyOne
    main.o(i.InitSoftware) refers to packunpack.o(i.InitPackUnpack) for InitPackUnpack
    main.o(i.InitSoftware) refers to senddatatohost.o(i.InitSendDataToHost) for InitSendDataToHost
    main.o(i.InitSoftware) refers to prochostcmd.o(i.InitProcHostCmd) for InitProcHostCmd
    main.o(i.Proc1SecTask) refers to timer.o(i.Get1SecFlag) for Get1SecFlag
    main.o(i.Proc1SecTask) refers to timer.o(i.Clr1SecFlag) for Clr1SecFlag
    main.o(i.Proc2msTask) refers to timer.o(i.Get2msFlag) for Get2msFlag
    main.o(i.Proc2msTask) refers to adc.o(i.ReadADCBuf) for ReadADCBuf
    main.o(i.Proc2msTask) refers to senddatatohost.o(i.SendWaveToHost) for SendWaveToHost
    main.o(i.Proc2msTask) refers to keyone.o(i.ScanKeyOne) for ScanKeyOne
    main.o(i.Proc2msTask) refers to led.o(i.LEDFlicker) for LEDFlicker
    main.o(i.Proc2msTask) refers to timer.o(i.Clr2msFlag) for Clr2msFlag
    main.o(i.Proc2msTask) refers to main.o(.data) for s_iCnt4
    main.o(i.Proc2msTask) refers to prockeyone.o(i.ProcKeyDownKey1) for ProcKeyDownKey1
    main.o(i.Proc2msTask) refers to prockeyone.o(i.ProcKeyUpKey1) for ProcKeyUpKey1
    main.o(i.Proc2msTask) refers to prockeyone.o(i.ProcKeyDownKey2) for ProcKeyDownKey2
    main.o(i.Proc2msTask) refers to prockeyone.o(i.ProcKeyUpKey2) for ProcKeyUpKey2
    main.o(i.Proc2msTask) refers to prockeyone.o(i.ProcKeyDownKey3) for ProcKeyDownKey3
    main.o(i.Proc2msTask) refers to prockeyone.o(i.ProcKeyUpKey3) for ProcKeyUpKey3
    main.o(i.main) refers to main.o(i.InitSoftware) for InitSoftware
    main.o(i.main) refers to main.o(i.InitHardware) for InitHardware
    main.o(i.main) refers to main.o(i.Proc2msTask) for Proc2msTask
    main.o(i.main) refers to main.o(i.Proc1SecTask) for Proc1SecTask
    led.o(i.ConfigLEDGPIO) refers to stm32f10x_rcc.o(i.RCC_APB2PeriphClockCmd) for RCC_APB2PeriphClockCmd
    led.o(i.ConfigLEDGPIO) refers to stm32f10x_gpio.o(i.GPIO_Init) for GPIO_Init
    led.o(i.ConfigLEDGPIO) refers to stm32f10x_gpio.o(i.GPIO_WriteBit) for GPIO_WriteBit
    led.o(i.InitLED) refers to led.o(i.ConfigLEDGPIO) for ConfigLEDGPIO
    led.o(i.LEDFlicker) refers to stm32f10x_gpio.o(i.GPIO_ReadOutputDataBit) for GPIO_ReadOutputDataBit
    led.o(i.LEDFlicker) refers to stm32f10x_gpio.o(i.GPIO_WriteBit) for GPIO_WriteBit
    led.o(i.LEDFlicker) refers to led.o(.data) for s_iCnt
    packunpack.o(i.GetUnPackRslt) refers to packunpack.o(.bss) for s_ptPack
    packunpack.o(i.InitPackUnpack) refers to packunpack.o(.bss) for s_ptPack
    packunpack.o(i.InitPackUnpack) refers to packunpack.o(.data) for s_iPackLen
    packunpack.o(i.PackData) refers to packunpack.o(i.PackWithCheckSum) for PackWithCheckSum
    packunpack.o(i.UnPackData) refers to packunpack.o(i.UnpackWithCheckSum) for UnpackWithCheckSum
    packunpack.o(i.UnPackData) refers to packunpack.o(.bss) for s_ptPack
    packunpack.o(i.UnPackData) refers to packunpack.o(.data) for s_iGotPackId
    senddatatohost.o(i.SendAckPack) refers to senddatatohost.o(i.SendPackToHost) for SendPackToHost
    senddatatohost.o(i.SendPackToHost) refers to packunpack.o(i.PackData) for PackData
    senddatatohost.o(i.SendPackToHost) refers to uart1.o(i.WriteUART1) for WriteUART1
    senddatatohost.o(i.SendWaveToHost) refers to senddatatohost.o(i.SendPackToHost) for SendPackToHost
    prochostcmd.o(i.OnGenWave) refers to wave.o(i.GetSineWave100PointAddr) for GetSineWave100PointAddr
    prochostcmd.o(i.OnGenWave) refers to wave.o(i.GetTriWave100PointAddr) for GetTriWave100PointAddr
    prochostcmd.o(i.OnGenWave) refers to wave.o(i.GetRectWave100PointAddr) for GetRectWave100PointAddr
    prochostcmd.o(i.OnGenWave) refers to dac.o(i.SetDACWave) for SetDACWave
    prochostcmd.o(i.ProcHostCmd) refers to packunpack.o(i.GetUnPackRslt) for GetUnPackRslt
    prochostcmd.o(i.ProcHostCmd) refers to prochostcmd.o(i.OnGenWave) for OnGenWave
    prochostcmd.o(i.ProcHostCmd) refers to senddatatohost.o(i.SendAckPack) for SendAckPack
    prochostcmd.o(i.ProcHostCmd) refers to packunpack.o(i.UnPackData) for UnPackData
[...]
    entry9b.o(.ARM.Collect$$$$0000000C) refers to main.o(i.main) for main
    init.o(.text) refers to entry5.o(.ARM.Collect$$$$00000004) for __main_after_scatterload


==============================================================================

Removing Unused input sections from the image.

    Removing packunpack.o(i.GetUnPackRslt), (20 bytes).
    Removing packunpack.o(i.UnPackData), (132 bytes).
    Removing packunpack.o(i.UnpackWithCheckSum), (66 bytes).
    Removing senddatatohost.o(i.SendAckPack), (54 bytes).
    Removing prochostcmd.o(i.OnGenWave), (58 bytes).
    Removing prochostcmd.o(i.ProcHostCmd), (70 bytes).
    Removing queue.o(i.ClearQueue), (10 bytes).
    Removing queue.o(i.QueueLength), (8 bytes).
    Removing uart1.o(i.ReadUART1), (28 bytes).
    Removing uart1.o(i.SendCharUsedByFputc), (32 bytes).
    Removing uart1.o(i.fputc), (16 bytes).
    Removing u16queue.o(i.ClearU16Queue), (10 bytes).
    Removing u16queue.o(i.U16QueueEmpty), (14 bytes).
    Removing u16queue.o(i.U16QueueLength), (8 bytes).
    Removing dac.o(i.SetDACWave), (16 bytes).
    Removing wave.o(i.InitWave), (2 bytes).
    Removing misc.o(i.NVIC_SetVectorTable), (20 bytes).
    Removing misc.o(i.NVIC_SystemLPConfig), (32 bytes).
    Removing misc.o(i.SysTick_CLKSourceConfig), (40 bytes).
    Removing stm32f10x_flash.o(i.FLASH_ClearFlag), (12 bytes).
    Removing stm32f10x_flash.o(i.FLASH_EnableWriteProtection), (196 bytes).
    Removing stm32f10x_flash.o(i.FLASH_EraseAllBank1Pages), (72 bytes).
    Removing stm32f10x_flash.o(i.FLASH_EraseAllPages), (72 bytes).
    Removing stm32f10x_flash.o(i.FLASH_EraseOptionBytes), (168 bytes).
    Removing stm32f10x_flash.o(i.FLASH_ErasePage), (76 bytes).
    Removing stm32f10x_flash.o(i.FLASH_GetBank1Status), (52 bytes).
    Removing stm32f10x_flash.o(i.FLASH_GetFlagStatus), (48 bytes).
    Removing stm32f10x_flash.o(i.FLASH_GetPrefetchBufferStatus), (24 bytes).
    Removing stm32f10x_flash.o(i.FLASH_GetReadOutProtectionStatus), (24 bytes).
    Removing stm32f10x_flash.o(i.FLASH_GetStatus), (52 bytes).
    Removing stm32f10x_flash.o(i.FLASH_GetUserOptionByte), (12 bytes).
    Removing stm32f10x_flash.o(i.FLASH_GetWriteProtectionOptionByte), (12 bytes).
    Removing stm32f10x_flash.o(i.FLASH_HalfCycleAccessCmd), (28 bytes).
    Removing stm32f10x_flash.o(i.FLASH_ITConfig), (32 bytes).
    Removing stm32f10x_flash.o(i.FLASH_Lock), (20 bytes).
    Removing stm32f10x_flash.o(i.FLASH_LockBank1), (20 bytes).
    Removing stm32f10x_flash.o(i.FLASH_ProgramHalfWord), (64 bytes).
    Removing stm32f10x_flash.o(i.FLASH_ProgramOptionByteData), (84 bytes).
    Removing stm32f10x_flash.o(i.FLASH_ProgramWord), (108 bytes).
    Removing stm32f10x_flash.o(i.FLASH_ReadOutProtection), (172 bytes).
    Removing stm32f10x_flash.o(i.FLASH_Unlock), (24 bytes).
    Removing stm32f10x_flash.o(i.FLASH_UnlockBank1), (24 bytes).
    Removing stm32f10x_flash.o(i.FLASH_UserOptionByteConfig), (104 bytes).
    Removing stm32f10x_flash.o(i.FLASH_WaitForLastBank1Operation), (38 bytes).
    Removing stm32f10x_flash.o(i.FLASH_WaitForLastOperation), (38 bytes).
    Removing stm32f10x_gpio.o(i.GPIO_AFIODeInit), (20 bytes).
    Removing stm32f10x_gpio.o(i.GPIO_DeInit), (200 bytes).
    Removing stm32f10x_gpio.o(i.GPIO_ETH_MediaInterfaceConfig), (12 bytes).
    Removing stm32f10x_gpio.o(i.GPIO_EXTILineConfig), (64 bytes).
    Removing stm32f10x_gpio.o(i.GPIO_EventOutputCmd), (12 bytes).
    Removing stm32f10x_gpio.o(i.GPIO_EventOutputConfig), (32 bytes).
    Removing stm32f10x_gpio.o(i.GPIO_PinLockConfig), (18 bytes).
    Removing stm32f10x_gpio.o(i.GPIO_PinRemapConfig), (144 bytes).
    Removing stm32f10x_gpio.o(i.GPIO_ReadInputData), (8 bytes).
    Removing stm32f10x_gpio.o(i.GPIO_ReadOutputData), (8 bytes).
    Removing stm32f10x_gpio.o(i.GPIO_ResetBits), (4 bytes).
    Removing stm32f10x_gpio.o(i.GPIO_SetBits), (4 bytes).
    Removing stm32f10x_gpio.o(i.GPIO_StructInit), (16 bytes).
    Removing stm32f10x_gpio.o(i.GPIO_Write), (4 bytes).
    Removing stm32f10x_rcc.o(i.RCC_AdjustHSICalibrationValue), (24 bytes).
    Removing stm32f10x_rcc.o(i.RCC_BackupResetCmd), (12 bytes).
    Removing stm32f10x_rcc.o(i.RCC_ClearFlag), (20 bytes).
    Removing stm32f10x_rcc.o(i.RCC_ClearITPendingBit), (12 bytes).
    Removing stm32f10x_rcc.o(i.RCC_ClockSecuritySystemCmd), (12 bytes).
    Removing stm32f10x_rcc.o(i.RCC_GetITStatus), (24 bytes).
    Removing stm32f10x_rcc.o(i.RCC_HSICmd), (12 bytes).
    Removing stm32f10x_rcc.o(i.RCC_ITConfig), (32 bytes).
    Removing stm32f10x_rcc.o(i.RCC_LSEConfig), (52 bytes).
    Removing stm32f10x_rcc.o(i.RCC_LSICmd), (12 bytes).
    Removing stm32f10x_rcc.o(i.RCC_MCOConfig), (12 bytes).
    Removing stm32f10x_rcc.o(i.RCC_RTCCLKCmd), (12 bytes).
    Removing stm32f10x_rcc.o(i.RCC_RTCCLKConfig), (16 bytes).
    Removing stm32f10x_rcc.o(i.RCC_USBCLKConfig), (12 bytes).
    Removing stm32f10x_tim.o(i.TI1_Config), (128 bytes).
    Removing stm32f10x_tim.o(i.TI2_Config), (152 bytes).
    Removing stm32f10x_tim.o(i.TI3_Config), (144 bytes).
    Removing stm32f10x_tim.o(i.TI4_Config), (152 bytes).
    Removing stm32f10x_tim.o(i.TIM_ARRPreloadConfig), (24 bytes).
    Removing stm32f10x_tim.o(i.TIM_BDTRConfig), (32 bytes).
    Removing stm32f10x_tim.o(i.TIM_BDTRStructInit), (18 bytes).
    Removing stm32f10x_tim.o(i.TIM_CCPreloadControl), (24 bytes).
    Removing stm32f10x_tim.o(i.TIM_CCxCmd), (30 bytes).
    Removing stm32f10x_tim.o(i.TIM_CCxNCmd), (30 bytes).
    Removing stm32f10x_tim.o(i.TIM_ClearFlag), (6 bytes).
    Removing stm32f10x_tim.o(i.TIM_ClearOC1Ref), (18 bytes).
    Removing stm32f10x_tim.o(i.TIM_ClearOC2Ref), (24 bytes).
    Removing stm32f10x_tim.o(i.TIM_ClearOC3Ref), (18 bytes).
    Removing stm32f10x_tim.o(i.TIM_ClearOC4Ref), (24 bytes).
    Removing stm32f10x_tim.o(i.TIM_CounterModeConfig), (18 bytes).
    Removing stm32f10x_tim.o(i.TIM_CtrlPWMOutputs), (30 bytes).
    Removing stm32f10x_tim.o(i.TIM_DMACmd), (18 bytes).
    Removing stm32f10x_tim.o(i.TIM_DMAConfig), (10 bytes).
    Removing stm32f10x_tim.o(i.TIM_ETRClockMode1Config), (54 bytes).
    Removing stm32f10x_tim.o(i.TIM_ETRClockMode2Config), (32 bytes).
    Removing stm32f10x_tim.o(i.TIM_ETRConfig), (28 bytes).
    Removing stm32f10x_tim.o(i.TIM_EncoderInterfaceConfig), (66 bytes).
    Removing stm32f10x_tim.o(i.TIM_ForcedOC1Config), (18 bytes).
    Removing stm32f10x_tim.o(i.TIM_ForcedOC2Config), (26 bytes).
    Removing stm32f10x_tim.o(i.TIM_ForcedOC3Config), (18 bytes).
    Removing stm32f10x_tim.o(i.TIM_ForcedOC4Config), (26 bytes).
    Removing stm32f10x_tim.o(i.TIM_GenerateEvent), (4 bytes).
    Removing stm32f10x_tim.o(i.TIM_GetCapture1), (6 bytes).
    Removing stm32f10x_tim.o(i.TIM_GetCapture2), (6 bytes).
    Removing stm32f10x_tim.o(i.TIM_GetCapture3), (6 bytes).
    Removing stm32f10x_tim.o(i.TIM_GetCapture4), (8 bytes).
    Removing stm32f10x_tim.o(i.TIM_GetCounter), (6 bytes).
    Removing stm32f10x_tim.o(i.TIM_GetFlagStatus), (18 bytes).
    Removing stm32f10x_tim.o(i.TIM_GetPrescaler), (6 bytes).
    Removing stm32f10x_tim.o(i.TIM_ICInit), (172 bytes).
    Removing stm32f10x_tim.o(i.TIM_ICStructInit), (18 bytes).
    Removing stm32f10x_tim.o(i.TIM_ITRxExternalClockConfig), (24 bytes).
    Removing stm32f10x_tim.o(i.TIM_InternalClockConfig), (12 bytes).
    Removing stm32f10x_tim.o(i.TIM_OC1FastConfig), (18 bytes).
    Removing stm32f10x_tim.o(i.TIM_OC1Init), (152 bytes).
    Removing stm32f10x_tim.o(i.TIM_OC1NPolarityConfig), (18 bytes).
    Removing stm32f10x_tim.o(i.TIM_OC1PolarityConfig), (18 bytes).
    Removing stm32f10x_tim.o(i.TIM_OC1PreloadConfig), (18 bytes).
    Removing stm32f10x_tim.o(i.TIM_OC2FastConfig), (26 bytes).
    Removing stm32f10x_tim.o(i.TIM_OC2Init), (164 bytes).
    Removing stm32f10x_tim.o(i.TIM_OC2NPolarityConfig), (26 bytes).
    Removing stm32f10x_tim.o(i.TIM_OC2PolarityConfig), (26 bytes).
    Removing stm32f10x_tim.o(i.TIM_OC2PreloadConfig), (26 bytes).
    Removing stm32f10x_tim.o(i.TIM_OC3FastConfig), (18 bytes).
    Removing stm32f10x_tim.o(i.TIM_OC3Init), (160 bytes).
    Removing stm32f10x_tim.o(i.TIM_OC3NPolarityConfig), (26 bytes).
    Removing stm32f10x_tim.o(i.TIM_OC3PolarityConfig), (26 bytes).
    Removing stm32f10x_tim.o(i.TIM_OC3PreloadConfig), (18 bytes).
    Removing stm32f10x_tim.o(i.TIM_OC4FastConfig), (26 bytes).
    Removing stm32f10x_tim.o(i.TIM_OC4Init), (124 bytes).
    Removing stm32f10x_tim.o(i.TIM_OC4PolarityConfig), (26 bytes).
    Removing stm32f10x_tim.o(i.TIM_OC4PreloadConfig), (26 bytes).
    Removing stm32f10x_tim.o(i.TIM_OCStructInit), (20 bytes).
    Removing stm32f10x_tim.o(i.TIM_PWMIConfig), (124 bytes).
    Removing stm32f10x_tim.o(i.TIM_PrescalerConfig), (6 bytes).
    Removing stm32f10x_tim.o(i.TIM_SelectCCDMA), (24 bytes).
    Removing stm32f10x_tim.o(i.TIM_SelectCOM), (24 bytes).
    Removing stm32f10x_tim.o(i.TIM_SelectHallSensor), (24 bytes).
    Removing stm32f10x_tim.o(i.TIM_SelectInputTrigger), (18 bytes).
    Removing stm32f10x_tim.o(i.TIM_SelectMasterSlaveMode), (18 bytes).
    Removing stm32f10x_tim.o(i.TIM_SelectOCxM), (82 bytes).
    Removing stm32f10x_tim.o(i.TIM_SelectOnePulseMode), (18 bytes).
    Removing stm32f10x_tim.o(i.TIM_SelectSlaveMode), (18 bytes).
    Removing stm32f10x_tim.o(i.TIM_SetAutoreload), (4 bytes).
    Removing stm32f10x_tim.o(i.TIM_SetClockDivision), (18 bytes).
    Removing stm32f10x_tim.o(i.TIM_SetCompare1), (4 bytes).
    Removing stm32f10x_tim.o(i.TIM_SetCompare2), (4 bytes).
    Removing stm32f10x_tim.o(i.TIM_SetCompare3), (4 bytes).
    Removing stm32f10x_tim.o(i.TIM_SetCompare4), (6 bytes).
    Removing stm32f10x_tim.o(i.TIM_SetCounter), (4 bytes).
    Removing stm32f10x_tim.o(i.TIM_SetIC1Prescaler), (18 bytes).
    Removing stm32f10x_tim.o(i.TIM_SetIC2Prescaler), (26 bytes).
    Removing stm32f10x_tim.o(i.TIM_SetIC3Prescaler), (18 bytes).
    Removing stm32f10x_tim.o(i.TIM_SetIC4Prescaler), (26 bytes).
    Removing stm32f10x_tim.o(i.TIM_TIxExternalClockConfig), (62 bytes).
    Removing stm32f10x_tim.o(i.TIM_TimeBaseStructInit), (18 bytes).
    Removing stm32f10x_tim.o(i.TIM_UpdateDisableConfig), (24 bytes).
    Removing stm32f10x_tim.o(i.TIM_UpdateRequestConfig), (24 bytes).
    Removing stm32f10x_usart.o(i.USART_ClockInit), (34 bytes).
    Removing stm32f10x_usart.o(i.USART_ClockStructInit), (12 bytes).
    Removing stm32f10x_usart.o(i.USART_DMACmd), (18 bytes).
    Removing stm32f10x_usart.o(i.USART_DeInit), (156 bytes).
    Removing stm32f10x_usart.o(i.USART_HalfDuplexCmd), (24 bytes).
    Removing stm32f10x_usart.o(i.USART_IrDACmd), (24 bytes).
    Removing stm32f10x_usart.o(i.USART_IrDAConfig), (18 bytes).
    Removing stm32f10x_usart.o(i.USART_LINBreakDetectLengthConfig), (18 bytes).
    Removing stm32f10x_usart.o(i.USART_LINCmd), (24 bytes).
    Removing stm32f10x_usart.o(i.USART_OneBitMethodCmd), (24 bytes).
    Removing stm32f10x_usart.o(i.USART_OverSampling8Cmd), (22 bytes).
    Removing stm32f10x_usart.o(i.USART_ReceiverWakeUpCmd), (24 bytes).
    Removing stm32f10x_usart.o(i.USART_SendBreak), (10 bytes).
    Removing stm32f10x_usart.o(i.USART_SetAddress), (18 bytes).
    Removing stm32f10x_usart.o(i.USART_SetGuardTime), (16 bytes).
    Removing stm32f10x_usart.o(i.USART_SetPrescaler), (16 bytes).
    Removing stm32f10x_usart.o(i.USART_SmartCardCmd), (24 bytes).
    Removing stm32f10x_usart.o(i.USART_SmartCardNACKCmd), (24 bytes).
    Removing stm32f10x_usart.o(i.USART_WakeUpConfig), (18 bytes).
    Removing stm32f10x_adc.o(i.ADC_AnalogWatchdogCmd), (20 bytes).
    Removing stm32f10x_adc.o(i.ADC_AnalogWatchdogSingleChannelConfig), (16 bytes).
    Removing stm32f10x_adc.o(i.ADC_AnalogWatchdogThresholdsConfig), (6 bytes).
    Removing stm32f10x_adc.o(i.ADC_AutoInjectedConvCmd), (22 bytes).
    Removing stm32f10x_adc.o(i.ADC_ClearFlag), (6 bytes).
    Removing stm32f10x_adc.o(i.ADC_ClearITPendingBit), (10 bytes).
    Removing stm32f10x_adc.o(i.ADC_DeInit), (92 bytes).
    Removing stm32f10x_adc.o(i.ADC_DiscModeChannelCountConfig), (24 bytes).
    Removing stm32f10x_adc.o(i.ADC_DiscModeCmd), (22 bytes).
    Removing stm32f10x_adc.o(i.ADC_ExternalTrigInjectedConvCmd), (22 bytes).
    Removing stm32f10x_adc.o(i.ADC_ExternalTrigInjectedConvConfig), (16 bytes).
    Removing stm32f10x_adc.o(i.ADC_GetConversionValue), (8 bytes).
    Removing stm32f10x_adc.o(i.ADC_GetDualModeConversionValue), (12 bytes).
    Removing stm32f10x_adc.o(i.ADC_GetFlagStatus), (18 bytes).
    Removing stm32f10x_adc.o(i.ADC_GetITStatus), (36 bytes).
    Removing stm32f10x_adc.o(i.ADC_GetInjectedConversionValue), (28 bytes).
    Removing stm32f10x_adc.o(i.ADC_GetSoftwareStartConvStatus), (20 bytes).
    Removing stm32f10x_adc.o(i.ADC_GetSoftwareStartInjectedConvCmdStatus), (20 bytes).
    Removing stm32f10x_adc.o(i.ADC_ITConfig), (24 bytes).
    Removing stm32f10x_adc.o(i.ADC_InjectedChannelConfig), (130 bytes).
    Removing stm32f10x_adc.o(i.ADC_InjectedDiscModeCmd), (22 bytes).
    Removing stm32f10x_adc.o(i.ADC_InjectedSequencerLengthConfig), (24 bytes).
    Removing stm32f10x_adc.o(i.ADC_SetInjectedOffset), (20 bytes).
    Removing stm32f10x_adc.o(i.ADC_SoftwareStartConvCmd), (22 bytes).
    Removing stm32f10x_adc.o(i.ADC_SoftwareStartInjectedConvCmd), (22 bytes).
    Removing stm32f10x_adc.o(i.ADC_StructInit), (18 bytes).
    Removing stm32f10x_adc.o(i.ADC_TempSensorVrefintCmd), (36 bytes).
    Removing stm32f10x_dac.o(i.DAC_DeInit), (22 bytes).
    Removing stm32f10x_dac.o(i.DAC_DualSoftwareTriggerCmd), (36 bytes).
    Removing stm32f10x_dac.o(i.DAC_GetDataOutputValue), (36 bytes).
    Removing stm32f10x_dac.o(i.DAC_SetChannel2Data), (32 bytes).
    Removing stm32f10x_dac.o(i.DAC_SetDualChannelData), (36 bytes).
    Removing stm32f10x_dac.o(i.DAC_SoftwareTriggerCmd), (44 bytes).
    Removing stm32f10x_dac.o(i.DAC_StructInit), (12 bytes).
    Removing stm32f10x_dac.o(i.DAC_WaveGenerationCmd), (40 bytes).
    Removing stm32f10x_dma.o(i.DMA_ClearFlag), (28 bytes).
    Removing stm32f10x_dma.o(i.DMA_GetCurrDataCounter), (8 bytes).
    Removing stm32f10x_dma.o(i.DMA_GetFlagStatus), (44 bytes).
    Removing stm32f10x_dma.o(i.DMA_SetCurrDataCounter), (4 bytes).
    Removing stm32f10x_dma.o(i.DMA_StructInit), (26 bytes).
    Removing systick.o(i.DelayNms), (24 bytes).
    Removing systick.o(i.DelayNus), (26 bytes).
    Removing core_cm3.o(.emb_text), (32 bytes).
    Removing system_stm32f10x.o(i.SystemCoreClockUpdate), (164 bytes).
    Removing startup_stm32f10x_hd.o(HEAP), (512 bytes).

221 unused section(s) (total 8420 bytes) removed from the image.

==============================================================================

Image Symbol Table

    Local Symbols

    Symbol Name                              Value     Ov Type        Size  Object(Section)

    ../clib/../cmprslib/zerorunl2.c          0x00000000   Number         0  __dczerorl2.o ABSOLUTE
    ../clib/microlib/init/entry.s            0x00000000   Number         0  entry8b.o ABSOLUTE
    ../clib/microlib/init/entry.s            0x00000000   Number         0  entry11a.o ABSOLUTE
    ../clib/microlib/init/entry.s            0x00000000   Number         0  entry10b.o ABSOLUTE
    ../clib/microlib/init/entry.s            0x00000000   Number         0  entry10a.o ABSOLUTE
    ../clib/microlib/init/entry.s            0x00000000   Number         0  entry8a.o ABSOLUTE
    ../clib/microlib/init/entry.s            0x00000000   Number         0  entry9b.o ABSOLUTE
    ../clib/microlib/init/entry.s            0x00000000   Number         0  entry2.o ABSOLUTE
    ../clib/microlib/init/entry.s            0x00000000   Number         0  entry9a.o ABSOLUTE
    ../clib/microlib/init/entry.s            0x00000000   Number         0  entry11b.o ABSOLUTE
    ../clib/microlib/init/entry.s            0x00000000   Number         0  entry.o ABSOLUTE
    ../clib/microlib/init/entry.s            0x00000000   Number         0  entry7b.o ABSOLUTE
    ../clib/microlib/init/entry.s            0x00000000   Number         0  entry7a.o ABSOLUTE
    ../clib/microlib/init/entry.s            0x00000000   Number         0  entry5.o ABSOLUTE
    ../clib/microlib/stubs.s                 0x00000000   Number         0  iusefp.o ABSOLUTE
    ../fplib/microlib/fpepilogue.c           0x00000000   Number         0  fepilogue.o ABSOLUTE
    ../fplib/microlib/fpfix.c                0x00000000   Number         0  ffixui.o ABSOLUTE
    ../fplib/microlib/fpflt.c                0x00000000   Number         0  ffltui.o ABSOLUTE
    ../fplib/microlib/fpmul.c                0x00000000   Number         0  fmul.o ABSOLUTE
    ..\ARM\NVIC\NVIC.c                       0x00000000   Number         0  nvic.o ABSOLUTE
    ..\ARM\SysTick\SysTick.c                 0x00000000   Number         0  systick.o ABSOLUTE
    ..\ARM\System\core_cm3.c                 0x00000000   Number         0  core_cm3.o ABSOLUTE
    ..\ARM\System\startup_stm32f10x_hd.s     0x00000000   Number         0  startup_stm32f10x_hd.o ABSOLUTE
    ..\ARM\System\stm32f10x_it.c             0x00000000   Number         0  stm32f10x_it.o ABSOLUTE
    ..\ARM\System\system_stm32f10x.c         0x00000000   Number         0  system_stm32f10x.o ABSOLUTE
    ..\App\KeyOne\KeyOne.c                   0x00000000   Number         0  keyone.o ABSOLUTE
    ..\App\KeyOne\ProcKeyOne.c               0x00000000   Number         0  prockeyone.o ABSOLUTE
    ..\App\LED\LED.c                         0x00000000   Number         0  led.o ABSOLUTE
    ..\App\Main\Main.c                       0x00000000   Number         0  main.o ABSOLUTE
    ..\App\PackUnpack\PackUnpack.c           0x00000000   Number         0  packunpack.o ABSOLUTE
    ..\App\ProcHostCmd\ProcHostCmd.c         0x00000000   Number         0  prochostcmd.o ABSOLUTE
    ..\App\SendDataToHost\SendDataToHost.c   0x00000000   Number         0  senddatatohost.o ABSOLUTE
    ..\FW\src\misc.c                         0x00000000   Number         0  misc.o ABSOLUTE
    ..\FW\src\stm32f10x_adc.c                0x00000000   Number         0  stm32f10x_adc.o ABSOLUTE
    ..\FW\src\stm32f10x_dac.c                0x00000000   Number         0  stm32f10x_dac.o ABSOLUTE
    ..\FW\src\stm32f10x_dma.c                0x00000000   Number         0  stm32f10x_dma.o ABSOLUTE
    ..\FW\src\stm32f10x_flash.c              0x00000000   Number         0  stm32f10x_flash.o ABSOLUTE
    ..\FW\src\stm32f10x_gpio.c               0x00000000   Number         0  stm32f10x_gpio.o ABSOLUTE
    ..\FW\src\stm32f10x_rcc.c                0x00000000   Number         0  stm32f10x_rcc.o ABSOLUTE
    ..\FW\src\stm32f10x_tim.c                0x00000000   Number         0  stm32f10x_tim.o ABSOLUTE
    ..\FW\src\stm32f10x_usart.c              0x00000000   Number         0  stm32f10x_usart.o ABSOLUTE
    ..\HW\ADC\ADC.c                          0x00000000   Number         0  adc.o ABSOLUTE
    ..\HW\ADC\U16Queue.c                     0x00000000   Number         0  u16queue.o ABSOLUTE
    ..\HW\DAC\DAC.c                          0x00000000   Number         0  dac.o ABSOLUTE
    ..\HW\DAC\Wave.c                         0x00000000   Number         0  wave.o ABSOLUTE
    ..\HW\RCC\RCC.c                          0x00000000   Number         0  rcc.o ABSOLUTE
    ..\HW\Timer\Timer.c                      0x00000000   Number         0  timer.o ABSOLUTE
    ..\HW\UART1\Queue.c                      0x00000000   Number         0  queue.o ABSOLUTE
    ..\HW\UART1\UART1.c                      0x00000000   Number         0  uart1.o ABSOLUTE
    ..\\ARM\\System\\core_cm3.c              0x00000000   Number         0  core_cm3.o ABSOLUTE
    dc.s                                     0x00000000   Number         0  dc.o ABSOLUTE
    handlers.s                               0x00000000   Number         0  handlers.o ABSOLUTE
    init.s                                   0x00000000   Number         0  init.o ABSOLUTE
    RESET                                    0x08000000   Section      304  startup_stm32f10x_hd.o(RESET)
    .ARM.Collect$$$$00000000                 0x08000130   Section        0  entry.o(.ARM.Collect$$$$00000000)
    .ARM.Collect$$$$00000001                 0x08000130   Section        4  entry2.o(.ARM.Collect$$$$00000001)
    .ARM.Collect$$$$00000004                 0x08000134   Section        4  entry5.o(.ARM.Collect$$$$00000004)
    .ARM.Collect$$$$00000008                 0x08000138   Section        0  entry7b.o(.ARM.Collect$$$$00000008)
    .ARM.Collect$$$$0000000A                 0x08000138   Section        0  entry8b.o(.ARM.Collect$$$$0000000A)
    .ARM.Collect$$$$0000000B                 0x08000138   Section        8  entry9a.o(.ARM.Collect$$$$0000000B)
    .ARM.Collect$$$$0000000D                 0x08000140   Section        0  entry10a.o(.ARM.Collect$$$$0000000D)
    .ARM.Collect$$$$0000000F                 0x08000140   Section        0  entry11a.o(.ARM.Collect$$$$0000000F)
    .ARM.Collect$$$$00002712                 0x08000140   Section        4  entry2.o(.ARM.Collect$$$$00002712)
    __lit__00000000                          0x08000140   Data           4  entry2.o(.ARM.Collect$$$$00002712)
    .text                                    0x08000144   Section       36  startup_stm32f10x_hd.o(.text)
    .text                                    0x08000168   Section        0  fmul.o(.text)
    .text                                    0x080001cc   Section        0  ffltui.o(.text)
    .text                                    0x080001d6   Section        0  ffixui.o(.text)
    .text                                    0x080001fe   Section        0  fepilogue.o(.text)
    .text                                    0x080001fe   Section        0  iusefp.o(.text)
    .text                                    0x0800026c   Section       36  init.o(.text)
    .text                                    0x08000290   Section        0  __dczerorl2.o(.text)
    i.ADC_Cmd                                0x080002e6   Section        0  stm32f10x_adc.o(i.ADC_Cmd)
    i.ADC_DMACmd                             0x080002fc   Section        0  stm32f10x_adc.o(i.ADC_DMACmd)
    i.ADC_ExternalTrigConvCmd                0x08000312   Section        0  stm32f10x_adc.o(i.ADC_ExternalTrigConvCmd)
    i.ADC_GetCalibrationStatus               0x08000328   Section        0  stm32f10x_adc.o(i.ADC_GetCalibrationStatus)
    i.ADC_GetResetCalibrationStatus          0x0800033c   Section        0  stm32f10x_adc.o(i.ADC_GetResetCalibrationStatus)
    i.ADC_Init                               0x08000350   Section        0  stm32f10x_adc.o(i.ADC_Init)
    i.ADC_RegularChannelConfig               0x080003a0   Section        0  stm32f10x_adc.o(i.ADC_RegularChannelConfig)
    i.ADC_ResetCalibration                   0x08000458   Section        0  stm32f10x_adc.o(i.ADC_ResetCalibration)
    i.ADC_StartCalibration                   0x08000462   Section        0  stm32f10x_adc.o(i.ADC_StartCalibration)
    i.Amplitude_add                          0x0800046c   Section        0  wave.o(i.Amplitude_add)
    i.Amplitude_dec                          0x080004e0   Section        0  wave.o(i.Amplitude_dec)
    i.BusFault_Handler                       0x0800054c   Section        0  stm32f10x_it.o(i.BusFault_Handler)
    i.Clr1SecFlag                            0x08000550   Section        0  timer.o(i.Clr1SecFlag)
    i.Clr2msFlag                             0x0800055c   Section        0  timer.o(i.Clr2msFlag)
    i.ConfigADC1                             0x08000568   Section        0  adc.o(i.ConfigADC1)
    ConfigADC1                               0x08000569   Thumb Code   164  adc.o(i.ConfigADC1)
    i.ConfigDAC1                             0x08000614   Section        0  dac.o(i.ConfigDAC1)
    ConfigDAC1                               0x08000615   Thumb Code    92  dac.o(i.ConfigDAC1)
    i.ConfigDMA1Ch1                          0x08000674   Section        0  adc.o(i.ConfigDMA1Ch1)
    ConfigDMA1Ch1                            0x08000675   Thumb Code    82  adc.o(i.ConfigDMA1Ch1)
    i.ConfigDMA2Ch3ForDAC1                   0x080006d4   Section        0  dac.o(i.ConfigDMA2Ch3ForDAC1)
    ConfigDMA2Ch3ForDAC1                     0x080006d5   Thumb Code   120  dac.o(i.ConfigDMA2Ch3ForDAC1)
    i.ConfigKeyOneGPIO                       0x08000754   Section        0  keyone.o(i.ConfigKeyOneGPIO)
    ConfigKeyOneGPIO                         0x08000755   Thumb Code    90  keyone.o(i.ConfigKeyOneGPIO)
    i.ConfigLEDGPIO                          0x080007b8   Section        0  led.o(i.ConfigLEDGPIO)
    ConfigLEDGPIO                            0x080007b9   Thumb Code    84  led.o(i.ConfigLEDGPIO)
    i.ConfigNVIC                             0x08000810   Section        0  nvic.o(i.ConfigNVIC)
    ConfigNVIC                               0x08000811   Thumb Code    12  nvic.o(i.ConfigNVIC)
    i.ConfigRCC                              0x0800081c   Section        0  rcc.o(i.ConfigRCC)
    ConfigRCC                                0x0800081d   Thumb Code   100  rcc.o(i.ConfigRCC)
    i.ConfigTimer2                           0x08000880   Section        0  timer.o(i.ConfigTimer2)
    ConfigTimer2                             0x08000881   Thumb Code    92  timer.o(i.ConfigTimer2)
    i.ConfigTimer3                           0x080008dc   Section        0  adc.o(i.ConfigTimer3)
    ConfigTimer3                             0x080008dd   Thumb Code    94  adc.o(i.ConfigTimer3)
    i.ConfigTimer4                           0x08000940   Section        0  dac.o(i.ConfigTimer4)
    ConfigTimer4                             0x08000941   Thumb Code    64  dac.o(i.ConfigTimer4)
    i.ConfigTimer5                           0x08000984   Section        0  timer.o(i.ConfigTimer5)
    ConfigTimer5                             0x08000985   Thumb Code    90  timer.o(i.ConfigTimer5)
    i.ConfigUART                             0x080009e4   Section        0  uart1.o(i.ConfigUART)
    ConfigUART                               0x080009e5   Thumb Code   182  uart1.o(i.ConfigUART)
    i.DAC_Cmd                                0x08000aa8   Section        0  stm32f10x_dac.o(i.DAC_Cmd)
    i.DAC_DMACmd                             0x08000ad0   Section        0  stm32f10x_dac.o(i.DAC_DMACmd)
    i.DAC_Init                               0x08000afc   Section        0  stm32f10x_dac.o(i.DAC_Init)
    i.DAC_SetChannel1Data                    0x08000b30   Section        0  stm32f10x_dac.o(i.DAC_SetChannel1Data)
    i.DMA2_Channel3_IRQHandler               0x08000b50   Section        0  dac.o(i.DMA2_Channel3_IRQHandler)
    i.DMA_ClearITPendingBit                  0x08000b90   Section        0  stm32f10x_dma.o(i.DMA_ClearITPendingBit)
    i.DMA_Cmd                                0x08000bac   Section        0  stm32f10x_dma.o(i.DMA_Cmd)
    i.DMA_DeInit                             0x08000bc4   Section        0  stm32f10x_dma.o(i.DMA_DeInit)
    i.DMA_GetITStatus                        0x08000d10   Section        0  stm32f10x_dma.o(i.DMA_GetITStatus)
    i.DMA_ITConfig                           0x08000d3c   Section        0  stm32f10x_dma.o(i.DMA_ITConfig)
    i.DMA_Init                               0x08000d4e   Section        0  stm32f10x_dma.o(i.DMA_Init)
    i.DeQueue                                0x08000d8a   Section        0  queue.o(i.DeQueue)
    i.DeU16Queue                             0x08000dce   Section        0  u16queue.o(i.DeU16Queue)
    i.DebugMon_Handler                       0x08000e16   Section        0  stm32f10x_it.o(i.DebugMon_Handler)
    i.EnQueue                                0x08000e18   Section        0  queue.o(i.EnQueue)
    i.EnU16Queue                             0x08000e60   Section        0  u16queue.o(i.EnU16Queue)
    i.EnableUARTTx                           0x08000eac   Section        0  uart1.o(i.EnableUARTTx)
    EnableUARTTx                             0x08000ead   Thumb Code    22  uart1.o(i.EnableUARTTx)
    i.FLASH_PrefetchBufferCmd                0x08000ecc   Section        0  stm32f10x_flash.o(i.FLASH_PrefetchBufferCmd)
    i.FLASH_SetLatency                       0x08000ee8   Section        0  stm32f10x_flash.o(i.FLASH_SetLatency)
    i.GPIO_Init                              0x08000f00   Section        0  stm32f10x_gpio.o(i.GPIO_Init)
    i.GPIO_ReadInputDataBit                  0x08001016   Section        0  stm32f10x_gpio.o(i.GPIO_ReadInputDataBit)
    i.GPIO_ReadOutputDataBit                 0x08001028   Section        0  stm32f10x_gpio.o(i.GPIO_ReadOutputDataBit)
    i.GPIO_WriteBit                          0x0800103a   Section        0  stm32f10x_gpio.o(i.GPIO_WriteBit)
    i.Get1SecFlag                            0x08001044   Section        0  timer.o(i.Get1SecFlag)
    i.Get2msFlag                             0x08001050   Section        0  timer.o(i.Get2msFlag)
    i.GetRectWave100PointAddr                0x0800105c   Section        0  wave.o(i.GetRectWave100PointAddr)
    i.GetSineWave100PointAddr                0x08001064   Section        0  wave.o(i.GetSineWave100PointAddr)
    i.GetTriWave100PointAddr                 0x0800106c   Section        0  wave.o(i.GetTriWave100PointAddr)
    i.HardFault_Handler                      0x08001074   Section        0  stm32f10x_it.o(i.HardFault_Handler)
    i.InitADC                                0x08001078   Section        0  adc.o(i.InitADC)
    i.InitDAC                                0x080010a4   Section        0  dac.o(i.InitDAC)
    i.InitDAC_task                           0x080010c8   Section        0  dac.o(i.InitDAC_task)
    i.InitHardware                           0x08001104   Section        0  main.o(i.InitHardware)
    InitHardware                             0x08001105   Thumb Code    52  main.o(i.InitHardware)
    i.InitKeyOne                             0x08001138   Section        0  keyone.o(i.InitKeyOne)
    i.InitLED                                0x08001150   Section        0  led.o(i.InitLED)
    i.InitNVIC                               0x08001158   Section        0  nvic.o(i.InitNVIC)
    i.InitPackUnpack                         0x08001160   Section        0  packunpack.o(i.InitPackUnpack)
    i.InitProcHostCmd                        0x080011a4   Section        0  prochostcmd.o(i.InitProcHostCmd)
    i.InitProcKeyOne                         0x080011a6   Section        0  prockeyone.o(i.InitProcKeyOne)
    i.InitQueue                              0x080011a8   Section        0  queue.o(i.InitQueue)
    i.InitRCC                                0x080011cc   Section        0  rcc.o(i.InitRCC)
    i.InitSendDataToHost                     0x080011d4   Section        0  senddatatohost.o(i.InitSendDataToHost)
    i.InitSoftware                           0x080011d6   Section        0  main.o(i.InitSoftware)
    InitSoftware                             0x080011d7   Thumb Code    16  main.o(i.InitSoftware)
    i.InitSysTick                            0x080011e8   Section        0  systick.o(i.InitSysTick)
    i.InitTimer                              0x08001250   Section        0  timer.o(i.InitTimer)
    i.InitU16Queue                           0x08001268   Section        0  u16queue.o(i.InitU16Queue)
    i.InitUART1                              0x0800128e   Section        0  uart1.o(i.InitUART1)
    i.InitUARTBuf                            0x080012a0   Section        0  uart1.o(i.InitUARTBuf)
    InitUARTBuf                              0x080012a1   Thumb Code    46  uart1.o(i.InitUARTBuf)
    i.LEDFlicker                             0x080012e0   Section        0  led.o(i.LEDFlicker)
    i.MemManage_Handler                      0x08001334   Section        0  stm32f10x_it.o(i.MemManage_Handler)
    i.NMI_Handler                            0x08001338   Section        0  stm32f10x_it.o(i.NMI_Handler)
    i.NVIC_ClearPendingIRQ                   0x0800133c   Section        0  uart1.o(i.NVIC_ClearPendingIRQ)
    NVIC_ClearPendingIRQ                     0x0800133d   Thumb Code    18  uart1.o(i.NVIC_ClearPendingIRQ)
    i.NVIC_Init                              0x08001354   Section        0  misc.o(i.NVIC_Init)
    i.NVIC_PriorityGroupConfig               0x080013c4   Section        0  misc.o(i.NVIC_PriorityGroupConfig)
    i.PackData                               0x080013d8   Section        0  packunpack.o(i.PackData)
    i.PackWithCheckSum                       0x080013f0   Section        0  packunpack.o(i.PackWithCheckSum)
    PackWithCheckSum                         0x080013f1   Thumb Code    62  packunpack.o(i.PackWithCheckSum)
    i.PendSV_Handler                         0x0800142e   Section        0  stm32f10x_it.o(i.PendSV_Handler)
    i.Proc1SecTask                           0x08001430   Section        0  main.o(i.Proc1SecTask)
    Proc1SecTask                             0x08001431   Thumb Code    14  main.o(i.Proc1SecTask)
    i.Proc2msTask                            0x08001440   Section        0  main.o(i.Proc2msTask)
    Proc2msTask                              0x08001441   Thumb Code   166  main.o(i.Proc2msTask)
    i.ProcKeyDownKey1                        0x08001510   Section        0  prockeyone.o(i.ProcKeyDownKey1)
    i.ProcKeyDownKey2                        0x08001570   Section        0  prockeyone.o(i.ProcKeyDownKey2)
    i.ProcKeyDownKey3                        0x0800158c   Section        0  prockeyone.o(i.ProcKeyDownKey3)
    i.ProcKeyUpKey1                          0x080015a8   Section        0  prockeyone.o(i.ProcKeyUpKey1)
    i.ProcKeyUpKey2                          0x080015aa   Section        0  prockeyone.o(i.ProcKeyUpKey2)
    i.ProcKeyUpKey3                          0x080015ac   Section        0  prockeyone.o(i.ProcKeyUpKey3)
    i.QueueEmpty                             0x080015ae   Section        0  queue.o(i.QueueEmpty)
    i.RCC_ADCCLKConfig                       0x080015bc   Section        0  stm32f10x_rcc.o(i.RCC_ADCCLKConfig)
    i.RCC_AHBPeriphClockCmd                  0x080015d4   Section        0  stm32f10x_rcc.o(i.RCC_AHBPeriphClockCmd)
    i.RCC_APB1PeriphClockCmd                 0x080015f4   Section        0  stm32f10x_rcc.o(i.RCC_APB1PeriphClockCmd)
    i.RCC_APB1PeriphResetCmd                 0x08001614   Section        0  stm32f10x_rcc.o(i.RCC_APB1PeriphResetCmd)
    i.RCC_APB2PeriphClockCmd                 0x08001634   Section        0  stm32f10x_rcc.o(i.RCC_APB2PeriphClockCmd)
    i.RCC_APB2PeriphResetCmd                 0x08001654   Section        0  stm32f10x_rcc.o(i.RCC_APB2PeriphResetCmd)
    i.RCC_DeInit                             0x08001674   Section        0  stm32f10x_rcc.o(i.RCC_DeInit)
    i.RCC_GetClocksFreq                      0x080016c0   Section        0  stm32f10x_rcc.o(i.RCC_GetClocksFreq)
    i.RCC_GetFlagStatus                      0x08001794   Section        0  stm32f10x_rcc.o(i.RCC_GetFlagStatus)
    i.RCC_GetSYSCLKSource                    0x080017d0   Section        0  stm32f10x_rcc.o(i.RCC_GetSYSCLKSource)
    i.RCC_HCLKConfig                         0x080017e0   Section        0  stm32f10x_rcc.o(i.RCC_HCLKConfig)
    i.RCC_HSEConfig                          0x080017f8   Section        0  stm32f10x_rcc.o(i.RCC_HSEConfig)
    i.RCC_PCLK1Config                        0x08001844   Section        0  stm32f10x_rcc.o(i.RCC_PCLK1Config)
    i.RCC_PCLK2Config                        0x0800185c   Section        0  stm32f10x_rcc.o(i.RCC_PCLK2Config)
    i.RCC_PLLCmd                             0x08001874   Section        0  stm32f10x_rcc.o(i.RCC_PLLCmd)
    i.RCC_PLLConfig                          0x08001880   Section        0  stm32f10x_rcc.o(i.RCC_PLLConfig)
    i.RCC_SYSCLKConfig                       0x0800189c   Section        0  stm32f10x_rcc.o(i.RCC_SYSCLKConfig)
    i.RCC_WaitForHSEStartUp                  0x080018b4   Section        0  stm32f10x_rcc.o(i.RCC_WaitForHSEStartUp)
    i.ReadADCBuf                             0x080018ec   Section        0  adc.o(i.ReadADCBuf)
    i.ReadSendBuf                            0x08001908   Section        0  uart1.o(i.ReadSendBuf)
    ReadSendBuf                              0x08001909   Thumb Code    22  uart1.o(i.ReadSendBuf)
    i.SVC_Handler                            0x08001924   Section        0  stm32f10x_it.o(i.SVC_Handler)
    i.ScanKeyOne                             0x08001928   Section        0  keyone.o(i.ScanKeyOne)
    i.SendPackToHost                         0x080019dc   Section        0  senddatatohost.o(i.SendPackToHost)
    SendPackToHost                           0x080019dd   Thumb Code    28  senddatatohost.o(i.SendPackToHost)
    i.SendWaveToHost                         0x080019f8   Section        0  senddatatohost.o(i.SendWaveToHost)
    i.SetSysClock                            0x08001a34   Section        0  system_stm32f10x.o(i.SetSysClock)
    SetSysClock                              0x08001a35   Thumb Code     8  system_stm32f10x.o(i.SetSysClock)
    i.SetSysClockTo72                        0x08001a3c   Section        0  system_stm32f10x.o(i.SetSysClockTo72)
    SetSysClockTo72                          0x08001a3d   Thumb Code   214  system_stm32f10x.o(i.SetSysClockTo72)
    i.SysTick_Handler                        0x08001b1c   Section        0  systick.o(i.SysTick_Handler)
    i.SystemInit                             0x08001b24   Section        0  system_stm32f10x.o(i.SystemInit)
    i.TIM2_IRQHandler                        0x08001b84   Section        0  timer.o(i.TIM2_IRQHandler)
    i.TIM3_IRQHandler                        0x08001bc0   Section        0  adc.o(i.TIM3_IRQHandler)
    i.TIM5_IRQHandler                        0x08001be8   Section        0  timer.o(i.TIM5_IRQHandler)
    i.TIM_ClearITPendingBit                  0x08001c30   Section        0  stm32f10x_tim.o(i.TIM_ClearITPendingBit)
    i.TIM_Cmd                                0x08001c36   Section        0  stm32f10x_tim.o(i.TIM_Cmd)
    i.TIM_DeInit                             0x08001c50   Section        0  stm32f10x_tim.o(i.TIM_DeInit)
    i.TIM_GetITStatus                        0x08001e38   Section        0  stm32f10x_tim.o(i.TIM_GetITStatus)
    i.TIM_ITConfig                           0x08001e5a   Section        0  stm32f10x_tim.o(i.TIM_ITConfig)
    i.TIM_SelectOutputTrigger                0x08001e6c   Section        0  stm32f10x_tim.o(i.TIM_SelectOutputTrigger)
    i.TIM_TimeBaseInit                       0x08001e80   Section        0  stm32f10x_tim.o(i.TIM_TimeBaseInit)
    i.TimDelayDec                            0x08001f24   Section        0  systick.o(i.TimDelayDec)
    TimDelayDec                              0x08001f25   Thumb Code    18  systick.o(i.TimDelayDec)
    i.USART1_IRQHandler                      0x08001f3c   Section        0  uart1.o(i.USART1_IRQHandler)
    i.USART_ClearFlag                        0x08001fd4   Section        0  stm32f10x_usart.o(i.USART_ClearFlag)
    i.USART_ClearITPendingBit                0x08001fe6   Section        0  stm32f10x_usart.o(i.USART_ClearITPendingBit)
    i.USART_Cmd                              0x08002004   Section        0  stm32f10x_usart.o(i.USART_Cmd)
    i.USART_GetFlagStatus                    0x0800201c   Section        0  stm32f10x_usart.o(i.USART_GetFlagStatus)
    i.USART_GetITStatus                      0x08002036   Section        0  stm32f10x_usart.o(i.USART_GetITStatus)
    i.USART_ITConfig                         0x0800208a   Section        0  stm32f10x_usart.o(i.USART_ITConfig)
    i.USART_Init                             0x080020d4   Section        0  stm32f10x_usart.o(i.USART_Init)
    i.USART_ReceiveData                      0x080021ac   Section        0  stm32f10x_usart.o(i.USART_ReceiveData)
    i.USART_SendData                         0x080021b6   Section        0  stm32f10x_usart.o(i.USART_SendData)
    i.USART_StructInit                       0x080021be   Section        0  stm32f10x_usart.o(i.USART_StructInit)
    i.UsageFault_Handler                     0x080021d6   Section        0  stm32f10x_it.o(i.UsageFault_Handler)
    i.WriteADCBuf                            0x080021dc   Section        0  adc.o(i.WriteADCBuf)
    i.WriteReceiveBuf                        0x080021f4   Section        0  uart1.o(i.WriteReceiveBuf)
    WriteReceiveBuf                          0x080021f5   Thumb Code    20  uart1.o(i.WriteReceiveBuf)
    i.WriteUART1                             0x0800220c   Section        0  uart1.o(i.WriteUART1)
    i.__scatterload_copy                     0x0800223c   Section       14  handlers.o(i.__scatterload_copy)
    i.__scatterload_null                     0x0800224a   Section        2  handlers.o(i.__scatterload_null)
    i.__scatterload_zeroinit                 0x0800224c   Section       14  handlers.o(i.__scatterload_zeroinit)
    i.changewavearr                          0x0800225a   Section        0  wave.o(i.changewavearr)
    changewavearr                            0x0800225b   Thumb Code    50  wave.o(i.changewavearr)
    i.findmax                                0x0800228c   Section        0  wave.o(i.findmax)
    findmax                                  0x0800228d   Thumb Code    32  wave.o(i.findmax)
    i.main                                   0x080022ac   Section        0  main.o(i.main)
    .data                                    0x20000000   Section        9  main.o(.data)
    s_iCnt5                                  0x20000000   Data           2  main.o(.data)
    s_iCnt4                                  0x20000002   Data           1  main.o(.data)
    s_iPointCnt                              0x20000003   Data           1  main.o(.data)
    s_arrWaveData                            0x20000004   Data           5  main.o(.data)
    .data                                    0x2000000a   Section        2  led.o(.data)
    s_iCnt                                   0x2000000a   Data           2  led.o(.data)
    .data                                    0x2000000c   Section        3  packunpack.o(.data)
    s_iPackLen                               0x2000000c   Data           1  packunpack.o(.data)
    s_iGotPackId                             0x2000000d   Data           1  packunpack.o(.data)
    s_iRestByteNum                           0x2000000e   Data           1  packunpack.o(.data)
    .data                                    0x2000000f   Section        9  keyone.o(.data)
    s_iarrKeyDownLevel                       0x2000000f   Data           3  keyone.o(.data)
    s_arrKeyVal                              0x20000012   Data           3  keyone.o(.data)
    s_arrKeyFlag                             0x20000015   Data           3  keyone.o(.data)
    .data                                    0x20000018   Section        1  prockeyone.o(.data)
    wavemode                                 0x20000018   Data           1  prockeyone.o(.data)
    .data                                    0x2000001a   Section        6  timer.o(.data)
    s_i2msFlag                               0x2000001a   Data           1  timer.o(.data)
    s_i1secFlag                              0x2000001b   Data           1  timer.o(.data)
    s_iCnt2                                  0x2000001c   Data           2  timer.o(.data)
    s_iCnt1000                               0x2000001e   Data           2  timer.o(.data)
    .data                                    0x20000020   Section        1  uart1.o(.data)
    s_iUARTTxSts                             0x20000020   Data           1  uart1.o(.data)
    .data                                    0x20000022   Section        2  adc.o(.data)
    s_arrADC1Data                            0x20000022   Data           2  adc.o(.data)
    .data                                    0x20000024   Section        8  dac.o(.data)
    s_strDAC1WaveBuf                         0x20000024   Data           8  dac.o(.data)
    .data                                    0x2000002c   Section      600  wave.o(.data)
    s_arrSineWave100Point                    0x2000002c   Data         200  wave.o(.data)
    s_arrRectWave100Point                    0x200000f4   Data         200  wave.o(.data)
    s_arrTriWave100Point                     0x200001bc   Data         200  wave.o(.data)
    .data                                    0x20000284   Section       20  stm32f10x_rcc.o(.data)
    APBAHBPrescTable                         0x20000284   Data          16  stm32f10x_rcc.o(.data)
    ADCPrescTable                            0x20000294   Data           4  stm32f10x_rcc.o(.data)
    .data                                    0x20000298   Section        4  systick.o(.data)
    s_iTimDelayCnt                           0x20000298   Data           4  systick.o(.data)
    .data                                    0x2000029c   Section       20  system_stm32f10x.o(.data)
    .bss                                     0x200002b0   Section       10  packunpack.o(.bss)
    s_ptPack                                 0x200002b0   Data          10  packunpack.o(.bss)
    .bss                                     0x200002bc   Section      224  uart1.o(.bss)
    s_structUARTSendCirQue                   0x200002bc   Data          12  uart1.o(.bss)
    s_structUARTRecCirQue                    0x200002c8   Data          12  uart1.o(.bss)
    s_arrSendBuf                             0x200002d4   Data         100  uart1.o(.bss)
    s_arrRecBuf                              0x20000338   Data         100  uart1.o(.bss)
    .bss                                     0x2000039c   Section      212  adc.o(.bss)
    s_structADCCirQue                        0x2000039c   Data          12  adc.o(.bss)
    s_arrADCBuf                              0x200003a8   Data         200  adc.o(.bss)
    STACK                                    0x20000470   Section     1024  startup_stm32f10x_hd.o(STACK)

    Global Symbols

    Symbol Name                              Value     Ov Type        Size  Object(Section)

    BuildAttributes$$THM_ISAv4$P$D$K$B$S$PE$A:L22UL41UL21$X:L11$S22US41US21$IEEE1$IW$USESV6$~STKCKD$USESV7$~SHL$OTIME$ROPI$EBA8$MICROLIB$REQ8$PRES8$EABIv2 0x00000000   Number         0  anon$$obj.o ABSOLUTE
    __ARM_use_no_argv                        0x00000000   Number         0  main.o ABSOLUTE
    __cpp_initialize__aeabi_                  - Undefined Weak Reference
    __cxa_finalize                            - Undefined Weak Reference
    _clock_init                               - Undefined Weak Reference
    _microlib_exit                            - Undefined Weak Reference
    __Vectors_Size                           0x00000130   Number         0  startup_stm32f10x_hd.o ABSOLUTE
    __Vectors                                0x08000000   Data           4  startup_stm32f10x_hd.o(RESET)
    __Vectors_End                            0x08000130   Data           0  startup_stm32f10x_hd.o(RESET)
    __main                                   0x08000131   Thumb Code     0  entry.o(.ARM.Collect$$$$00000000)
    _main_stk                                0x08000131   Thumb Code     0  entry2.o(.ARM.Collect$$$$00000001)
    _main_scatterload                        0x08000135   Thumb Code     0  entry5.o(.ARM.Collect$$$$00000004)
    __main_after_scatterload                 0x08000139   Thumb Code     0  entry5.o(.ARM.Collect$$$$00000004)
    _main_clock                              0x08000139   Thumb Code     0  entry7b.o(.ARM.Collect$$$$00000008)
    _main_cpp_init                           0x08000139   Thumb Code     0  entry8b.o(.ARM.Collect$$$$0000000A)
    _main_init                               0x08000139   Thumb Code     0  entry9a.o(.ARM.Collect$$$$0000000B)
    __rt_final_cpp                           0x08000141   Thumb Code     0  entry10a.o(.ARM.Collect$$$$0000000D)
    __rt_final_exit                          0x08000141   Thumb Code     0  entry11a.o(.ARM.Collect$$$$0000000F)
    Reset_Handler                            0x08000145   Thumb Code     8  startup_stm32f10x_hd.o(.text)
    ADC1_2_IRQHandler                        0x0800015f   Thumb Code     0  startup_stm32f10x_hd.o(.text)
    ADC3_IRQHandler                          0x0800015f   Thumb Code     0  startup_stm32f10x_hd.o(.text)
    CAN1_RX1_IRQHandler                      0x0800015f   Thumb Code     0  startup_stm32f10x_hd.o(.text)
    CAN1_SCE_IRQHandler                      0x0800015f   Thumb Code     0  startup_stm32f10x_hd.o(.text)
    DMA1_Channel1_IRQHandler                 0x0800015f   Thumb Code     0  startup_stm32f10x_hd.o(.text)
    DMA1_Channel2_IRQHandler                 0x0800015f   Thumb Code     0  startup_stm32f10x_hd.o(.text)
    DMA1_Channel3_IRQHandler                 0x0800015f   Thumb Code     0  startup_stm32f10x_hd.o(.text)
    DMA1_Channel4_IRQHandler                 0x0800015f   Thumb Code     0  startup_stm32f10x_hd.o(.text)
    DMA1_Channel5_IRQHandler                 0x0800015f   Thumb Code     0  startup_stm32f10x_hd.o(.text)
    DMA1_Channel6_IRQHandler                 0x0800015f   Thumb Code     0  startup_stm32f10x_hd.o(.text)
    DMA1_Channel7_IRQHandler                 0x0800015f   Thumb Code     0  startup_stm32f10x_hd.o(.text)
    DMA2_Channel1_IRQHandler                 0x0800015f   Thumb Code     0  startup_stm32f10x_hd.o(.text)
    DMA2_Channel2_IRQHandler                 0x0800015f   Thumb Code     0  startup_stm32f10x_hd.o(.text)
    DMA2_Channel4_5_IRQHandler               0x0800015f   Thumb Code     0  startup_stm32f10x_hd.o(.text)
    EXTI0_IRQHandler                         0x0800015f   Thumb Code     0  startup_stm32f10x_hd.o(.text)
    EXTI15_10_IRQHandler                     0x0800015f   Thumb Code     0  startup_stm32f10x_hd.o(.text)
    EXTI1_IRQHandler                         0x0800015f   Thumb Code     0  startup_stm32f10x_hd.o(.text)
    EXTI2_IRQHandler                         0x0800015f   Thumb Code     0  startup_stm32f10x_hd.o(.text)
    EXTI3_IRQHandler                         0x0800015f   Thumb Code     0  startup_stm32f10x_hd.o(.text)
    EXTI4_IRQHandler                         0x0800015f   Thumb Code     0  startup_stm32f10x_hd.o(.text)
    EXTI9_5_IRQHandler                       0x0800015f   Thumb Code     0  startup_stm32f10x_hd.o(.text)
    FLASH_IRQHandler                         0x0800015f   Thumb Code     0  startup_stm32f10x_hd.o(.text)
    FSMC_IRQHandler                          0x0800015f   Thumb Code     0  startup_stm32f10x_hd.o(.text)
    I2C1_ER_IRQHandler                       0x0800015f   Thumb Code     0  startup_stm32f10x_hd.o(.text)
    I2C1_EV_IRQHandler                       0x0800015f   Thumb Code     0  startup_stm32f10x_hd.o(.text)
    I2C2_ER_IRQHandler                       0x0800015f   Thumb Code     0  startup_stm32f10x_hd.o(.text)
    I2C2_EV_IRQHandler                       0x0800015f   Thumb Code     0  startup_stm32f10x_hd.o(.text)
    PVD_IRQHandler                           0x0800015f   Thumb Code     0  startup_stm32f10x_hd.o(.text)
    RCC_IRQHandler                           0x0800015f   Thumb Code     0  startup_stm32f10x_hd.o(.text)
    RTCAlarm_IRQHandler                      0x0800015f   Thumb Code     0  startup_stm32f10x_hd.o(.text)
    RTC_IRQHandler                           0x0800015f   Thumb Code     0  startup_stm32f10x_hd.o(.text)
    SDIO_IRQHandler                          0x0800015f   Thumb Code     0  startup_stm32f10x_hd.o(.text)
    SPI1_IRQHandler                          0x0800015f   Thumb Code     0  startup_stm32f10x_hd.o(.text)
    SPI2_IRQHandler                          0x0800015f   Thumb Code     0  startup_stm32f10x_hd.o(.text)
    SPI3_IRQHandler                          0x0800015f   Thumb Code     0  startup_stm32f10x_hd.o(.text)
    TAMPER_IRQHandler                        0x0800015f   Thumb Code     0  startup_stm32f10x_hd.o(.text)
    TIM1_BRK_IRQHandler                      0x0800015f   Thumb Code     0  startup_stm32f10x_hd.o(.text)
    TIM1_CC_IRQHandler                       0x0800015f   Thumb Code     0  startup_stm32f10x_hd.o(.text)
    TIM1_TRG_COM_IRQHandler                  0x0800015f   Thumb Code     0  startup_stm32f10x_hd.o(.text)
    TIM1_UP_IRQHandler                       0x0800015f   Thumb Code     0  startup_stm32f10x_hd.o(.text)
    TIM4_IRQHandler                          0x0800015f   Thumb Code     0  startup_stm32f10x_hd.o(.text)
    TIM6_IRQHandler                          0x0800015f   Thumb Code     0  startup_stm32f10x_hd.o(.text)
    TIM7_IRQHandler                          0x0800015f   Thumb Code     0  startup_stm32f10x_hd.o(.text)
    TIM8_BRK_IRQHandler                      0x0800015f   Thumb Code     0  startup_stm32f10x_hd.o(.text)
    TIM8_CC_IRQHandler                       0x0800015f   Thumb Code     0  startup_stm32f10x_hd.o(.text)
    TIM8_TRG_COM_IRQHandler                  0x0800015f   Thumb Code     0  startup_stm32f10x_hd.o(.text)
    TIM8_UP_IRQHandler                       0x0800015f   Thumb Code     0  startup_stm32f10x_hd.o(.text)
    UART4_IRQHandler                         0x0800015f   Thumb Code     0  startup_stm32f10x_hd.o(.text)
    UART5_IRQHandler                         0x0800015f   Thumb Code     0  startup_stm32f10x_hd.o(.text)
    USART2_IRQHandler                        0x0800015f   Thumb Code     0  startup_stm32f10x_hd.o(.text)
    USART3_IRQHandler                        0x0800015f   Thumb Code     0  startup_stm32f10x_hd.o(.text)
    USBWakeUp_IRQHandler                     0x0800015f   Thumb Code     0  startup_stm32f10x_hd.o(.text)
    USB_HP_CAN1_TX_IRQHandler                0x0800015f   Thumb Code     0  startup_stm32f10x_hd.o(.text)
    USB_LP_CAN1_RX0_IRQHandler               0x0800015f   Thumb Code     0  startup_stm32f10x_hd.o(.text)
    WWDG_IRQHandler                          0x0800015f   Thumb Code     0  startup_stm32f10x_hd.o(.text)
    __aeabi_fmul                             0x08000169   Thumb Code   100  fmul.o(.text)
    __aeabi_ui2f                             0x080001cd   Thumb Code    10  ffltui.o(.text)
    __aeabi_f2uiz                            0x080001d7   Thumb Code    40  ffixui.o(.text)
    __I$use$fp                               0x080001ff   Thumb Code     0  iusefp.o(.text)
    _float_round                             0x080001ff   Thumb Code    18  fepilogue.o(.text)
    _float_epilogue                          0x08000211   Thumb Code    92  fepilogue.o(.text)
    __scatterload                            0x0800026d   Thumb Code    28  init.o(.text)
    __scatterload_rt2                        0x0800026d   Thumb Code     0  init.o(.text)
    __decompress                             0x08000291   Thumb Code     0  __dczerorl2.o(.text)
    __decompress1                            0x08000291   Thumb Code    86  __dczerorl2.o(.text)
    ADC_Cmd                                  0x080002e7   Thumb Code    22  stm32f10x_adc.o(i.ADC_Cmd)
    ADC_DMACmd                               0x080002fd   Thumb Code    22  stm32f10x_adc.o(i.ADC_DMACmd)
    ADC_ExternalTrigConvCmd                  0x08000313   Thumb Code    22  stm32f10x_adc.o(i.ADC_ExternalTrigConvCmd)
    ADC_GetCalibrationStatus                 0x08000329   Thumb Code    20  stm32f10x_adc.o(i.ADC_GetCalibrationStatus)
    ADC_GetResetCalibrationStatus            0x0800033d   Thumb Code    20  stm32f10x_adc.o(i.ADC_GetResetCalibrationStatus)
    ADC_Init                                 0x08000351   Thumb Code    70  stm32f10x_adc.o(i.ADC_Init)
    ADC_RegularChannelConfig                 0x080003a1   Thumb Code   184  stm32f10x_adc.o(i.ADC_RegularChannelConfig)
    ADC_ResetCalibration                     0x08000459   Thumb Code    10  stm32f10x_adc.o(i.ADC_ResetCalibration)
    ADC_StartCalibration                     0x08000463   Thumb Code    10  stm32f10x_adc.o(i.ADC_StartCalibration)
    Amplitude_add                            0x0800046d   Thumb Code    98  wave.o(i.Amplitude_add)
    Amplitude_dec                            0x080004e1   Thumb Code    92  wave.o(i.Amplitude_dec)
    BusFault_Handler                         0x0800054d   Thumb Code     4  stm32f10x_it.o(i.BusFault_Handler)
    Clr1SecFlag                              0x08000551   Thumb Code     8  timer.o(i.Clr1SecFlag)
    Clr2msFlag                               0x0800055d   Thumb Code     8  timer.o(i.Clr2msFlag)
    DAC_Cmd                                  0x08000aa9   Thumb Code    34  stm32f10x_dac.o(i.DAC_Cmd)
    DAC_DMACmd                               0x08000ad1   Thumb Code    38  stm32f10x_dac.o(i.DAC_DMACmd)
    DAC_Init                                 0x08000afd   Thumb Code    46  stm32f10x_dac.o(i.DAC_Init)
    DAC_SetChannel1Data                      0x08000b31   Thumb Code    26  stm32f10x_dac.o(i.DAC_SetChannel1Data)
    DMA2_Channel3_IRQHandler                 0x08000b51   Thumb Code    46  dac.o(i.DMA2_Channel3_IRQHandler)
    DMA_ClearITPendingBit                    0x08000b91   Thumb Code    18  stm32f10x_dma.o(i.DMA_ClearITPendingBit)
    DMA_Cmd                                  0x08000bad   Thumb Code    24  stm32f10x_dma.o(i.DMA_Cmd)
    DMA_DeInit                               0x08000bc5   Thumb Code   324  stm32f10x_dma.o(i.DMA_DeInit)
    DMA_GetITStatus                          0x08000d11   Thumb Code    36  stm32f10x_dma.o(i.DMA_GetITStatus)
    DMA_ITConfig                             0x08000d3d   Thumb Code    18  stm32f10x_dma.o(i.DMA_ITConfig)
    DMA_Init                                 0x08000d4f   Thumb Code    60  stm32f10x_dma.o(i.DMA_Init)
    DeQueue                                  0x08000d8b   Thumb Code    68  queue.o(i.DeQueue)
    DeU16Queue                               0x08000dcf   Thumb Code    72  u16queue.o(i.DeU16Queue)
    DebugMon_Handler                         0x08000e17   Thumb Code     2  stm32f10x_it.o(i.DebugMon_Handler)
    EnQueue                                  0x08000e19   Thumb Code    72  queue.o(i.EnQueue)
    EnU16Queue                               0x08000e61   Thumb Code    76  u16queue.o(i.EnU16Queue)
    FLASH_PrefetchBufferCmd                  0x08000ecd   Thumb Code    22  stm32f10x_flash.o(i.FLASH_PrefetchBufferCmd)
    FLASH_SetLatency                         0x08000ee9   Thumb Code    18  stm32f10x_flash.o(i.FLASH_SetLatency)
    GPIO_Init                                0x08000f01   Thumb Code   278  stm32f10x_gpio.o(i.GPIO_Init)
    GPIO_ReadInputDataBit                    0x08001017   Thumb Code    18  stm32f10x_gpio.o(i.GPIO_ReadInputDataBit)
    GPIO_ReadOutputDataBit                   0x08001029   Thumb Code    18  stm32f10x_gpio.o(i.GPIO_ReadOutputDataBit)
    GPIO_WriteBit                            0x0800103b   Thumb Code    10  stm32f10x_gpio.o(i.GPIO_WriteBit)
    Get1SecFlag                              0x08001045   Thumb Code     6  timer.o(i.Get1SecFlag)
    Get2msFlag                               0x08001051   Thumb Code     6  timer.o(i.Get2msFlag)
    GetRectWave100PointAddr                  0x0800105d   Thumb Code     4  wave.o(i.GetRectWave100PointAddr)
    GetSineWave100PointAddr                  0x08001065   Thumb Code     4  wave.o(i.GetSineWave100PointAddr)
    GetTriWave100PointAddr                   0x0800106d   Thumb Code     4  wave.o(i.GetTriWave100PointAddr)
    HardFault_Handler                        0x08001075   Thumb Code     4  stm32f10x_it.o(i.HardFault_Handler)
    InitADC                                  0x08001079   Thumb Code    34  adc.o(i.InitADC)
    InitDAC                                  0x080010a5   Thumb Code    30  dac.o(i.InitDAC)
    InitDAC_task                             0x080010c9   Thumb Code    54  dac.o(i.InitDAC_task)
    InitKeyOne                               0x08001139   Thumb Code    18  keyone.o(i.InitKeyOne)
    InitLED                                  0x08001151   Thumb Code     8  led.o(i.InitLED)
    InitNVIC                                 0x08001159   Thumb Code     8  nvic.o(i.InitNVIC)
    InitPackUnpack                           0x08001161   Thumb Code    50  packunpack.o(i.InitPackUnpack)
    InitProcHostCmd                          0x080011a5   Thumb Code     2  prochostcmd.o(i.InitProcHostCmd)
    InitProcKeyOne                           0x080011a7   Thumb Code     2  prockeyone.o(i.InitProcKeyOne)
    InitQueue                                0x080011a9   Thumb Code    36  queue.o(i.InitQueue)
    InitRCC                                  0x080011cd   Thumb Code     8  rcc.o(i.InitRCC)
    InitSendDataToHost                       0x080011d5   Thumb Code     2  senddatatohost.o(i.InitSendDataToHost)
    InitSysTick                              0x080011e9   Thumb Code    92  systick.o(i.InitSysTick)
    InitTimer                                0x08001251   Thumb Code    24  timer.o(i.InitTimer)
    InitU16Queue                             0x08001269   Thumb Code    38  u16queue.o(i.InitU16Queue)
    InitUART1                                0x0800128f   Thumb Code    16  uart1.o(i.InitUART1)
    LEDFlicker                               0x080012e1   Thumb Code    76  led.o(i.LEDFlicker)
    MemManage_Handler                        0x08001335   Thumb Code     4  stm32f10x_it.o(i.MemManage_Handler)
    NMI_Handler                              0x08001339   Thumb Code     2  stm32f10x_it.o(i.NMI_Handler)
    NVIC_Init                                0x08001355   Thumb Code   100  misc.o(i.NVIC_Init)
    NVIC_PriorityGroupConfig                 0x080013c5   Thumb Code    10  misc.o(i.NVIC_PriorityGroupConfig)
    PackData                                 0x080013d9   Thumb Code    24  packunpack.o(i.PackData)
    PendSV_Handler                           0x0800142f   Thumb Code     2  stm32f10x_it.o(i.PendSV_Handler)
    ProcKeyDownKey1                          0x08001511   Thumb Code    92  prockeyone.o(i.ProcKeyDownKey1)
    ProcKeyDownKey2                          0x08001571   Thumb Code    24  prockeyone.o(i.ProcKeyDownKey2)
    ProcKeyDownKey3                          0x0800158d   Thumb Code    24  prockeyone.o(i.ProcKeyDownKey3)
    ProcKeyUpKey1                            0x080015a9   Thumb Code     2  prockeyone.o(i.ProcKeyUpKey1)
    ProcKeyUpKey2                            0x080015ab   Thumb Code     2  prockeyone.o(i.ProcKeyUpKey2)
    ProcKeyUpKey3                            0x080015ad   Thumb Code     2  prockeyone.o(i.ProcKeyUpKey3)
    QueueEmpty                               0x080015af   Thumb Code    14  queue.o(i.QueueEmpty)
    RCC_ADCCLKConfig                         0x080015bd   Thumb Code    18  stm32f10x_rcc.o(i.RCC_ADCCLKConfig)
    RCC_AHBPeriphClockCmd                    0x080015d5   Thumb Code    26  stm32f10x_rcc.o(i.RCC_AHBPeriphClockCmd)
    RCC_APB1PeriphClockCmd                   0x080015f5   Thumb Code    26  stm32f10x_rcc.o(i.RCC_APB1PeriphClockCmd)
    RCC_APB1PeriphResetCmd                   0x08001615   Thumb Code    26  stm32f10x_rcc.o(i.RCC_APB1PeriphResetCmd)
    RCC_APB2PeriphClockCmd                   0x08001635   Thumb Code    26  stm32f10x_rcc.o(i.RCC_APB2PeriphClockCmd)
    RCC_APB2PeriphResetCmd                   0x08001655   Thumb Code    26  stm32f10x_rcc.o(i.RCC_APB2PeriphResetCmd)
    RCC_DeInit                               0x08001675   Thumb Code    64  stm32f10x_rcc.o(i.RCC_DeInit)
    RCC_GetClocksFreq                        0x080016c1   Thumb Code   192  stm32f10x_rcc.o(i.RCC_GetClocksFreq)
    RCC_GetFlagStatus                        0x08001795   Thumb Code    56  stm32f10x_rcc.o(i.RCC_GetFlagStatus)
    RCC_GetSYSCLKSource                      0x080017d1   Thumb Code    10  stm32f10x_rcc.o(i.RCC_GetSYSCLKSource)
    RCC_HCLKConfig                           0x080017e1   Thumb Code    18  stm32f10x_rcc.o(i.RCC_HCLKConfig)
    RCC_HSEConfig                            0x080017f9   Thumb Code    70  stm32f10x_rcc.o(i.RCC_HSEConfig)
    RCC_PCLK1Config                          0x08001845   Thumb Code    18  stm32f10x_rcc.o(i.RCC_PCLK1Config)
    RCC_PCLK2Config                          0x0800185d   Thumb Code    20  stm32f10x_rcc.o(i.RCC_PCLK2Config)
    RCC_PLLCmd                               0x08001875   Thumb Code     6  stm32f10x_rcc.o(i.RCC_PLLCmd)
    RCC_PLLConfig                            0x08001881   Thumb Code    24  stm32f10x_rcc.o(i.RCC_PLLConfig)
    RCC_SYSCLKConfig                         0x0800189d   Thumb Code    18  stm32f10x_rcc.o(i.RCC_SYSCLKConfig)
    RCC_WaitForHSEStartUp                    0x080018b5   Thumb Code    56  stm32f10x_rcc.o(i.RCC_WaitForHSEStartUp)
    ReadADCBuf                               0x080018ed   Thumb Code    22  adc.o(i.ReadADCBuf)
    SVC_Handler                              0x08001925   Thumb Code     2  stm32f10x_it.o(i.SVC_Handler)
    ScanKeyOne                               0x08001929   Thumb Code   158  keyone.o(i.ScanKeyOne)
    SendWaveToHost                           0x080019f9   Thumb Code    60  senddatatohost.o(i.SendWaveToHost)
    SysTick_Handler                          0x08001b1d   Thumb Code     8  systick.o(i.SysTick_Handler)
    SystemInit                               0x08001b25   Thumb Code    78  system_stm32f10x.o(i.SystemInit)
    TIM2_IRQHandler                          0x08001b85   Thumb Code    52  timer.o(i.TIM2_IRQHandler)
    TIM3_IRQHandler                          0x08001bc1   Thumb Code    30  adc.o(i.TIM3_IRQHandler)
    TIM5_IRQHandler                          0x08001be9   Thumb Code    58  timer.o(i.TIM5_IRQHandler)
    TIM_ClearITPendingBit                    0x08001c31   Thumb Code     6  stm32f10x_tim.o(i.TIM_ClearITPendingBit)
    TIM_Cmd                                  0x08001c37   Thumb Code    24  stm32f10x_tim.o(i.TIM_Cmd)
    TIM_DeInit                               0x08001c51   Thumb Code   424  stm32f10x_tim.o(i.TIM_DeInit)
    TIM_GetITStatus                          0x08001e39   Thumb Code    34  stm32f10x_tim.o(i.TIM_GetITStatus)
    TIM_ITConfig                             0x08001e5b   Thumb Code    18  stm32f10x_tim.o(i.TIM_ITConfig)
    TIM_SelectOutputTrigger                  0x08001e6d   Thumb Code    18  stm32f10x_tim.o(i.TIM_SelectOutputTrigger)
    TIM_TimeBaseInit                         0x08001e81   Thumb Code   122  stm32f10x_tim.o(i.TIM_TimeBaseInit)
    USART1_IRQHandler                        0x08001f3d   Thumb Code   140  uart1.o(i.USART1_IRQHandler)
    USART_ClearFlag                          0x08001fd5   Thumb Code    18  stm32f10x_usart.o(i.USART_ClearFlag)
    USART_ClearITPendingBit                  0x08001fe7   Thumb Code    30  stm32f10x_usart.o(i.USART_ClearITPendingBit)
    USART_Cmd                                0x08002005   Thumb Code    24  stm32f10x_usart.o(i.USART_Cmd)
    USART_GetFlagStatus                      0x0800201d   Thumb Code    26  stm32f10x_usart.o(i.USART_GetFlagStatus)
    USART_GetITStatus                        0x08002037   Thumb Code    84  stm32f10x_usart.o(i.USART_GetITStatus)
    USART_ITConfig                           0x0800208b   Thumb Code    74  stm32f10x_usart.o(i.USART_ITConfig)
    USART_Init                               0x080020d5   Thumb Code   210  stm32f10x_usart.o(i.USART_Init)
    USART_ReceiveData                        0x080021ad   Thumb Code    10  stm32f10x_usart.o(i.USART_ReceiveData)
    USART_SendData                           0x080021b7   Thumb Code     8  stm32f10x_usart.o(i.USART_SendData)
    USART_StructInit                         0x080021bf   Thumb Code    24  stm32f10x_usart.o(i.USART_StructInit)
    UsageFault_Handler                       0x080021d7   Thumb Code     4  stm32f10x_it.o(i.UsageFault_Handler)
    WriteADCBuf                              0x080021dd   Thumb Code    20  adc.o(i.WriteADCBuf)
    WriteUART1                               0x0800220d   Thumb Code    38  uart1.o(i.WriteUART1)
    __scatterload_copy                       0x0800223d   Thumb Code    14  handlers.o(i.__scatterload_copy)
    __scatterload_null                       0x0800224b   Thumb Code     2  handlers.o(i.__scatterload_null)
    __scatterload_zeroinit                   0x0800224d   Thumb Code    14  handlers.o(i.__scatterload_zeroinit)
    main                                     0x080022ad   Thumb Code    20  main.o(i.main)
    Region$$Table$$Base                      0x080022c0   Number         0  anon$$obj.o(Region$$Table)
    Region$$Table$$Limit                     0x080022e0   Number         0  anon$$obj.o(Region$$Table)
    SystemCoreClock                          0x2000029c   Data           4  system_stm32f10x.o(.data)
    AHBPrescTable                            0x200002a0   Data          16  system_stm32f10x.o(.data)
    __initial_sp                             0x20000870   Data           0  startup_stm32f10x_hd.o(STACK)



==============================================================================

Memory Map of the image

  Image Entry point : 0x08000131

  Load Region LR_IROM1 (Base: 0x08000000, Size: 0x00002590, Max: 0x00040000, ABSOLUTE, COMPRESSED[0x00002474])

    Execution Region ER_IROM1 (Exec base: 0x08000000, Load base: 0x08000000, Size: 0x000022e0, Max: 0x00040000, ABSOLUTE)

    Exec Addr    Load Addr    Size         Type   Attr      Idx    E Section Name        Object

    0x08000000   0x08000000   0x00000130   Data   RO         2546    RESET               startup_stm32f10x_hd.o
    0x08000130   0x08000130   0x00000000   Code   RO         2551  * .ARM.Collect$$$$00000000  mc_w.l(entry.o)
    0x08000130   0x08000130   0x00000004   Code   RO         2560    .ARM.Collect$$$$00000001  mc_w.l(entry2.o)
    0x08000134   0x08000134   0x00000004   Code   RO         2563    .ARM.Collect$$$$00000004  mc_w.l(entry5.o)
    0x08000138   0x08000138   0x00000000   Code   RO         2565    .ARM.Collect$$$$00000008  mc_w.l(entry7b.o)
    0x08000138   0x08000138   0x00000000   Code   RO         2567    .ARM.Collect$$$$0000000A  mc_w.l(entry8b.o)
    0x08000138   0x08000138   0x00000008   Code   RO         2568    .ARM.Collect$$$$0000000B  mc_w.l(entry9a.o)
    0x08000140   0x08000140   0x00000000   Code   RO         2570    .ARM.Collect$$$$0000000D  mc_w.l(entry10a.o)
    0x08000140   0x08000140   0x00000000   Code   RO         2572    .ARM.Collect$$$$0000000F  mc_w.l(entry11a.o)
    0x08000140   0x08000140   0x00000004   Code   RO         2561    .ARM.Collect$$$$00002712  mc_w.l(entry2.o)
    0x08000144   0x08000144   0x00000024   Code   RO         2547    .text               startup_stm32f10x_hd.o
    0x08000168   0x08000168   0x00000064   Code   RO         2554    .text               mf_w.l(fmul.o)
    0x080001cc   0x080001cc   0x0000000a   Code   RO         2556    .text               mf_w.l(ffltui.o)
    0x080001d6   0x080001d6   0x00000028   Code   RO         2558    .text               mf_w.l(ffixui.o)
    0x080001fe   0x080001fe   0x00000000   Code   RO         2574    .text               mc_w.l(iusefp.o)
    0x080001fe   0x080001fe   0x0000006e   Code   RO         2575    .text               mf_w.l(fepilogue.o)
    0x0800026c   0x0800026c   0x00000024   Code   RO         2577    .text               mc_w.l(init.o)
    0x08000290   0x08000290   0x00000056   Code   RO         2587    .text               mc_w.l(__dczerorl2.o)
    0x080002e6   0x080002e6   0x00000016   Code   RO         2018    i.ADC_Cmd           stm32f10x_adc.o
    0x080002fc   0x080002fc   0x00000016   Code   RO         2019    i.ADC_DMACmd        stm32f10x_adc.o
    0x08000312   0x08000312   0x00000016   Code   RO         2023    i.ADC_ExternalTrigConvCmd  stm32f10x_adc.o
    0x08000328   0x08000328   0x00000014   Code   RO         2026    i.ADC_GetCalibrationStatus  stm32f10x_adc.o
    0x0800033c   0x0800033c   0x00000014   Code   RO         2032    i.ADC_GetResetCalibrationStatus  stm32f10x_adc.o
    0x08000350   0x08000350   0x00000050   Code   RO         2036    i.ADC_Init          stm32f10x_adc.o
    0x080003a0   0x080003a0   0x000000b8   Code   RO         2040    i.ADC_RegularChannelConfig  stm32f10x_adc.o
    0x08000458   0x08000458   0x0000000a   Code   RO         2041    i.ADC_ResetCalibration  stm32f10x_adc.o
    0x08000462   0x08000462   0x0000000a   Code   RO         2045    i.ADC_StartCalibration  stm32f10x_adc.o
    0x0800046c   0x0800046c   0x00000074   Code   RO          706    i.Amplitude_add     wave.o
    0x080004e0   0x080004e0   0x0000006c   Code   RO          707    i.Amplitude_dec     wave.o
    0x0800054c   0x0800054c   0x00000004   Code   RO         2453    i.BusFault_Handler  stm32f10x_it.o
    0x08000550   0x08000550   0x0000000c   Code   RO          383    i.Clr1SecFlag       timer.o
    0x0800055c   0x0800055c   0x0000000c   Code   RO          384    i.Clr2msFlag        timer.o
    0x08000568   0x08000568   0x000000ac   Code   RO          566    i.ConfigADC1        adc.o
    0x08000614   0x08000614   0x00000060   Code   RO          659    i.ConfigDAC1        dac.o
    0x08000674   0x08000674   0x00000060   Code   RO          567    i.ConfigDMA1Ch1     adc.o
    0x080006d4   0x080006d4   0x00000080   Code   RO          660    i.ConfigDMA2Ch3ForDAC1  dac.o
    0x08000754   0x08000754   0x00000064   Code   RO          291    i.ConfigKeyOneGPIO  keyone.o
    0x080007b8   0x080007b8   0x00000058   Code   RO          141    i.ConfigLEDGPIO     led.o
    0x08000810   0x08000810   0x0000000c   Code   RO         2384    i.ConfigNVIC        nvic.o
    0x0800081c   0x0800081c   0x00000064   Code   RO          366    i.ConfigRCC         rcc.o
    0x08000880   0x08000880   0x0000005c   Code   RO          385    i.ConfigTimer2      timer.o
    0x080008dc   0x080008dc   0x00000064   Code   RO          568    i.ConfigTimer3      adc.o
    0x08000940   0x08000940   0x00000044   Code   RO          661    i.ConfigTimer4      dac.o
    0x08000984   0x08000984   0x00000060   Code   RO          386    i.ConfigTimer5      timer.o
    0x080009e4   0x080009e4   0x000000c4   Code   RO          488    i.ConfigUART        uart1.o
    0x08000aa8   0x08000aa8   0x00000028   Code   RO         2234    i.DAC_Cmd           stm32f10x_dac.o
    0x08000ad0   0x08000ad0   0x0000002c   Code   RO         2235    i.DAC_DMACmd        stm32f10x_dac.o
    0x08000afc   0x08000afc   0x00000034   Code   RO         2239    i.DAC_Init          stm32f10x_dac.o
    0x08000b30   0x08000b30   0x00000020   Code   RO         2240    i.DAC_SetChannel1Data  stm32f10x_dac.o
    0x08000b50   0x08000b50   0x00000040   Code   RO          662    i.DMA2_Channel3_IRQHandler  dac.o
    0x08000b90   0x08000b90   0x0000001c   Code   RO         2313    i.DMA_ClearITPendingBit  stm32f10x_dma.o
    0x08000bac   0x08000bac   0x00000018   Code   RO         2314    i.DMA_Cmd           stm32f10x_dma.o
    0x08000bc4   0x08000bc4   0x0000014c   Code   RO         2315    i.DMA_DeInit        stm32f10x_dma.o
    0x08000d10   0x08000d10   0x0000002c   Code   RO         2318    i.DMA_GetITStatus   stm32f10x_dma.o
    0x08000d3c   0x08000d3c   0x00000012   Code   RO         2319    i.DMA_ITConfig      stm32f10x_dma.o
    0x08000d4e   0x08000d4e   0x0000003c   Code   RO         2320    i.DMA_Init          stm32f10x_dma.o
    0x08000d8a   0x08000d8a   0x00000044   Code   RO          444    i.DeQueue           queue.o
    0x08000dce   0x08000dce   0x00000048   Code   RO          618    i.DeU16Queue        u16queue.o
    0x08000e16   0x08000e16   0x00000002   Code   RO         2454    i.DebugMon_Handler  stm32f10x_it.o
    0x08000e18   0x08000e18   0x00000048   Code   RO          445    i.EnQueue           queue.o
    0x08000e60   0x08000e60   0x0000004c   Code   RO          619    i.EnU16Queue        u16queue.o
    0x08000eac   0x08000eac   0x00000020   Code   RO          489    i.EnableUARTTx      uart1.o
    0x08000ecc   0x08000ecc   0x0000001c   Code   RO          813    i.FLASH_PrefetchBufferCmd  stm32f10x_flash.o
    0x08000ee8   0x08000ee8   0x00000018   Code   RO          818    i.FLASH_SetLatency  stm32f10x_flash.o
    0x08000f00   0x08000f00   0x00000116   Code   RO          976    i.GPIO_Init         stm32f10x_gpio.o
    0x08001016   0x08001016   0x00000012   Code   RO          980    i.GPIO_ReadInputDataBit  stm32f10x_gpio.o
    0x08001028   0x08001028   0x00000012   Code   RO          982    i.GPIO_ReadOutputDataBit  stm32f10x_gpio.o
    0x0800103a   0x0800103a   0x0000000a   Code   RO          987    i.GPIO_WriteBit     stm32f10x_gpio.o
    0x08001044   0x08001044   0x0000000c   Code   RO          387    i.Get1SecFlag       timer.o
    0x08001050   0x08001050   0x0000000c   Code   RO          388    i.Get2msFlag        timer.o
    0x0800105c   0x0800105c   0x00000008   Code   RO          708    i.GetRectWave100PointAddr  wave.o
    0x08001064   0x08001064   0x00000008   Code   RO          709    i.GetSineWave100PointAddr  wave.o
    0x0800106c   0x0800106c   0x00000008   Code   RO          710    i.GetTriWave100PointAddr  wave.o
    0x08001074   0x08001074   0x00000004   Code   RO         2455    i.HardFault_Handler  stm32f10x_it.o
    0x08001078   0x08001078   0x0000002c   Code   RO          569    i.InitADC           adc.o
    0x080010a4   0x080010a4   0x00000024   Code   RO          663    i.InitDAC           dac.o
    0x080010c8   0x080010c8   0x0000003c   Code   RO          664    i.InitDAC_task      dac.o
    0x08001104   0x08001104   0x00000034   Code   RO            1    i.InitHardware      main.o
    0x08001138   0x08001138   0x00000018   Code   RO          292    i.InitKeyOne        keyone.o
    0x08001150   0x08001150   0x00000008   Code   RO          142    i.InitLED           led.o
    0x08001158   0x08001158   0x00000008   Code   RO         2385    i.InitNVIC          nvic.o
    0x08001160   0x08001160   0x00000044   Code   RO          185    i.InitPackUnpack    packunpack.o
    0x080011a4   0x080011a4   0x00000002   Code   RO          265    i.InitProcHostCmd   prochostcmd.o
    0x080011a6   0x080011a6   0x00000002   Code   RO          316    i.InitProcKeyOne    prockeyone.o
    0x080011a8   0x080011a8   0x00000024   Code   RO          446    i.InitQueue         queue.o
    0x080011cc   0x080011cc   0x00000008   Code   RO          367    i.InitRCC           rcc.o
    0x080011d4   0x080011d4   0x00000002   Code   RO          230    i.InitSendDataToHost  senddatatohost.o
    0x080011d6   0x080011d6   0x00000010   Code   RO            2    i.InitSoftware      main.o
    0x080011e6   0x080011e6   0x00000002   PAD
    0x080011e8   0x080011e8   0x00000068   Code   RO         2403    i.InitSysTick       systick.o
    0x08001250   0x08001250   0x00000018   Code   RO          389    i.InitTimer         timer.o
    0x08001268   0x08001268   0x00000026   Code   RO          620    i.InitU16Queue      u16queue.o
    0x0800128e   0x0800128e   0x00000010   Code   RO          490    i.InitUART1         uart1.o
    0x0800129e   0x0800129e   0x00000002   PAD
    0x080012a0   0x080012a0   0x00000040   Code   RO          491    i.InitUARTBuf       uart1.o
    0x080012e0   0x080012e0   0x00000054   Code   RO          143    i.LEDFlicker        led.o
    0x08001334   0x08001334   0x00000004   Code   RO         2456    i.MemManage_Handler  stm32f10x_it.o
    0x08001338   0x08001338   0x00000002   Code   RO         2457    i.NMI_Handler       stm32f10x_it.o
    0x0800133a   0x0800133a   0x00000002   PAD
    0x0800133c   0x0800133c   0x00000018   Code   RO          492    i.NVIC_ClearPendingIRQ  uart1.o
    0x08001354   0x08001354   0x00000070   Code   RO          760    i.NVIC_Init         misc.o
    0x080013c4   0x080013c4   0x00000014   Code   RO          761    i.NVIC_PriorityGroupConfig  misc.o
    0x080013d8   0x080013d8   0x00000018   Code   RO          186    i.PackData          packunpack.o
    0x080013f0   0x080013f0   0x0000003e   Code   RO          187    i.PackWithCheckSum  packunpack.o
    0x0800142e   0x0800142e   0x00000002   Code   RO         2458    i.PendSV_Handler    stm32f10x_it.o
    0x08001430   0x08001430   0x0000000e   Code   RO            3    i.Proc1SecTask      main.o
    0x0800143e   0x0800143e   0x00000002   PAD
    0x08001440   0x08001440   0x000000d0   Code   RO            4    i.Proc2msTask       main.o
    0x08001510   0x08001510   0x00000060   Code   RO          317    i.ProcKeyDownKey1   prockeyone.o
    0x08001570   0x08001570   0x0000001c   Code   RO          318    i.ProcKeyDownKey2   prockeyone.o
    0x0800158c   0x0800158c   0x0000001c   Code   RO          319    i.ProcKeyDownKey3   prockeyone.o
    0x080015a8   0x080015a8   0x00000002   Code   RO          320    i.ProcKeyUpKey1     prockeyone.o
    0x080015aa   0x080015aa   0x00000002   Code   RO          321    i.ProcKeyUpKey2     prockeyone.o
    0x080015ac   0x080015ac   0x00000002   Code   RO          322    i.ProcKeyUpKey3     prockeyone.o
    0x080015ae   0x080015ae   0x0000000e   Code   RO          447    i.QueueEmpty        queue.o
    0x080015bc   0x080015bc   0x00000018   Code   RO         1084    i.RCC_ADCCLKConfig  stm32f10x_rcc.o
    0x080015d4   0x080015d4   0x00000020   Code   RO         1085    i.RCC_AHBPeriphClockCmd  stm32f10x_rcc.o
    0x080015f4   0x080015f4   0x00000020   Code   RO         1086    i.RCC_APB1PeriphClockCmd  stm32f10x_rcc.o
    0x08001614   0x08001614   0x00000020   Code   RO         1087    i.RCC_APB1PeriphResetCmd  stm32f10x_rcc.o
    0x08001634   0x08001634   0x00000020   Code   RO         1088    i.RCC_APB2PeriphClockCmd  stm32f10x_rcc.o
    0x08001654   0x08001654   0x00000020   Code   RO         1089    i.RCC_APB2PeriphResetCmd  stm32f10x_rcc.o
    0x08001674   0x08001674   0x0000004c   Code   RO         1095    i.RCC_DeInit        stm32f10x_rcc.o
    0x080016c0   0x080016c0   0x000000d4   Code   RO         1096    i.RCC_GetClocksFreq  stm32f10x_rcc.o
    0x08001794   0x08001794   0x0000003c   Code   RO         1097    i.RCC_GetFlagStatus  stm32f10x_rcc.o
    0x080017d0   0x080017d0   0x00000010   Code   RO         1099    i.RCC_GetSYSCLKSource  stm32f10x_rcc.o
    0x080017e0   0x080017e0   0x00000018   Code   RO         1100    i.RCC_HCLKConfig    stm32f10x_rcc.o
    0x080017f8   0x080017f8   0x0000004c   Code   RO         1101    i.RCC_HSEConfig     stm32f10x_rcc.o
    0x08001844   0x08001844   0x00000018   Code   RO         1107    i.RCC_PCLK1Config   stm32f10x_rcc.o
    0x0800185c   0x0800185c   0x00000018   Code   RO         1108    i.RCC_PCLK2Config   stm32f10x_rcc.o
    0x08001874   0x08001874   0x0000000c   Code   RO         1109    i.RCC_PLLCmd        stm32f10x_rcc.o
    0x08001880   0x08001880   0x0000001c   Code   RO         1110    i.RCC_PLLConfig     stm32f10x_rcc.o
    0x0800189c   0x0800189c   0x00000018   Code   RO         1113    i.RCC_SYSCLKConfig  stm32f10x_rcc.o
    0x080018b4   0x080018b4   0x00000038   Code   RO         1115    i.RCC_WaitForHSEStartUp  stm32f10x_rcc.o
    0x080018ec   0x080018ec   0x0000001c   Code   RO          570    i.ReadADCBuf        adc.o
    0x08001908   0x08001908   0x0000001c   Code   RO          493    i.ReadSendBuf       uart1.o
    0x08001924   0x08001924   0x00000002   Code   RO         2459    i.SVC_Handler       stm32f10x_it.o
    0x08001926   0x08001926   0x00000002   PAD
    0x08001928   0x08001928   0x000000b4   Code   RO          293    i.ScanKeyOne        keyone.o
    0x080019dc   0x080019dc   0x0000001c   Code   RO          232    i.SendPackToHost    senddatatohost.o
    0x080019f8   0x080019f8   0x0000003c   Code   RO          233    i.SendWaveToHost    senddatatohost.o
    0x08001a34   0x08001a34   0x00000008   Code   RO         2510    i.SetSysClock       system_stm32f10x.o
    0x08001a3c   0x08001a3c   0x000000e0   Code   RO         2511    i.SetSysClockTo72   system_stm32f10x.o
    0x08001b1c   0x08001b1c   0x00000008   Code   RO         2404    i.SysTick_Handler   systick.o
    0x08001b24   0x08001b24   0x00000060   Code   RO         2513    i.SystemInit        system_stm32f10x.o
    0x08001b84   0x08001b84   0x0000003c   Code   RO          390    i.TIM2_IRQHandler   timer.o
    0x08001bc0   0x08001bc0   0x00000028   Code   RO          571    i.TIM3_IRQHandler   adc.o
    0x08001be8   0x08001be8   0x00000048   Code   RO          391    i.TIM5_IRQHandler   timer.o
    0x08001c30   0x08001c30   0x00000006   Code   RO         1295    i.TIM_ClearITPendingBit  stm32f10x_tim.o
    0x08001c36   0x08001c36   0x00000018   Code   RO         1300    i.TIM_Cmd           stm32f10x_tim.o
    0x08001c4e   0x08001c4e   0x00000002   PAD
    0x08001c50   0x08001c50   0x000001e8   Code   RO         1305    i.TIM_DeInit        stm32f10x_tim.o
    0x08001e38   0x08001e38   0x00000022   Code   RO         1321    i.TIM_GetITStatus   stm32f10x_tim.o
    0x08001e5a   0x08001e5a   0x00000012   Code   RO         1325    i.TIM_ITConfig      stm32f10x_tim.o
    0x08001e6c   0x08001e6c   0x00000012   Code   RO         1357    i.TIM_SelectOutputTrigger  stm32f10x_tim.o
    0x08001e7e   0x08001e7e   0x00000002   PAD
    0x08001e80   0x08001e80   0x000000a4   Code   RO         1371    i.TIM_TimeBaseInit  stm32f10x_tim.o
    0x08001f24   0x08001f24   0x00000018   Code   RO         2405    i.TimDelayDec       systick.o
    0x08001f3c   0x08001f3c   0x00000098   Code   RO          496    i.USART1_IRQHandler  uart1.o
    0x08001fd4   0x08001fd4   0x00000012   Code   RO         1832    i.USART_ClearFlag   stm32f10x_usart.o
    0x08001fe6   0x08001fe6   0x0000001e   Code   RO         1833    i.USART_ClearITPendingBit  stm32f10x_usart.o
    0x08002004   0x08002004   0x00000018   Code   RO         1836    i.USART_Cmd         stm32f10x_usart.o
    0x0800201c   0x0800201c   0x0000001a   Code   RO         1839    i.USART_GetFlagStatus  stm32f10x_usart.o
    0x08002036   0x08002036   0x00000054   Code   RO         1840    i.USART_GetITStatus  stm32f10x_usart.o
    0x0800208a   0x0800208a   0x0000004a   Code   RO         1842    i.USART_ITConfig    stm32f10x_usart.o
    0x080020d4   0x080020d4   0x000000d8   Code   RO         1843    i.USART_Init        stm32f10x_usart.o
    0x080021ac   0x080021ac   0x0000000a   Code   RO         1850    i.USART_ReceiveData  stm32f10x_usart.o
    0x080021b6   0x080021b6   0x00000008   Code   RO         1853    i.USART_SendData    stm32f10x_usart.o
    0x080021be   0x080021be   0x00000018   Code   RO         1859    i.USART_StructInit  stm32f10x_usart.o
    0x080021d6   0x080021d6   0x00000004   Code   RO         2460    i.UsageFault_Handler  stm32f10x_it.o
    0x080021da   0x080021da   0x00000002   PAD
    0x080021dc   0x080021dc   0x00000018   Code   RO          572    i.WriteADCBuf       adc.o
    0x080021f4   0x080021f4   0x00000018   Code   RO          497    i.WriteReceiveBuf   uart1.o
    0x0800220c   0x0800220c   0x00000030   Code   RO          498    i.WriteUART1        uart1.o
    0x0800223c   0x0800223c   0x0000000e   Code   RO         2581    i.__scatterload_copy  mc_w.l(handlers.o)
    0x0800224a   0x0800224a   0x00000002   Code   RO         2582    i.__scatterload_null  mc_w.l(handlers.o)
    0x0800224c   0x0800224c   0x0000000e   Code   RO         2583    i.__scatterload_zeroinit  mc_w.l(handlers.o)
    0x0800225a   0x0800225a   0x00000032   Code   RO          712    i.changewavearr     wave.o
    0x0800228c   0x0800228c   0x00000020   Code   RO          713    i.findmax           wave.o
    0x080022ac   0x080022ac   0x00000014   Code   RO            5    i.main              main.o
    0x080022c0   0x080022c0   0x00000020   Data   RO         2579    Region$$Table       anon$$obj.o


    Execution Region RW_IRAM1 (Exec base: 0x20000000, Load base: 0x080022e0, Size: 0x00000870, Max: 0x0000c000, ABSOLUTE, COMPRESSED[0x00000194])

    Exec Addr    Load Addr    Size         Type   Attr      Idx    E Section Name        Object

    0x20000000   COMPRESSED   0x00000009   Data   RW            6    .data               main.o
    0x20000009   COMPRESSED   0x00000001   PAD
    0x2000000a   COMPRESSED   0x00000002   Data   RW          144    .data               led.o
    0x2000000c   COMPRESSED   0x00000003   Data   RW          191    .data               packunpack.o
    0x2000000f   COMPRESSED   0x00000009   Data   RW          294    .data               keyone.o
    0x20000018   COMPRESSED   0x00000001   Data   RW          323    .data               prockeyone.o
    0x20000019   COMPRESSED   0x00000001   PAD
    0x2000001a   COMPRESSED   0x00000006   Data   RW          392    .data               timer.o
    0x20000020   COMPRESSED   0x00000001   Data   RW          501    .data               uart1.o
    0x20000021   COMPRESSED   0x00000001   PAD
    0x20000022   COMPRESSED   0x00000002   Data   RW          574    .data               adc.o
    0x20000024   COMPRESSED   0x00000008   Data   RW          666    .data               dac.o
    0x2000002c   COMPRESSED   0x00000258   Data   RW          714    .data               wave.o
    0x20000284   COMPRESSED   0x00000014   Data   RW         1116    .data               stm32f10x_rcc.o
    0x20000298   COMPRESSED   0x00000004   Data   RW         2406    .data               systick.o
    0x2000029c   COMPRESSED   0x00000014   Data   RW         2514    .data               system_stm32f10x.o
    0x200002b0        -       0x0000000a   Zero   RW          190    .bss                packunpack.o
    0x200002ba   COMPRESSED   0x00000002   PAD
    0x200002bc        -       0x000000e0   Zero   RW          500    .bss                uart1.o
    0x2000039c        -       0x000000d4   Zero   RW          573    .bss                adc.o
    0x20000470        -       0x00000400   Zero   RW         2544    STACK               startup_stm32f10x_hd.o


==============================================================================

Image component sizes


      Code (inc. data)   RO Data    RW Data    ZI Data      Debug   Object Name

       504         58          0          2        212       4619   adc.o
         0          0          0          0          0         32   core_cm3.o
       452         46          0          8          0       3420   dac.o
       304         38          0          9          0       2402   keyone.o
       180         12          0          2          0     216155   led.o
       310         42          0          9          0     279571   main.o
       132         22          0          0          0       1451   misc.o
        20          0          0          0          0        843   nvic.o
       154         18          0          3         10       2996   packunpack.o
         2          0          0          0          0        802   prochostcmd.o
       160         12          0          1          0       3411   prockeyone.o
       190          0          0          0          0       3113   queue.o
       108          0          0          0          0        942   rcc.o
        90          0          0          0          0       2778   senddatatohost.o
        36          8        304          0       1024        808   startup_stm32f10x_hd.o
       390         10          0          0          0       7144   stm32f10x_adc.o
       168         24          0          0          0       2820   stm32f10x_dac.o
       506         26          0          0          0       4967   stm32f10x_dma.o
        52         12          0          0          0       1053   stm32f10x_flash.o
       324          0          0          0          0       3653   stm32f10x_gpio.o
        24          0          0          0          0       3544   stm32f10x_it.o
       816        116          0         20          0      12323   stm32f10x_rcc.o
       752        106          0          0          0       4709   stm32f10x_tim.o
       514          6          0          0          0       7616   stm32f10x_usart.o
       328         28          0         20          0       2233   system_stm32f10x.o
       136         18          0          4          0      17183   systick.o
       392         48          0          6          0       4630   timer.o
       186          0          0          0          0       2201   u16queue.o
       584         80          0          1        224      20444   uart1.o
       330         46          0        600          0       4221   wave.o

    ----------------------------------------------------------------------
      8160        776        336        688       1472     622084   Object Totals
         0          0         32          0          0          0   (incl. Generated)
        16          0          0          3          2          0   (incl. Padding)

    ----------------------------------------------------------------------

      Code (inc. data)   RO Data    RW Data    ZI Data      Debug   Library Member Name

        86          0          0          0          0          0   __dczerorl2.o
         0          0          0          0          0          0   entry.o
         0          0          0          0          0          0   entry10a.o
         0          0          0          0          0          0   entry11a.o
         8          4          0          0          0          0   entry2.o
         4          0          0          0          0          0   entry5.o
         0          0          0          0          0          0   entry7b.o
         0          0          0          0          0          0   entry8b.o
         8          4          0          0          0          0   entry9a.o
        30          0          0          0          0          0   handlers.o
        36          8          0          0          0         68   init.o
         0          0          0          0          0          0   iusefp.o
       110          0          0          0          0        168   fepilogue.o
        40          0          0          0          0         68   ffixui.o
        10          0          0          0          0         68   ffltui.o
       100          0          0          0          0         76   fmul.o

    ----------------------------------------------------------------------
       432         16          0          0          0        448   Library Totals
         0          0          0          0          0          0   (incl. Padding)

    ----------------------------------------------------------------------

      Code (inc. data)   RO Data    RW Data    ZI Data      Debug   Library Name

       172         16          0          0          0         68   mc_w.l
       260          0          0          0          0        380   mf_w.l

    ----------------------------------------------------------------------
       432         16          0          0          0        448   Library Totals

    ----------------------------------------------------------------------

==============================================================================


      Code (inc. data)   RO Data    RW Data    ZI Data      Debug   

      8592        792        336        688       1472     615068   Grand Totals
      8592        792        336        404       1472     615068   ELF Image Totals (compressed)
      8592        792        336        404          0          0   ROM Totals

==============================================================================

    Total RO  Size (Code + RO Data)                 8928 (   8.72kB)
    Total RW  Size (RW Data + ZI Data)              2160 (   2.11kB)
    Total ROM Size (Code + RO Data + RW Data)       9332 (   9.11kB)

==============================================================================

