Component: ARM Compiler 5.06 update 6 (build 750) Tool: armlink [4d35ed]

==============================================================================

Section Cross References

    main.o(i.InitHardware) refers to system_stm32f10x.o(i.SystemInit) for SystemInit
    main.o(i.InitHardware) refers to rcc.o(i.InitRCC) for InitRCC
    main.o(i.InitHardware) refers to nvic.o(i.InitNVIC) for InitNVIC
    main.o(i.InitHardware) refers to uart1.o(i.InitUART1) for InitUART1
    main.o(i.InitHardware) refers to timer.o(i.InitTimer) for InitTimer
    main.o(i.InitHardware) refers to led.o(i.InitLED) for InitLED
    main.o(i.InitHardware) refers to systick.o(i.InitSysTick) for InitSysTick
    main.o(i.InitHardware) refers to adc.o(i.InitADC) for InitADC
    main.o(i.InitHardware) refers to dac.o(i.InitDAC) for InitDAC
    main.o(i.InitHardware) refers to keyone.o(i.InitKeyOne) for InitKeyOne
    main.o(i.InitHardware) refers to prockeyone.o(i.InitProcKeyOne) for InitProcKeyOne
    main.o(i.InitHardware) refers to oled.o(i.InitOLED) for InitOLED
    main.o(i.InitSoftware) refers to packunpack.o(i.InitPackUnpack) for InitPackUnpack
    main.o(i.InitSoftware) refers to prochostcmd.o(i.InitProcHostCmd) for InitProcHostCmd
    main.o(i.InitSoftware) refers to senddatatohost.o(i.InitSendDataToHost) for InitSendDataToHost
    main.o(i.Proc1SecTask) refers to timer.o(i.Get1SecFlag) for Get1SecFlag
    main.o(i.Proc1SecTask) refers to timer.o(i.Clr1SecFlag) for Clr1SecFlag
    main.o(i.Proc2msTask) refers to timer.o(i.Get2msFlag) for Get2msFlag
    main.o(i.Proc2msTask) refers to uart1.o(i.ReadUART1) for ReadUART1
    main.o(i.Proc2msTask) refers to prochostcmd.o(i.ProcHostCmd) for ProcHostCmd
    main.o(i.Proc2msTask) refers to adc.o(i.ReadADCBuf) for ReadADCBuf
    main.o(i.Proc2msTask) refers to senddatatohost.o(i.SendWaveToHost) for SendWaveToHost
    main.o(i.Proc2msTask) refers to keyone.o(i.ScanKeyOne) for ScanKeyOne
    main.o(i.Proc2msTask) refers to led.o(i.LEDFlicker) for LEDFlicker
    main.o(i.Proc2msTask) refers to timer.o(i.Clr2msFlag) for Clr2msFlag
    main.o(i.Proc2msTask) refers to main.o(.data) for s_iCnt4
    main.o(i.Proc2msTask) refers to prockeyone.o(i.ProcKeyDownKey1) for ProcKeyDownKey1
    main.o(i.Proc2msTask) refers to prockeyone.o(i.ProcKeyUpKey1) for ProcKeyUpKey1
    main.o(i.Proc2msTask) refers to prockeyone.o(i.ProcKeyDownKey2) for ProcKeyDownKey2
    main.o(i.Proc2msTask) refers to prockeyone.o(i.ProcKeyUpKey2) for ProcKeyUpKey2
    main.o(i.Proc2msTask) refers to prockeyone.o(i.ProcKeyDownKey3) for ProcKeyDownKey3
    main.o(i.Proc2msTask) refers to prockeyone.o(i.ProcKeyUpKey3) for ProcKeyUpKey3
    main.o(i.main) refers to main.o(i.InitSoftware) for InitSoftware
    main.o(i.main) refers to main.o(i.InitHardware) for InitHardware
    main.o(i.main) refers to printfb.o(i.__0printf$bare) for __2printf
    main.o(i.main) refers to main.o(i.Proc2msTask) for Proc2msTask
    main.o(i.main) refers to main.o(i.Proc1SecTask) for Proc1SecTask
    led.o(i.ConfigLEDGPIO) refers to stm32f10x_rcc.o(i.RCC_APB2PeriphClockCmd) for RCC_APB2PeriphClockCmd
    led.o(i.ConfigLEDGPIO) refers to stm32f10x_gpio.o(i.GPIO_Init) for GPIO_Init
    led.o(i.ConfigLEDGPIO) refers to stm32f10x_gpio.o(i.GPIO_WriteBit) for GPIO_WriteBit
    led.o(i.InitLED) refers to led.o(i.ConfigLEDGPIO) for ConfigLEDGPIO
    led.o(i.LEDFlicker) refers to stm32f10x_gpio.o(i.GPIO_ReadOutputDataBit) for GPIO_ReadOutputDataBit
    led.o(i.LEDFlicker) refers to stm32f10x_gpio.o(i.GPIO_WriteBit) for GPIO_WriteBit
    led.o(i.LEDFlicker) refers to led.o(.data) for s_iCnt
    packunpack.o(i.GetUnPackRslt) refers to packunpack.o(.bss) for s_ptPack
    packunpack.o(i.InitPackUnpack) refers to packunpack.o(.bss) for s_ptPack
    packunpack.o(i.InitPackUnpack) refers to packunpack.o(.data) for s_iPackLen
    packunpack.o(i.PackData) refers to packunpack.o(i.PackWithCheckSum) for PackWithCheckSum
    packunpack.o(i.UnPackData) refers to packunpack.o(i.UnpackWithCheckSum) for UnpackWithCheckSum
    packunpack.o(i.UnPackData) refers to packunpack.o(.bss) for s_ptPack
    packunpack.o(i.UnPackData) refers to packunpack.o(.data) for s_iGotPackId
    prochostcmd.o(i.ProcHostCmd) refers to packunpack.o(i.GetUnPackRslt) for GetUnPackRslt
    prochostcmd.o(i.ProcHostCmd) refers to prochostcmd.o(i.OnGenWave) for OnGenWave
    prochostcmd.o(i.ProcHostCmd) refers to senddatatohost.o(i.SendAckPack) for SendAckPack
    prochostcmd.o(i.ProcHostCmd) refers to packunpack.o(i.UnPackData) for UnPackData
    senddatatohost.o(i.SendAckPack) refers to senddatatohost.o(i.SendPackToHost) for SendPackToHost
    senddatatohost.o(i.SendPackToHost) refers to packunpack.o(i.PackData) for PackData
    senddatatohost.o(i.SendPackToHost) refers to uart1.o(i.WriteUART1) for WriteUART1
    senddatatohost.o(i.SendWaveToHost) refers to senddatatohost.o(i.SendPackToHost) for SendPackToHost
[...]
    Removing stm32f10x_tim.o(i.TIM_ETRConfig), (28 bytes).
    Removing stm32f10x_tim.o(i.TIM_EncoderInterfaceConfig), (66 bytes).
    Removing stm32f10x_tim.o(i.TIM_ForcedOC1Config), (18 bytes).
    Removing stm32f10x_tim.o(i.TIM_ForcedOC2Config), (26 bytes).
    Removing stm32f10x_tim.o(i.TIM_ForcedOC3Config), (18 bytes).
    Removing stm32f10x_tim.o(i.TIM_ForcedOC4Config), (26 bytes).
    Removing stm32f10x_tim.o(i.TIM_GenerateEvent), (4 bytes).
    Removing stm32f10x_tim.o(i.TIM_GetCapture1), (6 bytes).
    Removing stm32f10x_tim.o(i.TIM_GetCapture2), (6 bytes).
    Removing stm32f10x_tim.o(i.TIM_GetCapture3), (6 bytes).
    Removing stm32f10x_tim.o(i.TIM_GetCapture4), (8 bytes).
    Removing stm32f10x_tim.o(i.TIM_GetCounter), (6 bytes).
    Removing stm32f10x_tim.o(i.TIM_GetFlagStatus), (18 bytes).
    Removing stm32f10x_tim.o(i.TIM_GetPrescaler), (6 bytes).
    Removing stm32f10x_tim.o(i.TIM_ICInit), (172 bytes).
    Removing stm32f10x_tim.o(i.TIM_ICStructInit), (18 bytes).
    Removing stm32f10x_tim.o(i.TIM_ITRxExternalClockConfig), (24 bytes).
    Removing stm32f10x_tim.o(i.TIM_InternalClockConfig), (12 bytes).
    Removing stm32f10x_tim.o(i.TIM_OC1FastConfig), (18 bytes).
    Removing stm32f10x_tim.o(i.TIM_OC1Init), (152 bytes).
    Removing stm32f10x_tim.o(i.TIM_OC1NPolarityConfig), (18 bytes).
    Removing stm32f10x_tim.o(i.TIM_OC1PolarityConfig), (18 bytes).
    Removing stm32f10x_tim.o(i.TIM_OC1PreloadConfig), (18 bytes).
    Removing stm32f10x_tim.o(i.TIM_OC2FastConfig), (26 bytes).
    Removing stm32f10x_tim.o(i.TIM_OC2Init), (164 bytes).
    Removing stm32f10x_tim.o(i.TIM_OC2NPolarityConfig), (26 bytes).
    Removing stm32f10x_tim.o(i.TIM_OC2PolarityConfig), (26 bytes).
    Removing stm32f10x_tim.o(i.TIM_OC2PreloadConfig), (26 bytes).
    Removing stm32f10x_tim.o(i.TIM_OC3FastConfig), (18 bytes).
    Removing stm32f10x_tim.o(i.TIM_OC3Init), (160 bytes).
    Removing stm32f10x_tim.o(i.TIM_OC3NPolarityConfig), (26 bytes).
    Removing stm32f10x_tim.o(i.TIM_OC3PolarityConfig), (26 bytes).
    Removing stm32f10x_tim.o(i.TIM_OC3PreloadConfig), (18 bytes).
    Removing stm32f10x_tim.o(i.TIM_OC4FastConfig), (26 bytes).
    Removing stm32f10x_tim.o(i.TIM_OC4Init), (124 bytes).
    Removing stm32f10x_tim.o(i.TIM_OC4PolarityConfig), (26 bytes).
    Removing stm32f10x_tim.o(i.TIM_OC4PreloadConfig), (26 bytes).
    Removing stm32f10x_tim.o(i.TIM_OCStructInit), (20 bytes).
    Removing stm32f10x_tim.o(i.TIM_PWMIConfig), (124 bytes).
    Removing stm32f10x_tim.o(i.TIM_PrescalerConfig), (6 bytes).
    Removing stm32f10x_tim.o(i.TIM_SelectCCDMA), (24 bytes).
    Removing stm32f10x_tim.o(i.TIM_SelectCOM), (24 bytes).
    Removing stm32f10x_tim.o(i.TIM_SelectHallSensor), (24 bytes).
    Removing stm32f10x_tim.o(i.TIM_SelectInputTrigger), (18 bytes).
    Removing stm32f10x_tim.o(i.TIM_SelectMasterSlaveMode), (18 bytes).
    Removing stm32f10x_tim.o(i.TIM_SelectOCxM), (82 bytes).
    Removing stm32f10x_tim.o(i.TIM_SelectOnePulseMode), (18 bytes).
    Removing stm32f10x_tim.o(i.TIM_SelectSlaveMode), (18 bytes).
    Removing stm32f10x_tim.o(i.TIM_SetAutoreload), (4 bytes).
    Removing stm32f10x_tim.o(i.TIM_SetClockDivision), (18 bytes).
    Removing stm32f10x_tim.o(i.TIM_SetCompare1), (4 bytes).
    Removing stm32f10x_tim.o(i.TIM_SetCompare2), (4 bytes).
    Removing stm32f10x_tim.o(i.TIM_SetCompare3), (4 bytes).
    Removing stm32f10x_tim.o(i.TIM_SetCompare4), (6 bytes).
    Removing stm32f10x_tim.o(i.TIM_SetCounter), (4 bytes).
    Removing stm32f10x_tim.o(i.TIM_SetIC1Prescaler), (18 bytes).
    Removing stm32f10x_tim.o(i.TIM_SetIC2Prescaler), (26 bytes).
    Removing stm32f10x_tim.o(i.TIM_SetIC3Prescaler), (18 bytes).
    Removing stm32f10x_tim.o(i.TIM_SetIC4Prescaler), (26 bytes).
    Removing stm32f10x_tim.o(i.TIM_TIxExternalClockConfig), (62 bytes).
    Removing stm32f10x_tim.o(i.TIM_TimeBaseStructInit), (18 bytes).
    Removing stm32f10x_tim.o(i.TIM_UpdateDisableConfig), (24 bytes).
    Removing stm32f10x_tim.o(i.TIM_UpdateRequestConfig), (24 bytes).
    Removing stm32f10x_usart.o(i.USART_ClockInit), (34 bytes).
    Removing stm32f10x_usart.o(i.USART_ClockStructInit), (12 bytes).
    Removing stm32f10x_usart.o(i.USART_DMACmd), (18 bytes).
    Removing stm32f10x_usart.o(i.USART_DeInit), (156 bytes).
    Removing stm32f10x_usart.o(i.USART_HalfDuplexCmd), (24 bytes).
    Removing stm32f10x_usart.o(i.USART_IrDACmd), (24 bytes).
    Removing stm32f10x_usart.o(i.USART_IrDAConfig), (18 bytes).
    Removing stm32f10x_usart.o(i.USART_LINBreakDetectLengthConfig), (18 bytes).
    Removing stm32f10x_usart.o(i.USART_LINCmd), (24 bytes).
    Removing stm32f10x_usart.o(i.USART_OneBitMethodCmd), (24 bytes).
    Removing stm32f10x_usart.o(i.USART_OverSampling8Cmd), (22 bytes).
    Removing stm32f10x_usart.o(i.USART_ReceiverWakeUpCmd), (24 bytes).
    Removing stm32f10x_usart.o(i.USART_SendBreak), (10 bytes).
    Removing stm32f10x_usart.o(i.USART_SetAddress), (18 bytes).
    Removing stm32f10x_usart.o(i.USART_SetGuardTime), (16 bytes).
    Removing stm32f10x_usart.o(i.USART_SetPrescaler), (16 bytes).
    Removing stm32f10x_usart.o(i.USART_SmartCardCmd), (24 bytes).
    Removing stm32f10x_usart.o(i.USART_SmartCardNACKCmd), (24 bytes).
    Removing stm32f10x_usart.o(i.USART_WakeUpConfig), (18 bytes).
    Removing stm32f10x_adc.o(i.ADC_AnalogWatchdogCmd), (20 bytes).
    Removing stm32f10x_adc.o(i.ADC_AnalogWatchdogSingleChannelConfig), (16 bytes).
    Removing stm32f10x_adc.o(i.ADC_AnalogWatchdogThresholdsConfig), (6 bytes).
    Removing stm32f10x_adc.o(i.ADC_AutoInjectedConvCmd), (22 bytes).
    Removing stm32f10x_adc.o(i.ADC_ClearFlag), (6 bytes).
    Removing stm32f10x_adc.o(i.ADC_ClearITPendingBit), (10 bytes).
    Removing stm32f10x_adc.o(i.ADC_DeInit), (92 bytes).
    Removing stm32f10x_adc.o(i.ADC_DiscModeChannelCountConfig), (24 bytes).
    Removing stm32f10x_adc.o(i.ADC_DiscModeCmd), (22 bytes).
    Removing stm32f10x_adc.o(i.ADC_ExternalTrigInjectedConvCmd), (22 bytes).
    Removing stm32f10x_adc.o(i.ADC_ExternalTrigInjectedConvConfig), (16 bytes).
    Removing stm32f10x_adc.o(i.ADC_GetConversionValue), (8 bytes).
    Removing stm32f10x_adc.o(i.ADC_GetDualModeConversionValue), (12 bytes).
    Removing stm32f10x_adc.o(i.ADC_GetFlagStatus), (18 bytes).
    Removing stm32f10x_adc.o(i.ADC_GetITStatus), (36 bytes).
    Removing stm32f10x_adc.o(i.ADC_GetInjectedConversionValue), (28 bytes).
    Removing stm32f10x_adc.o(i.ADC_GetSoftwareStartConvStatus), (20 bytes).
    Removing stm32f10x_adc.o(i.ADC_GetSoftwareStartInjectedConvCmdStatus), (20 bytes).
    Removing stm32f10x_adc.o(i.ADC_ITConfig), (24 bytes).
    Removing stm32f10x_adc.o(i.ADC_InjectedChannelConfig), (130 bytes).
    Removing stm32f10x_adc.o(i.ADC_InjectedDiscModeCmd), (22 bytes).
    Removing stm32f10x_adc.o(i.ADC_InjectedSequencerLengthConfig), (24 bytes).
    Removing stm32f10x_adc.o(i.ADC_SetInjectedOffset), (20 bytes).
    Removing stm32f10x_adc.o(i.ADC_SoftwareStartConvCmd), (22 bytes).
    Removing stm32f10x_adc.o(i.ADC_SoftwareStartInjectedConvCmd), (22 bytes).
    Removing stm32f10x_adc.o(i.ADC_StructInit), (18 bytes).
    Removing stm32f10x_adc.o(i.ADC_TempSensorVrefintCmd), (36 bytes).
    Removing stm32f10x_dac.o(i.DAC_DeInit), (22 bytes).
    Removing stm32f10x_dac.o(i.DAC_DualSoftwareTriggerCmd), (36 bytes).
    Removing stm32f10x_dac.o(i.DAC_GetDataOutputValue), (36 bytes).
    Removing stm32f10x_dac.o(i.DAC_SetChannel2Data), (32 bytes).
    Removing stm32f10x_dac.o(i.DAC_SetDualChannelData), (36 bytes).
    Removing stm32f10x_dac.o(i.DAC_SoftwareTriggerCmd), (44 bytes).
    Removing stm32f10x_dac.o(i.DAC_StructInit), (12 bytes).
    Removing stm32f10x_dac.o(i.DAC_WaveGenerationCmd), (40 bytes).
    Removing stm32f10x_dma.o(i.DMA_ClearFlag), (28 bytes).
    Removing stm32f10x_dma.o(i.DMA_GetCurrDataCounter), (8 bytes).
    Removing stm32f10x_dma.o(i.DMA_GetFlagStatus), (44 bytes).
    Removing stm32f10x_dma.o(i.DMA_SetCurrDataCounter), (4 bytes).
    Removing stm32f10x_dma.o(i.DMA_StructInit), (26 bytes).
    Removing systick.o(i.DelayNus), (26 bytes).
    Removing core_cm3.o(.emb_text), (32 bytes).
    Removing system_stm32f10x.o(i.SystemCoreClockUpdate), (164 bytes).
    Removing startup_stm32f10x_hd.o(HEAP), (512 bytes).
    Removing dadd.o(.text), (334 bytes).
    Removing dmul.o(.text), (228 bytes).
    Removing ddiv.o(.text), (222 bytes).
    Removing dfixul.o(.text), (48 bytes).
    Removing cdrcmple.o(.text), (48 bytes).
    Removing depilogue.o(.text), (186 bytes).

223 unused section(s) (total 12204 bytes) removed from the image.

==============================================================================

Image Symbol Table

    Local Symbols

    Symbol Name                              Value     Ov Type        Size  Object(Section)

    ../clib/../cmprslib/zerorunl2.c          0x00000000   Number         0  __dczerorl2.o ABSOLUTE
    ../clib/microlib/division.c              0x00000000   Number         0  uldiv.o ABSOLUTE
    ../clib/microlib/division.c              0x00000000   Number         0  uidiv.o ABSOLUTE
    ../clib/microlib/init/entry.s            0x00000000   Number         0  entry9a.o ABSOLUTE
    ../clib/microlib/init/entry.s            0x00000000   Number         0  entry7b.o ABSOLUTE
    ../clib/microlib/init/entry.s            0x00000000   Number         0  entry8a.o ABSOLUTE
    ../clib/microlib/init/entry.s            0x00000000   Number         0  entry10b.o ABSOLUTE
    ../clib/microlib/init/entry.s            0x00000000   Number         0  entry10a.o ABSOLUTE
    ../clib/microlib/init/entry.s            0x00000000   Number         0  entry2.o ABSOLUTE
    ../clib/microlib/init/entry.s            0x00000000   Number         0  entry5.o ABSOLUTE
    ../clib/microlib/init/entry.s            0x00000000   Number         0  entry.o ABSOLUTE
    ../clib/microlib/init/entry.s            0x00000000   Number         0  entry9b.o ABSOLUTE
    ../clib/microlib/init/entry.s            0x00000000   Number         0  entry8b.o ABSOLUTE
    ../clib/microlib/init/entry.s            0x00000000   Number         0  entry7a.o ABSOLUTE
    ../clib/microlib/init/entry.s            0x00000000   Number         0  entry11b.o ABSOLUTE
    ../clib/microlib/init/entry.s            0x00000000   Number         0  entry11a.o ABSOLUTE
    ../clib/microlib/longlong.c              0x00000000   Number         0  llsshr.o ABSOLUTE
    ../clib/microlib/longlong.c              0x00000000   Number         0  llushr.o ABSOLUTE
    ../clib/microlib/longlong.c              0x00000000   Number         0  llshl.o ABSOLUTE
    ../clib/microlib/printf/printf.c         0x00000000   Number         0  printfb.o ABSOLUTE
    ../clib/microlib/printf/printf.c         0x00000000   Number         0  printf0.o ABSOLUTE
    ../clib/microlib/printf/printf.c         0x00000000   Number         0  printf1.o ABSOLUTE
    ../clib/microlib/printf/printf.c         0x00000000   Number         0  printf2.o ABSOLUTE
    ../clib/microlib/printf/printf.c         0x00000000   Number         0  printf4.o ABSOLUTE
    ../clib/microlib/printf/printf.c         0x00000000   Number         0  printf3.o ABSOLUTE
    ../clib/microlib/printf/printf.c         0x00000000   Number         0  printf6.o ABSOLUTE
    ../clib/microlib/printf/printf.c         0x00000000   Number         0  printf8.o ABSOLUTE
    ../clib/microlib/printf/printf.c         0x00000000   Number         0  printf7.o ABSOLUTE
    ../clib/microlib/printf/printf.c         0x00000000   Number         0  printfa.o ABSOLUTE
    ../clib/microlib/printf/printf.c         0x00000000   Number         0  printf5.o ABSOLUTE
    ../clib/microlib/stdio/streams.c         0x00000000   Number         0  stdout.o ABSOLUTE
    ../clib/microlib/stubs.s                 0x00000000   Number         0  iusefp.o ABSOLUTE
    ../fplib/microlib/fpadd.c                0x00000000   Number         0  dadd.o ABSOLUTE
    ../fplib/microlib/fpdiv.c                0x00000000   Number         0  ddiv.o ABSOLUTE
    ../fplib/microlib/fpepilogue.c           0x00000000   Number         0  depilogue.o ABSOLUTE
    ../fplib/microlib/fpfix.c                0x00000000   Number         0  dfixul.o ABSOLUTE
    ../fplib/microlib/fpmul.c                0x00000000   Number         0  dmul.o ABSOLUTE
    ..\ARM\NVIC\NVIC.c                       0x00000000   Number         0  nvic.o ABSOLUTE
    ..\ARM\SysTick\SysTick.c                 0x00000000   Number         0  systick.o ABSOLUTE
    ..\ARM\System\core_cm3.c                 0x00000000   Number         0  core_cm3.o ABSOLUTE
    ..\ARM\System\startup_stm32f10x_hd.s     0x00000000   Number         0  startup_stm32f10x_hd.o ABSOLUTE
    ..\ARM\System\stm32f10x_it.c             0x00000000   Number         0  stm32f10x_it.o ABSOLUTE
    ..\ARM\System\system_stm32f10x.c         0x00000000   Number         0  system_stm32f10x.o ABSOLUTE
    ..\App\KeyOne\KeyOne.c                   0x00000000   Number         0  keyone.o ABSOLUTE
    ..\App\KeyOne\ProcKeyOne.c               0x00000000   Number         0  prockeyone.o ABSOLUTE
    ..\App\LED\LED.c                         0x00000000   Number         0  led.o ABSOLUTE
    ..\App\Main\Main.c                       0x00000000   Number         0  main.o ABSOLUTE
    ..\App\OLED\OLED.c                       0x00000000   Number         0  oled.o ABSOLUTE
    ..\App\PackUnpack\PackUnpack.c           0x00000000   Number         0  packunpack.o ABSOLUTE
    ..\App\ProcHostCmd\ProcHostCmd.c         0x00000000   Number         0  prochostcmd.o ABSOLUTE
    ..\App\SendDataToHost\SendDataToHost.c   0x00000000   Number         0  senddatatohost.o ABSOLUTE
    ..\FW\src\misc.c                         0x00000000   Number         0  misc.o ABSOLUTE
    ..\FW\src\stm32f10x_adc.c                0x00000000   Number         0  stm32f10x_adc.o ABSOLUTE
    ..\FW\src\stm32f10x_dac.c                0x00000000   Number         0  stm32f10x_dac.o ABSOLUTE
    ..\FW\src\stm32f10x_dma.c                0x00000000   Number         0  stm32f10x_dma.o ABSOLUTE
    ..\FW\src\stm32f10x_flash.c              0x00000000   Number         0  stm32f10x_flash.o ABSOLUTE
    ..\FW\src\stm32f10x_gpio.c               0x00000000   Number         0  stm32f10x_gpio.o ABSOLUTE
    ..\FW\src\stm32f10x_rcc.c                0x00000000   Number         0  stm32f10x_rcc.o ABSOLUTE
    ..\FW\src\stm32f10x_tim.c                0x00000000   Number         0  stm32f10x_tim.o ABSOLUTE
    ..\FW\src\stm32f10x_usart.c              0x00000000   Number         0  stm32f10x_usart.o ABSOLUTE
    ..\HW\ADC\ADC.c                          0x00000000   Number         0  adc.o ABSOLUTE
    ..\HW\ADC\U16Queue.c                     0x00000000   Number         0  u16queue.o ABSOLUTE
    ..\HW\DAC\DAC.c                          0x00000000   Number         0  dac.o ABSOLUTE
    ..\HW\DAC\Wave.c                         0x00000000   Number         0  wave.o ABSOLUTE
    ..\HW\RCC\RCC.c                          0x00000000   Number         0  rcc.o ABSOLUTE
    ..\HW\Timer\Timer.c                      0x00000000   Number         0  timer.o ABSOLUTE
    ..\HW\UART1\Queue.c                      0x00000000   Number         0  queue.o ABSOLUTE
    ..\HW\UART1\UART1.c                      0x00000000   Number         0  uart1.o ABSOLUTE
    ..\\ARM\\System\\core_cm3.c              0x00000000   Number         0  core_cm3.o ABSOLUTE
    cdrcmple.s                               0x00000000   Number         0  cdrcmple.o ABSOLUTE
    dc.s                                     0x00000000   Number         0  dc.o ABSOLUTE
    handlers.s                               0x00000000   Number         0  handlers.o ABSOLUTE
    init.s                                   0x00000000   Number         0  init.o ABSOLUTE
    RESET                                    0x08000000   Section      304  startup_stm32f10x_hd.o(RESET)
    .ARM.Collect$$$$00000000                 0x08000130   Section        0  entry.o(.ARM.Collect$$$$00000000)
    .ARM.Collect$$$$00000001                 0x08000130   Section        4  entry2.o(.ARM.Collect$$$$00000001)
    .ARM.Collect$$$$00000004                 0x08000134   Section        4  entry5.o(.ARM.Collect$$$$00000004)
    .ARM.Collect$$$$00000008                 0x08000138   Section        0  entry7b.o(.ARM.Collect$$$$00000008)
    .ARM.Collect$$$$0000000A                 0x08000138   Section        0  entry8b.o(.ARM.Collect$$$$0000000A)
    .ARM.Collect$$$$0000000B                 0x08000138   Section        8  entry9a.o(.ARM.Collect$$$$0000000B)
    .ARM.Collect$$$$0000000D                 0x08000140   Section        0  entry10a.o(.ARM.Collect$$$$0000000D)
    .ARM.Collect$$$$0000000F                 0x08000140   Section        0  entry11a.o(.ARM.Collect$$$$0000000F)
    .ARM.Collect$$$$00002712                 0x08000140   Section        4  entry2.o(.ARM.Collect$$$$00002712)
    __lit__00000000                          0x08000140   Data           4  entry2.o(.ARM.Collect$$$$00002712)
    .text                                    0x08000144   Section       36  startup_stm32f10x_hd.o(.text)
    .text                                    0x08000168   Section       36  init.o(.text)
    .text                                    0x0800018c   Section        0  __dczerorl2.o(.text)
    i.ADC_Cmd                                0x080001e2   Section        0  stm32f10x_adc.o(i.ADC_Cmd)
    i.ADC_DMACmd                             0x080001f8   Section        0  stm32f10x_adc.o(i.ADC_DMACmd)
    i.ADC_ExternalTrigConvCmd                0x0800020e   Section        0  stm32f10x_adc.o(i.ADC_ExternalTrigConvCmd)
    i.ADC_GetCalibrationStatus               0x08000224   Section        0  stm32f10x_adc.o(i.ADC_GetCalibrationStatus)
    i.ADC_GetResetCalibrationStatus          0x08000238   Section        0  stm32f10x_adc.o(i.ADC_GetResetCalibrationStatus)
    i.ADC_Init                               0x0800024c   Section        0  stm32f10x_adc.o(i.ADC_Init)
    i.ADC_RegularChannelConfig               0x0800029c   Section        0  stm32f10x_adc.o(i.ADC_RegularChannelConfig)
    i.ADC_ResetCalibration                   0x08000354   Section        0  stm32f10x_adc.o(i.ADC_ResetCalibration)
    i.ADC_StartCalibration                   0x0800035e   Section        0  stm32f10x_adc.o(i.ADC_StartCalibration)
    i.BusFault_Handler                       0x08000368   Section        0  stm32f10x_it.o(i.BusFault_Handler)
    i.Clr1SecFlag                            0x0800036c   Section        0  timer.o(i.Clr1SecFlag)
    i.Clr2msFlag                             0x08000378   Section        0  timer.o(i.Clr2msFlag)
    i.ConfigADC1                             0x08000384   Section        0  adc.o(i.ConfigADC1)
    ConfigADC1                               0x08000385   Thumb Code   164  adc.o(i.ConfigADC1)
    i.ConfigDAC1                             0x08000430   Section        0  dac.o(i.ConfigDAC1)
    ConfigDAC1                               0x08000431   Thumb Code    92  dac.o(i.ConfigDAC1)
    i.ConfigDMA1Ch1                          0x08000490   Section        0  adc.o(i.ConfigDMA1Ch1)
    ConfigDMA1Ch1                            0x08000491   Thumb Code    82  adc.o(i.ConfigDMA1Ch1)
    i.ConfigDMA2Ch3ForDAC1                   0x080004f0   Section        0  dac.o(i.ConfigDMA2Ch3ForDAC1)
    ConfigDMA2Ch3ForDAC1                     0x080004f1   Thumb Code   120  dac.o(i.ConfigDMA2Ch3ForDAC1)
    i.ConfigKeyOneGPIO                       0x08000570   Section        0  keyone.o(i.ConfigKeyOneGPIO)
    ConfigKeyOneGPIO                         0x08000571   Thumb Code    90  keyone.o(i.ConfigKeyOneGPIO)
    i.ConfigLEDGPIO                          0x080005d4   Section        0  led.o(i.ConfigLEDGPIO)
    ConfigLEDGPIO                            0x080005d5   Thumb Code    84  led.o(i.ConfigLEDGPIO)
    i.ConfigNVIC                             0x0800062c   Section        0  nvic.o(i.ConfigNVIC)
    ConfigNVIC                               0x0800062d   Thumb Code    12  nvic.o(i.ConfigNVIC)
    i.ConfigOLEDGPIO                         0x08000638   Section        0  oled.o(i.ConfigOLEDGPIO)
    ConfigOLEDGPIO                           0x08000639   Thumb Code   206  oled.o(i.ConfigOLEDGPIO)
    i.ConfigOLEDReg                          0x08000710   Section        0  oled.o(i.ConfigOLEDReg)
    ConfigOLEDReg                            0x08000711   Thumb Code   204  oled.o(i.ConfigOLEDReg)
    i.ConfigRCC                              0x080007dc   Section        0  rcc.o(i.ConfigRCC)
    ConfigRCC                                0x080007dd   Thumb Code   100  rcc.o(i.ConfigRCC)
    i.ConfigTimer2                           0x08000840   Section        0  timer.o(i.ConfigTimer2)
    ConfigTimer2                             0x08000841   Thumb Code    92  timer.o(i.ConfigTimer2)
    i.ConfigTimer3                           0x0800089c   Section        0  adc.o(i.ConfigTimer3)
    ConfigTimer3                             0x0800089d   Thumb Code    94  adc.o(i.ConfigTimer3)
    i.ConfigTimer4                           0x08000900   Section        0  dac.o(i.ConfigTimer4)
    ConfigTimer4                             0x08000901   Thumb Code    64  dac.o(i.ConfigTimer4)
    i.ConfigTimer5                           0x08000944   Section        0  timer.o(i.ConfigTimer5)
    ConfigTimer5                             0x08000945   Thumb Code    90  timer.o(i.ConfigTimer5)
    i.ConfigUART                             0x080009a4   Section        0  uart1.o(i.ConfigUART)
    ConfigUART                               0x080009a5   Thumb Code   188  uart1.o(i.ConfigUART)
    i.DAC_Cmd                                0x08000a6c   Section        0  stm32f10x_dac.o(i.DAC_Cmd)
    i.DAC_DMACmd                             0x08000a94   Section        0  stm32f10x_dac.o(i.DAC_DMACmd)
    i.DAC_Init                               0x08000ac0   Section        0  stm32f10x_dac.o(i.DAC_Init)
    i.DAC_SetChannel1Data                    0x08000af4   Section        0  stm32f10x_dac.o(i.DAC_SetChannel1Data)
    i.DMA2_Channel3_IRQHandler               0x08000b14   Section        0  dac.o(i.DMA2_Channel3_IRQHandler)
    i.DMA_ClearITPendingBit                  0x08000b54   Section        0  stm32f10x_dma.o(i.DMA_ClearITPendingBit)
    i.DMA_Cmd                                0x08000b70   Section        0  stm32f10x_dma.o(i.DMA_Cmd)
    i.DMA_DeInit                             0x08000b88   Section        0  stm32f10x_dma.o(i.DMA_DeInit)
    i.DMA_GetITStatus                        0x08000cd4   Section        0  stm32f10x_dma.o(i.DMA_GetITStatus)
    i.DMA_ITConfig                           0x08000d00   Section        0  stm32f10x_dma.o(i.DMA_ITConfig)
    i.DMA_Init                               0x08000d12   Section        0  stm32f10x_dma.o(i.DMA_Init)
    i.DeQueue                                0x08000d4e   Section        0  queue.o(i.DeQueue)
    i.DeU16Queue                             0x08000d92   Section        0  u16queue.o(i.DeU16Queue)
    i.DebugMon_Handler                       0x08000dda   Section        0  stm32f10x_it.o(i.DebugMon_Handler)
    i.DelayNms                               0x08000ddc   Section        0  systick.o(i.DelayNms)
    i.EnQueue                                0x08000df4   Section        0  queue.o(i.EnQueue)
    i.EnU16Queue                             0x08000e3c   Section        0  u16queue.o(i.EnU16Queue)
    i.EnableUARTTx                           0x08000e88   Section        0  uart1.o(i.EnableUARTTx)
    EnableUARTTx                             0x08000e89   Thumb Code    22  uart1.o(i.EnableUARTTx)
    i.FLASH_PrefetchBufferCmd                0x08000ea8   Section        0  stm32f10x_flash.o(i.FLASH_PrefetchBufferCmd)
    i.FLASH_SetLatency                       0x08000ec4   Section        0  stm32f10x_flash.o(i.FLASH_SetLatency)
    i.GPIO_Init                              0x08000edc   Section        0  stm32f10x_gpio.o(i.GPIO_Init)
    i.GPIO_ReadInputDataBit                  0x08000ff2   Section        0  stm32f10x_gpio.o(i.GPIO_ReadInputDataBit)
    i.GPIO_ReadOutputDataBit                 0x08001004   Section        0  stm32f10x_gpio.o(i.GPIO_ReadOutputDataBit)
    i.GPIO_ResetBits                         0x08001016   Section        0  stm32f10x_gpio.o(i.GPIO_ResetBits)
    i.GPIO_SetBits                           0x0800101a   Section        0  stm32f10x_gpio.o(i.GPIO_SetBits)
    i.GPIO_WriteBit                          0x0800101e   Section        0  stm32f10x_gpio.o(i.GPIO_WriteBit)
    i.Get1SecFlag                            0x08001028   Section        0  timer.o(i.Get1SecFlag)
    i.Get2msFlag                             0x08001034   Section        0  timer.o(i.Get2msFlag)
    i.GetRectWave100PointAddr                0x08001040   Section        0  wave.o(i.GetRectWave100PointAddr)
    i.GetSineWave100PointAddr                0x08001048   Section        0  wave.o(i.GetSineWave100PointAddr)
    i.GetTriWave100PointAddr                 0x08001050   Section        0  wave.o(i.GetTriWave100PointAddr)
    i.GetUnPackRslt                          0x08001058   Section        0  packunpack.o(i.GetUnPackRslt)
    i.HardFault_Handler                      0x0800106c   Section        0  stm32f10x_it.o(i.HardFault_Handler)
    i.InitADC                                0x08001070   Section        0  adc.o(i.InitADC)
    i.InitDAC                                0x0800109c   Section        0  dac.o(i.InitDAC)
    i.InitDAC_task                           0x080010c0   Section        0  dac.o(i.InitDAC_task)
    i.InitHardware                           0x080010fc   Section        0  main.o(i.InitHardware)
    InitHardware                             0x080010fd   Thumb Code    56  main.o(i.InitHardware)
    i.InitKeyOne                             0x08001134   Section        0  keyone.o(i.InitKeyOne)
    i.InitLED                                0x0800114c   Section        0  led.o(i.InitLED)
    i.InitNVIC                               0x08001154   Section        0  nvic.o(i.InitNVIC)
    i.InitOLED                               0x0800115c   Section        0  oled.o(i.InitOLED)
    i.InitPackUnpack                         0x08001190   Section        0  packunpack.o(i.InitPackUnpack)
    i.InitProcHostCmd                        0x080011d4   Section        0  prochostcmd.o(i.InitProcHostCmd)
    i.InitProcKeyOne                         0x080011d6   Section        0  prockeyone.o(i.InitProcKeyOne)
    i.InitQueue                              0x080011d8   Section        0  queue.o(i.InitQueue)
    i.InitRCC                                0x080011fc   Section        0  rcc.o(i.InitRCC)
    i.InitSendDataToHost                     0x08001204   Section        0  senddatatohost.o(i.InitSendDataToHost)
    i.InitSoftware                           0x08001206   Section        0  main.o(i.InitSoftware)
    InitSoftware                             0x08001207   Thumb Code    16  main.o(i.InitSoftware)
    i.InitSysTick                            0x08001218   Section        0  systick.o(i.InitSysTick)
    i.InitTimer                              0x08001280   Section        0  timer.o(i.InitTimer)
    i.InitU16Queue                           0x08001298   Section        0  u16queue.o(i.InitU16Queue)
    i.InitUART1                              0x080012be   Section        0  uart1.o(i.InitUART1)
    i.InitUARTBuf                            0x080012d0   Section        0  uart1.o(i.InitUARTBuf)
    InitUARTBuf                              0x080012d1   Thumb Code    46  uart1.o(i.InitUARTBuf)
    i.LEDFlicker                             0x08001310   Section        0  led.o(i.LEDFlicker)
    i.MemManage_Handler                      0x08001364   Section        0  stm32f10x_it.o(i.MemManage_Handler)
    i.NMI_Handler                            0x08001368   Section        0  stm32f10x_it.o(i.NMI_Handler)
    i.NVIC_ClearPendingIRQ                   0x0800136c   Section        0  uart1.o(i.NVIC_ClearPendingIRQ)
    NVIC_ClearPendingIRQ                     0x0800136d   Thumb Code    18  uart1.o(i.NVIC_ClearPendingIRQ)
    i.NVIC_Init                              0x08001384   Section        0  misc.o(i.NVIC_Init)
    i.NVIC_PriorityGroupConfig               0x080013f4   Section        0  misc.o(i.NVIC_PriorityGroupConfig)
    i.OLEDClear                              0x08001408   Section        0  oled.o(i.OLEDClear)
    i.OLEDRefreshGRAM                        0x08001438   Section        0  oled.o(i.OLEDRefreshGRAM)
    i.OLEDWriteByte                          0x08001484   Section        0  oled.o(i.OLEDWriteByte)
    OLEDWriteByte                            0x08001485   Thumb Code   124  oled.o(i.OLEDWriteByte)
    i.OnGenWave                              0x08001508   Section        0  prochostcmd.o(i.OnGenWave)
    OnGenWave                                0x08001509   Thumb Code     6  prochostcmd.o(i.OnGenWave)
    i.PackData                               0x0800150e   Section        0  packunpack.o(i.PackData)
    i.PackWithCheckSum                       0x08001526   Section        0  packunpack.o(i.PackWithCheckSum)
    PackWithCheckSum                         0x08001527   Thumb Code    62  packunpack.o(i.PackWithCheckSum)
    i.PendSV_Handler                         0x08001564   Section        0  stm32f10x_it.o(i.PendSV_Handler)
    i.Proc1SecTask                           0x08001566   Section        0  main.o(i.Proc1SecTask)
    Proc1SecTask                             0x08001567   Thumb Code    14  main.o(i.Proc1SecTask)
    i.Proc2msTask                            0x08001574   Section        0  main.o(i.Proc2msTask)
    Proc2msTask                              0x08001575   Thumb Code   186  main.o(i.Proc2msTask)
    i.ProcHostCmd                            0x08001658   Section        0  prochostcmd.o(i.ProcHostCmd)
    i.ProcKeyDownKey1                        0x080016a0   Section        0  prockeyone.o(i.ProcKeyDownKey1)
    i.ProcKeyDownKey2                        0x080016fc   Section        0  prockeyone.o(i.ProcKeyDownKey2)
    i.ProcKeyDownKey3                        0x0800171c   Section        0  prockeyone.o(i.ProcKeyDownKey3)
    i.ProcKeyUpKey1                          0x0800173c   Section        0  prockeyone.o(i.ProcKeyUpKey1)
    i.ProcKeyUpKey2                          0x0800173e   Section        0  prockeyone.o(i.ProcKeyUpKey2)
    i.ProcKeyUpKey3                          0x08001740   Section        0  prockeyone.o(i.ProcKeyUpKey3)
    i.QueueEmpty                             0x08001742   Section        0  queue.o(i.QueueEmpty)
    i.RCC_ADCCLKConfig                       0x08001750   Section        0  stm32f10x_rcc.o(i.RCC_ADCCLKConfig)
    i.RCC_AHBPeriphClockCmd                  0x08001768   Section        0  stm32f10x_rcc.o(i.RCC_AHBPeriphClockCmd)
    i.RCC_APB1PeriphClockCmd                 0x08001788   Section        0  stm32f10x_rcc.o(i.RCC_APB1PeriphClockCmd)
    i.RCC_APB1PeriphResetCmd                 0x080017a8   Section        0  stm32f10x_rcc.o(i.RCC_APB1PeriphResetCmd)
    i.RCC_APB2PeriphClockCmd                 0x080017c8   Section        0  stm32f10x_rcc.o(i.RCC_APB2PeriphClockCmd)
    i.RCC_APB2PeriphResetCmd                 0x080017e8   Section        0  stm32f10x_rcc.o(i.RCC_APB2PeriphResetCmd)
    i.RCC_DeInit                             0x08001808   Section        0  stm32f10x_rcc.o(i.RCC_DeInit)
    i.RCC_GetClocksFreq                      0x08001854   Section        0  stm32f10x_rcc.o(i.RCC_GetClocksFreq)
    i.RCC_GetFlagStatus                      0x08001928   Section        0  stm32f10x_rcc.o(i.RCC_GetFlagStatus)
    i.RCC_GetSYSCLKSource                    0x08001964   Section        0  stm32f10x_rcc.o(i.RCC_GetSYSCLKSource)
    i.RCC_HCLKConfig                         0x08001974   Section        0  stm32f10x_rcc.o(i.RCC_HCLKConfig)
    i.RCC_HSEConfig                          0x0800198c   Section        0  stm32f10x_rcc.o(i.RCC_HSEConfig)
    i.RCC_PCLK1Config                        0x080019d8   Section        0  stm32f10x_rcc.o(i.RCC_PCLK1Config)
    i.RCC_PCLK2Config                        0x080019f0   Section        0  stm32f10x_rcc.o(i.RCC_PCLK2Config)
    i.RCC_PLLCmd                             0x08001a08   Section        0  stm32f10x_rcc.o(i.RCC_PLLCmd)
    i.RCC_PLLConfig                          0x08001a14   Section        0  stm32f10x_rcc.o(i.RCC_PLLConfig)
    i.RCC_SYSCLKConfig                       0x08001a30   Section        0  stm32f10x_rcc.o(i.RCC_SYSCLKConfig)
    i.RCC_WaitForHSEStartUp                  0x08001a48   Section        0  stm32f10x_rcc.o(i.RCC_WaitForHSEStartUp)
    i.ReadADCBuf                             0x08001a80   Section        0  adc.o(i.ReadADCBuf)
    i.ReadSendBuf                            0x08001a9c   Section        0  uart1.o(i.ReadSendBuf)
    ReadSendBuf                              0x08001a9d   Thumb Code    22  uart1.o(i.ReadSendBuf)
    i.ReadUART1                              0x08001ab8   Section        0  uart1.o(i.ReadUART1)
    i.SVC_Handler                            0x08001ad4   Section        0  stm32f10x_it.o(i.SVC_Handler)
    i.ScanKeyOne                             0x08001ad8   Section        0  keyone.o(i.ScanKeyOne)
    i.SendAckPack                            0x08001b8c   Section        0  senddatatohost.o(i.SendAckPack)
    i.SendCharUsedByFputc                    0x08001bc4   Section        0  uart1.o(i.SendCharUsedByFputc)
    SendCharUsedByFputc                      0x08001bc5   Thumb Code    28  uart1.o(i.SendCharUsedByFputc)
    i.SendPackToHost                         0x08001be4   Section        0  senddatatohost.o(i.SendPackToHost)
    SendPackToHost                           0x08001be5   Thumb Code    26  senddatatohost.o(i.SendPackToHost)
    i.SendWaveToHost                         0x08001bfe   Section        0  senddatatohost.o(i.SendWaveToHost)
    i.SetSysClock                            0x08001c3a   Section        0  system_stm32f10x.o(i.SetSysClock)
    SetSysClock                              0x08001c3b   Thumb Code     8  system_stm32f10x.o(i.SetSysClock)
    i.SetSysClockTo72                        0x08001c44   Section        0  system_stm32f10x.o(i.SetSysClockTo72)
    SetSysClockTo72                          0x08001c45   Thumb Code   214  system_stm32f10x.o(i.SetSysClockTo72)
    i.SysTick_Handler                        0x08001d24   Section        0  systick.o(i.SysTick_Handler)
    i.SystemInit                             0x08001d2c   Section        0  system_stm32f10x.o(i.SystemInit)
    i.TIM2_IRQHandler                        0x08001d8c   Section        0  timer.o(i.TIM2_IRQHandler)
    i.TIM3_IRQHandler                        0x08001dc8   Section        0  adc.o(i.TIM3_IRQHandler)
    i.TIM5_IRQHandler                        0x08001df0   Section        0  timer.o(i.TIM5_IRQHandler)
    i.TIM_ClearITPendingBit                  0x08001e34   Section        0  stm32f10x_tim.o(i.TIM_ClearITPendingBit)
    i.TIM_Cmd                                0x08001e3a   Section        0  stm32f10x_tim.o(i.TIM_Cmd)
    i.TIM_DeInit                             0x08001e54   Section        0  stm32f10x_tim.o(i.TIM_DeInit)
    i.TIM_GetITStatus                        0x0800203c   Section        0  stm32f10x_tim.o(i.TIM_GetITStatus)
    i.TIM_ITConfig                           0x0800205e   Section        0  stm32f10x_tim.o(i.TIM_ITConfig)
    i.TIM_SelectOutputTrigger                0x08002070   Section        0  stm32f10x_tim.o(i.TIM_SelectOutputTrigger)
    i.TIM_TimeBaseInit                       0x08002084   Section        0  stm32f10x_tim.o(i.TIM_TimeBaseInit)
    i.TimDelayDec                            0x08002128   Section        0  systick.o(i.TimDelayDec)
    TimDelayDec                              0x08002129   Thumb Code    18  systick.o(i.TimDelayDec)
    i.USART1_IRQHandler                      0x08002140   Section        0  uart1.o(i.USART1_IRQHandler)
    i.USART_ClearFlag                        0x080021d8   Section        0  stm32f10x_usart.o(i.USART_ClearFlag)
    i.USART_ClearITPendingBit                0x080021ea   Section        0  stm32f10x_usart.o(i.USART_ClearITPendingBit)
    i.USART_Cmd                              0x08002208   Section        0  stm32f10x_usart.o(i.USART_Cmd)
    i.USART_GetFlagStatus                    0x08002220   Section        0  stm32f10x_usart.o(i.USART_GetFlagStatus)
    i.USART_GetITStatus                      0x0800223a   Section        0  stm32f10x_usart.o(i.USART_GetITStatus)
    i.USART_ITConfig                         0x0800228e   Section        0  stm32f10x_usart.o(i.USART_ITConfig)
    i.USART_Init                             0x080022d8   Section        0  stm32f10x_usart.o(i.USART_Init)
    i.USART_ReceiveData                      0x080023b0   Section        0  stm32f10x_usart.o(i.USART_ReceiveData)
    i.USART_SendData                         0x080023ba   Section        0  stm32f10x_usart.o(i.USART_SendData)
    i.USART_StructInit                       0x080023c2   Section        0  stm32f10x_usart.o(i.USART_StructInit)
    i.UnPackData                             0x080023dc   Section        0  packunpack.o(i.UnPackData)
    i.UnpackWithCheckSum                     0x08002460   Section        0  packunpack.o(i.UnpackWithCheckSum)
    UnpackWithCheckSum                       0x08002461   Thumb Code    66  packunpack.o(i.UnpackWithCheckSum)
    i.UsageFault_Handler                     0x080024a2   Section        0  stm32f10x_it.o(i.UsageFault_Handler)
    i.WriteADCBuf                            0x080024a8   Section        0  adc.o(i.WriteADCBuf)
    i.WriteReceiveBuf                        0x080024c0   Section        0  uart1.o(i.WriteReceiveBuf)
    WriteReceiveBuf                          0x080024c1   Thumb Code    20  uart1.o(i.WriteReceiveBuf)
    i.WriteUART1                             0x080024d8   Section        0  uart1.o(i.WriteUART1)
    i.__0printf$bare                         0x08002508   Section        0  printfb.o(i.__0printf$bare)
    i.__scatterload_copy                     0x08002518   Section       14  handlers.o(i.__scatterload_copy)
    i.__scatterload_null                     0x08002526   Section        2  handlers.o(i.__scatterload_null)
    i.__scatterload_zeroinit                 0x08002528   Section       14  handlers.o(i.__scatterload_zeroinit)
    i._printf_core                           0x08002536   Section        0  printfb.o(i._printf_core)
    _printf_core                             0x08002537   Thumb Code    34  printfb.o(i._printf_core)
    i.fputc                                  0x08002558   Section        0  uart1.o(i.fputc)
    i.main                                   0x08002568   Section        0  main.o(i.main)
    .data                                    0x20000000   Section       10  main.o(.data)
    s_iCnt4                                  0x20000000   Data           1  main.o(.data)
    s_iMark                                  0x20000001   Data           1  main.o(.data)
    s_arrWaveData                            0x20000002   Data           5  main.o(.data)
    s_iCnt5                                  0x20000008   Data           2  main.o(.data)
    .data                                    0x2000000a   Section        2  led.o(.data)
    s_iCnt                                   0x2000000a   Data           2  led.o(.data)
    .data                                    0x2000000c   Section        3  packunpack.o(.data)
    s_iPackLen                               0x2000000c   Data           1  packunpack.o(.data)
    s_iGotPackId                             0x2000000d   Data           1  packunpack.o(.data)
    s_iRestByteNum                           0x2000000e   Data           1  packunpack.o(.data)
    .data                                    0x2000000f   Section        9  keyone.o(.data)
    s_iarrKeyDownLevel                       0x2000000f   Data           3  keyone.o(.data)
    s_arrKeyVal                              0x20000012   Data           3  keyone.o(.data)
    s_arrKeyFlag                             0x20000015   Data           3  keyone.o(.data)
    .data                                    0x20000018   Section        1  prockeyone.o(.data)
    wavemode                                 0x20000018   Data           1  prockeyone.o(.data)
    .data                                    0x2000001a   Section        6  timer.o(.data)
    s_i2msFlag                               0x2000001a   Data           1  timer.o(.data)
    s_i1secFlag                              0x2000001b   Data           1  timer.o(.data)
    s_iCnt2                                  0x2000001c   Data           2  timer.o(.data)
    s_iCnt1000                               0x2000001e   Data           2  timer.o(.data)
    .data                                    0x20000020   Section        1  uart1.o(.data)
    s_iUARTTxSts                             0x20000020   Data           1  uart1.o(.data)
    .data                                    0x20000022   Section        2  adc.o(.data)
    s_arrADC1Data                            0x20000022   Data           2  adc.o(.data)
    .data                                    0x20000024   Section        8  dac.o(.data)
    s_strDAC1WaveBuf                         0x20000024   Data           8  dac.o(.data)
    .data                                    0x2000002c   Section      600  wave.o(.data)
    s_arrSineWave100Point                    0x2000002c   Data         200  wave.o(.data)
    s_arrRectWave100Point                    0x200000f4   Data         200  wave.o(.data)
    s_arrTriWave100Point                     0x200001bc   Data         200  wave.o(.data)
    .data                                    0x20000284   Section       20  stm32f10x_rcc.o(.data)
    APBAHBPrescTable                         0x20000284   Data          16  stm32f10x_rcc.o(.data)
    ADCPrescTable                            0x20000294   Data           4  stm32f10x_rcc.o(.data)
    .data                                    0x20000298   Section        4  systick.o(.data)
    s_iTimDelayCnt                           0x20000298   Data           4  systick.o(.data)
    .data                                    0x2000029c   Section       20  system_stm32f10x.o(.data)
    .data                                    0x200002b0   Section        4  stdout.o(.data)
    .bss                                     0x200002b4   Section       10  packunpack.o(.bss)
    s_ptPack                                 0x200002b4   Data          10  packunpack.o(.bss)
    .bss                                     0x200002be   Section     1024  oled.o(.bss)
    s_iOLEDGRAM                              0x200002be   Data        1024  oled.o(.bss)
    .bss                                     0x200006c0   Section      224  uart1.o(.bss)
    s_structUARTSendCirQue                   0x200006c0   Data          12  uart1.o(.bss)
    s_structUARTRecCirQue                    0x200006cc   Data          12  uart1.o(.bss)
    s_arrSendBuf                             0x200006d8   Data         100  uart1.o(.bss)
    s_arrRecBuf                              0x2000073c   Data         100  uart1.o(.bss)
    .bss                                     0x200007a0   Section      212  adc.o(.bss)
    s_structADCCirQue                        0x200007a0   Data          12  adc.o(.bss)
    s_arrADCBuf                              0x200007ac   Data         200  adc.o(.bss)
    STACK                                    0x20000878   Section     1024  startup_stm32f10x_hd.o(STACK)

    Global Symbols

    Symbol Name                              Value     Ov Type        Size  Object(Section)

    BuildAttributes$$THM_ISAv4$P$D$K$B$S$PE$A:L22UL41UL21$X:L11$S22US41US21$IEEE1$IW$USESV6$~STKCKD$USESV7$~SHL$OSPACE$ROPI$EBA8$MICROLIB$REQ8$PRES8$EABIv2 0x00000000   Number         0  anon$$obj.o ABSOLUTE
    __ARM_use_no_argv                        0x00000000   Number         0  main.o ABSOLUTE
    __cpp_initialize__aeabi_                  - Undefined Weak Reference
    __cxa_finalize                            - Undefined Weak Reference
    _clock_init                               - Undefined Weak Reference
    _microlib_exit                            - Undefined Weak Reference
    __Vectors_Size                           0x00000130   Number         0  startup_stm32f10x_hd.o ABSOLUTE
    __Vectors                                0x08000000   Data           4  startup_stm32f10x_hd.o(RESET)
    __Vectors_End                            0x08000130   Data           0  startup_stm32f10x_hd.o(RESET)
    __main                                   0x08000131   Thumb Code     0  entry.o(.ARM.Collect$$$$00000000)
    _main_stk                                0x08000131   Thumb Code     0  entry2.o(.ARM.Collect$$$$00000001)
    _main_scatterload                        0x08000135   Thumb Code     0  entry5.o(.ARM.Collect$$$$00000004)
    __main_after_scatterload                 0x08000139   Thumb Code     0  entry5.o(.ARM.Collect$$$$00000004)
    _main_clock                              0x08000139   Thumb Code     0  entry7b.o(.ARM.Collect$$$$00000008)
    _main_cpp_init                           0x08000139   Thumb Code     0  entry8b.o(.ARM.Collect$$$$0000000A)
    _main_init                               0x08000139   Thumb Code     0  entry9a.o(.ARM.Collect$$$$0000000B)
    __rt_final_cpp                           0x08000141   Thumb Code     0  entry10a.o(.ARM.Collect$$$$0000000D)
    __rt_final_exit                          0x08000141   Thumb Code     0  entry11a.o(.ARM.Collect$$$$0000000F)
    Reset_Handler                            0x08000145   Thumb Code     8  startup_stm32f10x_hd.o(.text)
    ADC1_2_IRQHandler                        0x0800015f   Thumb Code     0  startup_stm32f10x_hd.o(.text)
    ADC3_IRQHandler                          0x0800015f   Thumb Code     0  startup_stm32f10x_hd.o(.text)
    CAN1_RX1_IRQHandler                      0x0800015f   Thumb Code     0  startup_stm32f10x_hd.o(.text)
    CAN1_SCE_IRQHandler                      0x0800015f   Thumb Code     0  startup_stm32f10x_hd.o(.text)
    DMA1_Channel1_IRQHandler                 0x0800015f   Thumb Code     0  startup_stm32f10x_hd.o(.text)
    DMA1_Channel2_IRQHandler                 0x0800015f   Thumb Code     0  startup_stm32f10x_hd.o(.text)
    DMA1_Channel3_IRQHandler                 0x0800015f   Thumb Code     0  startup_stm32f10x_hd.o(.text)
    DMA1_Channel4_IRQHandler                 0x0800015f   Thumb Code     0  startup_stm32f10x_hd.o(.text)
    DMA1_Channel5_IRQHandler                 0x0800015f   Thumb Code     0  startup_stm32f10x_hd.o(.text)
    DMA1_Channel6_IRQHandler                 0x0800015f   Thumb Code     0  startup_stm32f10x_hd.o(.text)
    DMA1_Channel7_IRQHandler                 0x0800015f   Thumb Code     0  startup_stm32f10x_hd.o(.text)
    DMA2_Channel1_IRQHandler                 0x0800015f   Thumb Code     0  startup_stm32f10x_hd.o(.text)
    DMA2_Channel2_IRQHandler                 0x0800015f   Thumb Code     0  startup_stm32f10x_hd.o(.text)
    DMA2_Channel4_5_IRQHandler               0x0800015f   Thumb Code     0  startup_stm32f10x_hd.o(.text)
    EXTI0_IRQHandler                         0x0800015f   Thumb Code     0  startup_stm32f10x_hd.o(.text)
    EXTI15_10_IRQHandler                     0x0800015f   Thumb Code     0  startup_stm32f10x_hd.o(.text)
    EXTI1_IRQHandler                         0x0800015f   Thumb Code     0  startup_stm32f10x_hd.o(.text)
    EXTI2_IRQHandler                         0x0800015f   Thumb Code     0  startup_stm32f10x_hd.o(.text)
    EXTI3_IRQHandler                         0x0800015f   Thumb Code     0  startup_stm32f10x_hd.o(.text)
    EXTI4_IRQHandler                         0x0800015f   Thumb Code     0  startup_stm32f10x_hd.o(.text)
    EXTI9_5_IRQHandler                       0x0800015f   Thumb Code     0  startup_stm32f10x_hd.o(.text)
    FLASH_IRQHandler                         0x0800015f   Thumb Code     0  startup_stm32f10x_hd.o(.text)
    FSMC_IRQHandler                          0x0800015f   Thumb Code     0  startup_stm32f10x_hd.o(.text)
    I2C1_ER_IRQHandler                       0x0800015f   Thumb Code     0  startup_stm32f10x_hd.o(.text)
    I2C1_EV_IRQHandler                       0x0800015f   Thumb Code     0  startup_stm32f10x_hd.o(.text)
    I2C2_ER_IRQHandler                       0x0800015f   Thumb Code     0  startup_stm32f10x_hd.o(.text)
    I2C2_EV_IRQHandler                       0x0800015f   Thumb Code     0  startup_stm32f10x_hd.o(.text)
    PVD_IRQHandler                           0x0800015f   Thumb Code     0  startup_stm32f10x_hd.o(.text)
    RCC_IRQHandler                           0x0800015f   Thumb Code     0  startup_stm32f10x_hd.o(.text)
    RTCAlarm_IRQHandler                      0x0800015f   Thumb Code     0  startup_stm32f10x_hd.o(.text)
    RTC_IRQHandler                           0x0800015f   Thumb Code     0  startup_stm32f10x_hd.o(.text)
    SDIO_IRQHandler                          0x0800015f   Thumb Code     0  startup_stm32f10x_hd.o(.text)
    SPI1_IRQHandler                          0x0800015f   Thumb Code     0  startup_stm32f10x_hd.o(.text)
    SPI2_IRQHandler                          0x0800015f   Thumb Code     0  startup_stm32f10x_hd.o(.text)
    SPI3_IRQHandler                          0x0800015f   Thumb Code     0  startup_stm32f10x_hd.o(.text)
    TAMPER_IRQHandler                        0x0800015f   Thumb Code     0  startup_stm32f10x_hd.o(.text)
    TIM1_BRK_IRQHandler                      0x0800015f   Thumb Code     0  startup_stm32f10x_hd.o(.text)
    TIM1_CC_IRQHandler                       0x0800015f   Thumb Code     0  startup_stm32f10x_hd.o(.text)
    TIM1_TRG_COM_IRQHandler                  0x0800015f   Thumb Code     0  startup_stm32f10x_hd.o(.text)
    TIM1_UP_IRQHandler                       0x0800015f   Thumb Code     0  startup_stm32f10x_hd.o(.text)
    TIM4_IRQHandler                          0x0800015f   Thumb Code     0  startup_stm32f10x_hd.o(.text)
    TIM6_IRQHandler                          0x0800015f   Thumb Code     0  startup_stm32f10x_hd.o(.text)
    TIM7_IRQHandler                          0x0800015f   Thumb Code     0  startup_stm32f10x_hd.o(.text)
    TIM8_BRK_IRQHandler                      0x0800015f   Thumb Code     0  startup_stm32f10x_hd.o(.text)
    TIM8_CC_IRQHandler                       0x0800015f   Thumb Code     0  startup_stm32f10x_hd.o(.text)
    TIM8_TRG_COM_IRQHandler                  0x0800015f   Thumb Code     0  startup_stm32f10x_hd.o(.text)
    TIM8_UP_IRQHandler                       0x0800015f   Thumb Code     0  startup_stm32f10x_hd.o(.text)
    UART4_IRQHandler                         0x0800015f   Thumb Code     0  startup_stm32f10x_hd.o(.text)
    UART5_IRQHandler                         0x0800015f   Thumb Code     0  startup_stm32f10x_hd.o(.text)
    USART2_IRQHandler                        0x0800015f   Thumb Code     0  startup_stm32f10x_hd.o(.text)
    USART3_IRQHandler                        0x0800015f   Thumb Code     0  startup_stm32f10x_hd.o(.text)
    USBWakeUp_IRQHandler                     0x0800015f   Thumb Code     0  startup_stm32f10x_hd.o(.text)
    USB_HP_CAN1_TX_IRQHandler                0x0800015f   Thumb Code     0  startup_stm32f10x_hd.o(.text)
    USB_LP_CAN1_RX0_IRQHandler               0x0800015f   Thumb Code     0  startup_stm32f10x_hd.o(.text)
    WWDG_IRQHandler                          0x0800015f   Thumb Code     0  startup_stm32f10x_hd.o(.text)
    __scatterload                            0x08000169   Thumb Code    28  init.o(.text)
    __scatterload_rt2                        0x08000169   Thumb Code     0  init.o(.text)
    __decompress                             0x0800018d   Thumb Code     0  __dczerorl2.o(.text)
    __decompress1                            0x0800018d   Thumb Code    86  __dczerorl2.o(.text)
    ADC_Cmd                                  0x080001e3   Thumb Code    22  stm32f10x_adc.o(i.ADC_Cmd)
    ADC_DMACmd                               0x080001f9   Thumb Code    22  stm32f10x_adc.o(i.ADC_DMACmd)
    ADC_ExternalTrigConvCmd                  0x0800020f   Thumb Code    22  stm32f10x_adc.o(i.ADC_ExternalTrigConvCmd)
    ADC_GetCalibrationStatus                 0x08000225   Thumb Code    20  stm32f10x_adc.o(i.ADC_GetCalibrationStatus)
    ADC_GetResetCalibrationStatus            0x08000239   Thumb Code    20  stm32f10x_adc.o(i.ADC_GetResetCalibrationStatus)
    ADC_Init                                 0x0800024d   Thumb Code    70  stm32f10x_adc.o(i.ADC_Init)
    ADC_RegularChannelConfig                 0x0800029d   Thumb Code   184  stm32f10x_adc.o(i.ADC_RegularChannelConfig)
    ADC_ResetCalibration                     0x08000355   Thumb Code    10  stm32f10x_adc.o(i.ADC_ResetCalibration)
    ADC_StartCalibration                     0x0800035f   Thumb Code    10  stm32f10x_adc.o(i.ADC_StartCalibration)
    BusFault_Handler                         0x08000369   Thumb Code     4  stm32f10x_it.o(i.BusFault_Handler)
    Clr1SecFlag                              0x0800036d   Thumb Code     8  timer.o(i.Clr1SecFlag)
    Clr2msFlag                               0x08000379   Thumb Code     8  timer.o(i.Clr2msFlag)
    DAC_Cmd                                  0x08000a6d   Thumb Code    34  stm32f10x_dac.o(i.DAC_Cmd)
    DAC_DMACmd                               0x08000a95   Thumb Code    38  stm32f10x_dac.o(i.DAC_DMACmd)
    DAC_Init                                 0x08000ac1   Thumb Code    46  stm32f10x_dac.o(i.DAC_Init)
    DAC_SetChannel1Data                      0x08000af5   Thumb Code    26  stm32f10x_dac.o(i.DAC_SetChannel1Data)
    DMA2_Channel3_IRQHandler                 0x08000b15   Thumb Code    46  dac.o(i.DMA2_Channel3_IRQHandler)
    DMA_ClearITPendingBit                    0x08000b55   Thumb Code    18  stm32f10x_dma.o(i.DMA_ClearITPendingBit)
    DMA_Cmd                                  0x08000b71   Thumb Code    24  stm32f10x_dma.o(i.DMA_Cmd)
    DMA_DeInit                               0x08000b89   Thumb Code   324  stm32f10x_dma.o(i.DMA_DeInit)
    DMA_GetITStatus                          0x08000cd5   Thumb Code    36  stm32f10x_dma.o(i.DMA_GetITStatus)
    DMA_ITConfig                             0x08000d01   Thumb Code    18  stm32f10x_dma.o(i.DMA_ITConfig)
    DMA_Init                                 0x08000d13   Thumb Code    60  stm32f10x_dma.o(i.DMA_Init)
    DeQueue                                  0x08000d4f   Thumb Code    68  queue.o(i.DeQueue)
    DeU16Queue                               0x08000d93   Thumb Code    72  u16queue.o(i.DeU16Queue)
    DebugMon_Handler                         0x08000ddb   Thumb Code     2  stm32f10x_it.o(i.DebugMon_Handler)
    DelayNms                                 0x08000ddd   Thumb Code    20  systick.o(i.DelayNms)
    EnQueue                                  0x08000df5   Thumb Code    72  queue.o(i.EnQueue)
    EnU16Queue                               0x08000e3d   Thumb Code    76  u16queue.o(i.EnU16Queue)
    FLASH_PrefetchBufferCmd                  0x08000ea9   Thumb Code    22  stm32f10x_flash.o(i.FLASH_PrefetchBufferCmd)
    FLASH_SetLatency                         0x08000ec5   Thumb Code    18  stm32f10x_flash.o(i.FLASH_SetLatency)
    GPIO_Init                                0x08000edd   Thumb Code   278  stm32f10x_gpio.o(i.GPIO_Init)
    GPIO_ReadInputDataBit                    0x08000ff3   Thumb Code    18  stm32f10x_gpio.o(i.GPIO_ReadInputDataBit)
    GPIO_ReadOutputDataBit                   0x08001005   Thumb Code    18  stm32f10x_gpio.o(i.GPIO_ReadOutputDataBit)
    GPIO_ResetBits                           0x08001017   Thumb Code     4  stm32f10x_gpio.o(i.GPIO_ResetBits)
    GPIO_SetBits                             0x0800101b   Thumb Code     4  stm32f10x_gpio.o(i.GPIO_SetBits)
    GPIO_WriteBit                            0x0800101f   Thumb Code    10  stm32f10x_gpio.o(i.GPIO_WriteBit)
    Get1SecFlag                              0x08001029   Thumb Code     6  timer.o(i.Get1SecFlag)
    Get2msFlag                               0x08001035   Thumb Code     6  timer.o(i.Get2msFlag)
    GetRectWave100PointAddr                  0x08001041   Thumb Code     4  wave.o(i.GetRectWave100PointAddr)
    GetSineWave100PointAddr                  0x08001049   Thumb Code     4  wave.o(i.GetSineWave100PointAddr)
    GetTriWave100PointAddr                   0x08001051   Thumb Code     4  wave.o(i.GetTriWave100PointAddr)
    GetUnPackRslt                            0x08001059   Thumb Code    16  packunpack.o(i.GetUnPackRslt)
    HardFault_Handler                        0x0800106d   Thumb Code     4  stm32f10x_it.o(i.HardFault_Handler)
    InitADC                                  0x08001071   Thumb Code    34  adc.o(i.InitADC)
    InitDAC                                  0x0800109d   Thumb Code    30  dac.o(i.InitDAC)
    InitDAC_task                             0x080010c1   Thumb Code    54  dac.o(i.InitDAC_task)
    InitKeyOne                               0x08001135   Thumb Code    18  keyone.o(i.InitKeyOne)
    InitLED                                  0x0800114d   Thumb Code     8  led.o(i.InitLED)
    InitNVIC                                 0x08001155   Thumb Code     8  nvic.o(i.InitNVIC)
    InitOLED                                 0x0800115d   Thumb Code    48  oled.o(i.InitOLED)
    InitPackUnpack                           0x08001191   Thumb Code    50  packunpack.o(i.InitPackUnpack)
    InitProcHostCmd                          0x080011d5   Thumb Code     2  prochostcmd.o(i.InitProcHostCmd)
    InitProcKeyOne                           0x080011d7   Thumb Code     2  prockeyone.o(i.InitProcKeyOne)
    InitQueue                                0x080011d9   Thumb Code    36  queue.o(i.InitQueue)
    InitRCC                                  0x080011fd   Thumb Code     8  rcc.o(i.InitRCC)
    InitSendDataToHost                       0x08001205   Thumb Code     2  senddatatohost.o(i.InitSendDataToHost)
    InitSysTick                              0x08001219   Thumb Code    92  systick.o(i.InitSysTick)
    InitTimer                                0x08001281   Thumb Code    24  timer.o(i.InitTimer)
    InitU16Queue                             0x08001299   Thumb Code    38  u16queue.o(i.InitU16Queue)
    InitUART1                                0x080012bf   Thumb Code    16  uart1.o(i.InitUART1)
    LEDFlicker                               0x08001311   Thumb Code    76  led.o(i.LEDFlicker)
    MemManage_Handler                        0x08001365   Thumb Code     4  stm32f10x_it.o(i.MemManage_Handler)
    NMI_Handler                              0x08001369   Thumb Code     2  stm32f10x_it.o(i.NMI_Handler)
    NVIC_Init                                0x08001385   Thumb Code   100  misc.o(i.NVIC_Init)
    NVIC_PriorityGroupConfig                 0x080013f5   Thumb Code    10  misc.o(i.NVIC_PriorityGroupConfig)
    OLEDClear                                0x08001409   Thumb Code    42  oled.o(i.OLEDClear)
    OLEDRefreshGRAM                          0x08001439   Thumb Code    70  oled.o(i.OLEDRefreshGRAM)
    PackData                                 0x0800150f   Thumb Code    24  packunpack.o(i.PackData)
    PendSV_Handler                           0x08001565   Thumb Code     2  stm32f10x_it.o(i.PendSV_Handler)
    ProcHostCmd                              0x08001659   Thumb Code    70  prochostcmd.o(i.ProcHostCmd)
    ProcKeyDownKey1                          0x080016a1   Thumb Code    86  prockeyone.o(i.ProcKeyDownKey1)
    ProcKeyDownKey2                          0x080016fd   Thumb Code    10  prockeyone.o(i.ProcKeyDownKey2)
    ProcKeyDownKey3                          0x0800171d   Thumb Code    10  prockeyone.o(i.ProcKeyDownKey3)
    ProcKeyUpKey1                            0x0800173d   Thumb Code     2  prockeyone.o(i.ProcKeyUpKey1)
    ProcKeyUpKey2                            0x0800173f   Thumb Code     2  prockeyone.o(i.ProcKeyUpKey2)
    ProcKeyUpKey3                            0x08001741   Thumb Code     2  prockeyone.o(i.ProcKeyUpKey3)
    QueueEmpty                               0x08001743   Thumb Code    14  queue.o(i.QueueEmpty)
    RCC_ADCCLKConfig                         0x08001751   Thumb Code    18  stm32f10x_rcc.o(i.RCC_ADCCLKConfig)
    RCC_AHBPeriphClockCmd                    0x08001769   Thumb Code    26  stm32f10x_rcc.o(i.RCC_AHBPeriphClockCmd)
    RCC_APB1PeriphClockCmd                   0x08001789   Thumb Code    26  stm32f10x_rcc.o(i.RCC_APB1PeriphClockCmd)
    RCC_APB1PeriphResetCmd                   0x080017a9   Thumb Code    26  stm32f10x_rcc.o(i.RCC_APB1PeriphResetCmd)
    RCC_APB2PeriphClockCmd                   0x080017c9   Thumb Code    26  stm32f10x_rcc.o(i.RCC_APB2PeriphClockCmd)
    RCC_APB2PeriphResetCmd                   0x080017e9   Thumb Code    26  stm32f10x_rcc.o(i.RCC_APB2PeriphResetCmd)
    RCC_DeInit                               0x08001809   Thumb Code    64  stm32f10x_rcc.o(i.RCC_DeInit)
    RCC_GetClocksFreq                        0x08001855   Thumb Code   192  stm32f10x_rcc.o(i.RCC_GetClocksFreq)
    RCC_GetFlagStatus                        0x08001929   Thumb Code    56  stm32f10x_rcc.o(i.RCC_GetFlagStatus)
    RCC_GetSYSCLKSource                      0x08001965   Thumb Code    10  stm32f10x_rcc.o(i.RCC_GetSYSCLKSource)
    RCC_HCLKConfig                           0x08001975   Thumb Code    18  stm32f10x_rcc.o(i.RCC_HCLKConfig)
    RCC_HSEConfig                            0x0800198d   Thumb Code    70  stm32f10x_rcc.o(i.RCC_HSEConfig)
    RCC_PCLK1Config                          0x080019d9   Thumb Code    18  stm32f10x_rcc.o(i.RCC_PCLK1Config)
    RCC_PCLK2Config                          0x080019f1   Thumb Code    20  stm32f10x_rcc.o(i.RCC_PCLK2Config)
    RCC_PLLCmd                               0x08001a09   Thumb Code     6  stm32f10x_rcc.o(i.RCC_PLLCmd)
    RCC_PLLConfig                            0x08001a15   Thumb Code    24  stm32f10x_rcc.o(i.RCC_PLLConfig)
    RCC_SYSCLKConfig                         0x08001a31   Thumb Code    18  stm32f10x_rcc.o(i.RCC_SYSCLKConfig)
    RCC_WaitForHSEStartUp                    0x08001a49   Thumb Code    56  stm32f10x_rcc.o(i.RCC_WaitForHSEStartUp)
    ReadADCBuf                               0x08001a81   Thumb Code    22  adc.o(i.ReadADCBuf)
    ReadUART1                                0x08001ab9   Thumb Code    24  uart1.o(i.ReadUART1)
    SVC_Handler                              0x08001ad5   Thumb Code     2  stm32f10x_it.o(i.SVC_Handler)
    ScanKeyOne                               0x08001ad9   Thumb Code   158  keyone.o(i.ScanKeyOne)
    SendAckPack                              0x08001b8d   Thumb Code    54  senddatatohost.o(i.SendAckPack)
    SendWaveToHost                           0x08001bff   Thumb Code    60  senddatatohost.o(i.SendWaveToHost)
    SysTick_Handler                          0x08001d25   Thumb Code     8  systick.o(i.SysTick_Handler)
    SystemInit                               0x08001d2d   Thumb Code    78  system_stm32f10x.o(i.SystemInit)
    TIM2_IRQHandler                          0x08001d8d   Thumb Code    52  timer.o(i.TIM2_IRQHandler)
    TIM3_IRQHandler                          0x08001dc9   Thumb Code    30  adc.o(i.TIM3_IRQHandler)
    TIM5_IRQHandler                          0x08001df1   Thumb Code    54  timer.o(i.TIM5_IRQHandler)
    TIM_ClearITPendingBit                    0x08001e35   Thumb Code     6  stm32f10x_tim.o(i.TIM_ClearITPendingBit)
    TIM_Cmd                                  0x08001e3b   Thumb Code    24  stm32f10x_tim.o(i.TIM_Cmd)
    TIM_DeInit                               0x08001e55   Thumb Code   424  stm32f10x_tim.o(i.TIM_DeInit)
    TIM_GetITStatus                          0x0800203d   Thumb Code    34  stm32f10x_tim.o(i.TIM_GetITStatus)
    TIM_ITConfig                             0x0800205f   Thumb Code    18  stm32f10x_tim.o(i.TIM_ITConfig)
    TIM_SelectOutputTrigger                  0x08002071   Thumb Code    18  stm32f10x_tim.o(i.TIM_SelectOutputTrigger)
    TIM_TimeBaseInit                         0x08002085   Thumb Code   122  stm32f10x_tim.o(i.TIM_TimeBaseInit)
    USART1_IRQHandler                        0x08002141   Thumb Code   140  uart1.o(i.USART1_IRQHandler)
    USART_ClearFlag                          0x080021d9   Thumb Code    18  stm32f10x_usart.o(i.USART_ClearFlag)
    USART_ClearITPendingBit                  0x080021eb   Thumb Code    30  stm32f10x_usart.o(i.USART_ClearITPendingBit)
    USART_Cmd                                0x08002209   Thumb Code    24  stm32f10x_usart.o(i.USART_Cmd)
    USART_GetFlagStatus                      0x08002221   Thumb Code    26  stm32f10x_usart.o(i.USART_GetFlagStatus)
    USART_GetITStatus                        0x0800223b   Thumb Code    84  stm32f10x_usart.o(i.USART_GetITStatus)
    USART_ITConfig                           0x0800228f   Thumb Code    74  stm32f10x_usart.o(i.USART_ITConfig)
    USART_Init                               0x080022d9   Thumb Code   210  stm32f10x_usart.o(i.USART_Init)
    USART_ReceiveData                        0x080023b1   Thumb Code    10  stm32f10x_usart.o(i.USART_ReceiveData)
    USART_SendData                           0x080023bb   Thumb Code     8  stm32f10x_usart.o(i.USART_SendData)
    USART_StructInit                         0x080023c3   Thumb Code    24  stm32f10x_usart.o(i.USART_StructInit)
    UnPackData                               0x080023dd   Thumb Code   114  packunpack.o(i.UnPackData)
    UsageFault_Handler                       0x080024a3   Thumb Code     4  stm32f10x_it.o(i.UsageFault_Handler)
    WriteADCBuf                              0x080024a9   Thumb Code    20  adc.o(i.WriteADCBuf)
    WriteUART1                               0x080024d9   Thumb Code    38  uart1.o(i.WriteUART1)
    __0printf$bare                           0x08002509   Thumb Code     8  printfb.o(i.__0printf$bare)
    __1printf$bare                           0x08002509   Thumb Code     0  printfb.o(i.__0printf$bare)
    __2printf                                0x08002509   Thumb Code     0  printfb.o(i.__0printf$bare)
    __scatterload_copy                       0x08002519   Thumb Code    14  handlers.o(i.__scatterload_copy)
    __scatterload_null                       0x08002527   Thumb Code     2  handlers.o(i.__scatterload_null)
    __scatterload_zeroinit                   0x08002529   Thumb Code    14  handlers.o(i.__scatterload_zeroinit)
    fputc                                    0x08002559   Thumb Code    16  uart1.o(i.fputc)
    main                                     0x08002569   Thumb Code    26  main.o(i.main)
    Region$$Table$$Base                      0x080025a8   Number         0  anon$$obj.o(Region$$Table)
    Region$$Table$$Limit                     0x080025c8   Number         0  anon$$obj.o(Region$$Table)
    SystemCoreClock                          0x2000029c   Data           4  system_stm32f10x.o(.data)
    AHBPrescTable                            0x200002a0   Data          16  system_stm32f10x.o(.data)
    __stdout                                 0x200002b0   Data           4  stdout.o(.data)
    __initial_sp                             0x20000c78   Data           0  startup_stm32f10x_hd.o(STACK)



==============================================================================

Memory Map of the image

  Image Entry point : 0x08000131

  Load Region LR_IROM1 (Base: 0x08000000, Size: 0x0000287c, Max: 0x00080000, ABSOLUTE, COMPRESSED[0x0000275c])

    Execution Region ER_IROM1 (Exec base: 0x08000000, Load base: 0x08000000, Size: 0x000025c8, Max: 0x00080000, ABSOLUTE)

    Exec Addr    Load Addr    Size         Type   Attr      Idx    E Section Name        Object

    0x08000000   0x08000000   0x00000130   Data   RO         2617    RESET               startup_stm32f10x_hd.o
    0x08000130   0x08000130   0x00000000   Code   RO         2622  * .ARM.Collect$$$$00000000  mc_w.l(entry.o)
    0x08000130   0x08000130   0x00000004   Code   RO         2885    .ARM.Collect$$$$00000001  mc_w.l(entry2.o)
    0x08000134   0x08000134   0x00000004   Code   RO         2888    .ARM.Collect$$$$00000004  mc_w.l(entry5.o)
    0x08000138   0x08000138   0x00000000   Code   RO         2890    .ARM.Collect$$$$00000008  mc_w.l(entry7b.o)
    0x08000138   0x08000138   0x00000000   Code   RO         2892    .ARM.Collect$$$$0000000A  mc_w.l(entry8b.o)
    0x08000138   0x08000138   0x00000008   Code   RO         2893    .ARM.Collect$$$$0000000B  mc_w.l(entry9a.o)
    0x08000140   0x08000140   0x00000000   Code   RO         2895    .ARM.Collect$$$$0000000D  mc_w.l(entry10a.o)
    0x08000140   0x08000140   0x00000000   Code   RO         2897    .ARM.Collect$$$$0000000F  mc_w.l(entry11a.o)
    0x08000140   0x08000140   0x00000004   Code   RO         2886    .ARM.Collect$$$$00002712  mc_w.l(entry2.o)
    0x08000144   0x08000144   0x00000024   Code   RO         2618    .text               startup_stm32f10x_hd.o
    0x08000168   0x08000168   0x00000024   Code   RO         2915    .text               mc_w.l(init.o)
    0x0800018c   0x0800018c   0x00000056   Code   RO         2933    .text               mc_w.l(__dczerorl2.o)
    0x080001e2   0x080001e2   0x00000016   Code   RO         2089    i.ADC_Cmd           stm32f10x_adc.o
    0x080001f8   0x080001f8   0x00000016   Code   RO         2090    i.ADC_DMACmd        stm32f10x_adc.o
    0x0800020e   0x0800020e   0x00000016   Code   RO         2094    i.ADC_ExternalTrigConvCmd  stm32f10x_adc.o
    0x08000224   0x08000224   0x00000014   Code   RO         2097    i.ADC_GetCalibrationStatus  stm32f10x_adc.o
    0x08000238   0x08000238   0x00000014   Code   RO         2103    i.ADC_GetResetCalibrationStatus  stm32f10x_adc.o
    0x0800024c   0x0800024c   0x00000050   Code   RO         2107    i.ADC_Init          stm32f10x_adc.o
    0x0800029c   0x0800029c   0x000000b8   Code   RO         2111    i.ADC_RegularChannelConfig  stm32f10x_adc.o
    0x08000354   0x08000354   0x0000000a   Code   RO         2112    i.ADC_ResetCalibration  stm32f10x_adc.o
    0x0800035e   0x0800035e   0x0000000a   Code   RO         2116    i.ADC_StartCalibration  stm32f10x_adc.o
    0x08000368   0x08000368   0x00000004   Code   RO         2524    i.BusFault_Handler  stm32f10x_it.o
    0x0800036c   0x0800036c   0x0000000c   Code   RO          469    i.Clr1SecFlag       timer.o
    0x08000378   0x08000378   0x0000000c   Code   RO          470    i.Clr2msFlag        timer.o
    0x08000384   0x08000384   0x000000ac   Code   RO          655    i.ConfigADC1        adc.o
    0x08000430   0x08000430   0x00000060   Code   RO          748    i.ConfigDAC1        dac.o
    0x08000490   0x08000490   0x00000060   Code   RO          656    i.ConfigDMA1Ch1     adc.o
    0x080004f0   0x080004f0   0x00000080   Code   RO          749    i.ConfigDMA2Ch3ForDAC1  dac.o
    0x08000570   0x08000570   0x00000064   Code   RO          272    i.ConfigKeyOneGPIO  keyone.o
    0x080005d4   0x080005d4   0x00000058   Code   RO          138    i.ConfigLEDGPIO     led.o
    0x0800062c   0x0800062c   0x0000000c   Code   RO         2455    i.ConfigNVIC        nvic.o
    0x08000638   0x08000638   0x000000d8   Code   RO          354    i.ConfigOLEDGPIO    oled.o
    0x08000710   0x08000710   0x000000cc   Code   RO          355    i.ConfigOLEDReg     oled.o
    0x080007dc   0x080007dc   0x00000064   Code   RO          439    i.ConfigRCC         rcc.o
    0x08000840   0x08000840   0x0000005c   Code   RO          471    i.ConfigTimer2      timer.o
    0x0800089c   0x0800089c   0x00000064   Code   RO          657    i.ConfigTimer3      adc.o
    0x08000900   0x08000900   0x00000044   Code   RO          750    i.ConfigTimer4      dac.o
    0x08000944   0x08000944   0x00000060   Code   RO          472    i.ConfigTimer5      timer.o
    0x080009a4   0x080009a4   0x000000c8   Code   RO          574    i.ConfigUART        uart1.o
    0x08000a6c   0x08000a6c   0x00000028   Code   RO         2305    i.DAC_Cmd           stm32f10x_dac.o
    0x08000a94   0x08000a94   0x0000002c   Code   RO         2306    i.DAC_DMACmd        stm32f10x_dac.o
    0x08000ac0   0x08000ac0   0x00000034   Code   RO         2310    i.DAC_Init          stm32f10x_dac.o
    0x08000af4   0x08000af4   0x00000020   Code   RO         2311    i.DAC_SetChannel1Data  stm32f10x_dac.o
    0x08000b14   0x08000b14   0x00000040   Code   RO          751    i.DMA2_Channel3_IRQHandler  dac.o
    0x08000b54   0x08000b54   0x0000001c   Code   RO         2384    i.DMA_ClearITPendingBit  stm32f10x_dma.o
    0x08000b70   0x08000b70   0x00000018   Code   RO         2385    i.DMA_Cmd           stm32f10x_dma.o
    0x08000b88   0x08000b88   0x0000014c   Code   RO         2386    i.DMA_DeInit        stm32f10x_dma.o
    0x08000cd4   0x08000cd4   0x0000002c   Code   RO         2389    i.DMA_GetITStatus   stm32f10x_dma.o
    0x08000d00   0x08000d00   0x00000012   Code   RO         2390    i.DMA_ITConfig      stm32f10x_dma.o
    0x08000d12   0x08000d12   0x0000003c   Code   RO         2391    i.DMA_Init          stm32f10x_dma.o
    0x08000d4e   0x08000d4e   0x00000044   Code   RO          530    i.DeQueue           queue.o
    0x08000d92   0x08000d92   0x00000048   Code   RO          707    i.DeU16Queue        u16queue.o
    0x08000dda   0x08000dda   0x00000002   Code   RO         2525    i.DebugMon_Handler  stm32f10x_it.o
    0x08000ddc   0x08000ddc   0x00000018   Code   RO         2472    i.DelayNms          systick.o
    0x08000df4   0x08000df4   0x00000048   Code   RO          531    i.EnQueue           queue.o
    0x08000e3c   0x08000e3c   0x0000004c   Code   RO          708    i.EnU16Queue        u16queue.o
    0x08000e88   0x08000e88   0x00000020   Code   RO          575    i.EnableUARTTx      uart1.o
    0x08000ea8   0x08000ea8   0x0000001c   Code   RO          884    i.FLASH_PrefetchBufferCmd  stm32f10x_flash.o
    0x08000ec4   0x08000ec4   0x00000018   Code   RO          889    i.FLASH_SetLatency  stm32f10x_flash.o
    0x08000edc   0x08000edc   0x00000116   Code   RO         1047    i.GPIO_Init         stm32f10x_gpio.o
    0x08000ff2   0x08000ff2   0x00000012   Code   RO         1051    i.GPIO_ReadInputDataBit  stm32f10x_gpio.o
    0x08001004   0x08001004   0x00000012   Code   RO         1053    i.GPIO_ReadOutputDataBit  stm32f10x_gpio.o
    0x08001016   0x08001016   0x00000004   Code   RO         1054    i.GPIO_ResetBits    stm32f10x_gpio.o
    0x0800101a   0x0800101a   0x00000004   Code   RO         1055    i.GPIO_SetBits      stm32f10x_gpio.o
    0x0800101e   0x0800101e   0x0000000a   Code   RO         1058    i.GPIO_WriteBit     stm32f10x_gpio.o
    0x08001028   0x08001028   0x0000000c   Code   RO          473    i.Get1SecFlag       timer.o
    0x08001034   0x08001034   0x0000000c   Code   RO          474    i.Get2msFlag        timer.o
    0x08001040   0x08001040   0x00000008   Code   RO          799    i.GetRectWave100PointAddr  wave.o
    0x08001048   0x08001048   0x00000008   Code   RO          800    i.GetSineWave100PointAddr  wave.o
    0x08001050   0x08001050   0x00000008   Code   RO          801    i.GetTriWave100PointAddr  wave.o
    0x08001058   0x08001058   0x00000014   Code   RO          162    i.GetUnPackRslt     packunpack.o
    0x0800106c   0x0800106c   0x00000004   Code   RO         2526    i.HardFault_Handler  stm32f10x_it.o
    0x08001070   0x08001070   0x0000002c   Code   RO          658    i.InitADC           adc.o
    0x0800109c   0x0800109c   0x00000024   Code   RO          752    i.InitDAC           dac.o
    0x080010c0   0x080010c0   0x0000003c   Code   RO          753    i.InitDAC_task      dac.o
    0x080010fc   0x080010fc   0x00000038   Code   RO            1    i.InitHardware      main.o
    0x08001134   0x08001134   0x00000018   Code   RO          273    i.InitKeyOne        keyone.o
    0x0800114c   0x0800114c   0x00000008   Code   RO          139    i.InitLED           led.o
    0x08001154   0x08001154   0x00000008   Code   RO         2456    i.InitNVIC          nvic.o
    0x0800115c   0x0800115c   0x00000034   Code   RO          356    i.InitOLED          oled.o
    0x08001190   0x08001190   0x00000044   Code   RO          163    i.InitPackUnpack    packunpack.o
    0x080011d4   0x080011d4   0x00000002   Code   RO          211    i.InitProcHostCmd   prochostcmd.o
    0x080011d6   0x080011d6   0x00000002   Code   RO          300    i.InitProcKeyOne    prockeyone.o
    0x080011d8   0x080011d8   0x00000024   Code   RO          532    i.InitQueue         queue.o
    0x080011fc   0x080011fc   0x00000008   Code   RO          440    i.InitRCC           rcc.o
    0x08001204   0x08001204   0x00000002   Code   RO          240    i.InitSendDataToHost  senddatatohost.o
    0x08001206   0x08001206   0x00000010   Code   RO            2    i.InitSoftware      main.o
    0x08001216   0x08001216   0x00000002   PAD
    0x08001218   0x08001218   0x00000068   Code   RO         2474    i.InitSysTick       systick.o
    0x08001280   0x08001280   0x00000018   Code   RO          475    i.InitTimer         timer.o
    0x08001298   0x08001298   0x00000026   Code   RO          709    i.InitU16Queue      u16queue.o
    0x080012be   0x080012be   0x00000010   Code   RO          576    i.InitUART1         uart1.o
    0x080012ce   0x080012ce   0x00000002   PAD
    0x080012d0   0x080012d0   0x00000040   Code   RO          577    i.InitUARTBuf       uart1.o
    0x08001310   0x08001310   0x00000054   Code   RO          140    i.LEDFlicker        led.o
    0x08001364   0x08001364   0x00000004   Code   RO         2527    i.MemManage_Handler  stm32f10x_it.o
    0x08001368   0x08001368   0x00000002   Code   RO         2528    i.NMI_Handler       stm32f10x_it.o
    0x0800136a   0x0800136a   0x00000002   PAD
    0x0800136c   0x0800136c   0x00000018   Code   RO          578    i.NVIC_ClearPendingIRQ  uart1.o
    0x08001384   0x08001384   0x00000070   Code   RO          831    i.NVIC_Init         misc.o
    0x080013f4   0x080013f4   0x00000014   Code   RO          832    i.NVIC_PriorityGroupConfig  misc.o
    0x08001408   0x08001408   0x00000030   Code   RO          357    i.OLEDClear         oled.o
    0x08001438   0x08001438   0x0000004c   Code   RO          361    i.OLEDRefreshGRAM   oled.o
    0x08001484   0x08001484   0x00000084   Code   RO          365    i.OLEDWriteByte     oled.o
    0x08001508   0x08001508   0x00000006   Code   RO          212    i.OnGenWave         prochostcmd.o
    0x0800150e   0x0800150e   0x00000018   Code   RO          164    i.PackData          packunpack.o
    0x08001526   0x08001526   0x0000003e   Code   RO          165    i.PackWithCheckSum  packunpack.o
    0x08001564   0x08001564   0x00000002   Code   RO         2529    i.PendSV_Handler    stm32f10x_it.o
    0x08001566   0x08001566   0x0000000e   Code   RO            3    i.Proc1SecTask      main.o
    0x08001574   0x08001574   0x000000e4   Code   RO            4    i.Proc2msTask       main.o
    0x08001658   0x08001658   0x00000046   Code   RO          213    i.ProcHostCmd       prochostcmd.o
    0x0800169e   0x0800169e   0x00000002   PAD
    0x080016a0   0x080016a0   0x0000005c   Code   RO          301    i.ProcKeyDownKey1   prockeyone.o
    0x080016fc   0x080016fc   0x00000020   Code   RO          302    i.ProcKeyDownKey2   prockeyone.o
    0x0800171c   0x0800171c   0x00000020   Code   RO          303    i.ProcKeyDownKey3   prockeyone.o
    0x0800173c   0x0800173c   0x00000002   Code   RO          304    i.ProcKeyUpKey1     prockeyone.o
    0x0800173e   0x0800173e   0x00000002   Code   RO          305    i.ProcKeyUpKey2     prockeyone.o
    0x08001740   0x08001740   0x00000002   Code   RO          306    i.ProcKeyUpKey3     prockeyone.o
    0x08001742   0x08001742   0x0000000e   Code   RO          533    i.QueueEmpty        queue.o
    0x08001750   0x08001750   0x00000018   Code   RO         1155    i.RCC_ADCCLKConfig  stm32f10x_rcc.o
    0x08001768   0x08001768   0x00000020   Code   RO         1156    i.RCC_AHBPeriphClockCmd  stm32f10x_rcc.o
    0x08001788   0x08001788   0x00000020   Code   RO         1157    i.RCC_APB1PeriphClockCmd  stm32f10x_rcc.o
    0x080017a8   0x080017a8   0x00000020   Code   RO         1158    i.RCC_APB1PeriphResetCmd  stm32f10x_rcc.o
    0x080017c8   0x080017c8   0x00000020   Code   RO         1159    i.RCC_APB2PeriphClockCmd  stm32f10x_rcc.o
    0x080017e8   0x080017e8   0x00000020   Code   RO         1160    i.RCC_APB2PeriphResetCmd  stm32f10x_rcc.o
    0x08001808   0x08001808   0x0000004c   Code   RO         1166    i.RCC_DeInit        stm32f10x_rcc.o
    0x08001854   0x08001854   0x000000d4   Code   RO         1167    i.RCC_GetClocksFreq  stm32f10x_rcc.o
    0x08001928   0x08001928   0x0000003c   Code   RO         1168    i.RCC_GetFlagStatus  stm32f10x_rcc.o
    0x08001964   0x08001964   0x00000010   Code   RO         1170    i.RCC_GetSYSCLKSource  stm32f10x_rcc.o
    0x08001974   0x08001974   0x00000018   Code   RO         1171    i.RCC_HCLKConfig    stm32f10x_rcc.o
    0x0800198c   0x0800198c   0x0000004c   Code   RO         1172    i.RCC_HSEConfig     stm32f10x_rcc.o
    0x080019d8   0x080019d8   0x00000018   Code   RO         1178    i.RCC_PCLK1Config   stm32f10x_rcc.o
    0x080019f0   0x080019f0   0x00000018   Code   RO         1179    i.RCC_PCLK2Config   stm32f10x_rcc.o
    0x08001a08   0x08001a08   0x0000000c   Code   RO         1180    i.RCC_PLLCmd        stm32f10x_rcc.o
    0x08001a14   0x08001a14   0x0000001c   Code   RO         1181    i.RCC_PLLConfig     stm32f10x_rcc.o
    0x08001a30   0x08001a30   0x00000018   Code   RO         1184    i.RCC_SYSCLKConfig  stm32f10x_rcc.o
    0x08001a48   0x08001a48   0x00000038   Code   RO         1186    i.RCC_WaitForHSEStartUp  stm32f10x_rcc.o
    0x08001a80   0x08001a80   0x0000001c   Code   RO          659    i.ReadADCBuf        adc.o
    0x08001a9c   0x08001a9c   0x0000001c   Code   RO          579    i.ReadSendBuf       uart1.o
    0x08001ab8   0x08001ab8   0x0000001c   Code   RO          580    i.ReadUART1         uart1.o
    0x08001ad4   0x08001ad4   0x00000002   Code   RO         2530    i.SVC_Handler       stm32f10x_it.o
    0x08001ad6   0x08001ad6   0x00000002   PAD
    0x08001ad8   0x08001ad8   0x000000b4   Code   RO          274    i.ScanKeyOne        keyone.o
    0x08001b8c   0x08001b8c   0x00000036   Code   RO          241    i.SendAckPack       senddatatohost.o
    0x08001bc2   0x08001bc2   0x00000002   PAD
    0x08001bc4   0x08001bc4   0x00000020   Code   RO          581    i.SendCharUsedByFputc  uart1.o
    0x08001be4   0x08001be4   0x0000001a   Code   RO          242    i.SendPackToHost    senddatatohost.o
    0x08001bfe   0x08001bfe   0x0000003c   Code   RO          243    i.SendWaveToHost    senddatatohost.o
    0x08001c3a   0x08001c3a   0x00000008   Code   RO         2581    i.SetSysClock       system_stm32f10x.o
    0x08001c42   0x08001c42   0x00000002   PAD
    0x08001c44   0x08001c44   0x000000e0   Code   RO         2582    i.SetSysClockTo72   system_stm32f10x.o
    0x08001d24   0x08001d24   0x00000008   Code   RO         2475    i.SysTick_Handler   systick.o
    0x08001d2c   0x08001d2c   0x00000060   Code   RO         2584    i.SystemInit        system_stm32f10x.o
    0x08001d8c   0x08001d8c   0x0000003c   Code   RO          476    i.TIM2_IRQHandler   timer.o
    0x08001dc8   0x08001dc8   0x00000028   Code   RO          660    i.TIM3_IRQHandler   adc.o
    0x08001df0   0x08001df0   0x00000044   Code   RO          477    i.TIM5_IRQHandler   timer.o
    0x08001e34   0x08001e34   0x00000006   Code   RO         1366    i.TIM_ClearITPendingBit  stm32f10x_tim.o
    0x08001e3a   0x08001e3a   0x00000018   Code   RO         1371    i.TIM_Cmd           stm32f10x_tim.o
    0x08001e52   0x08001e52   0x00000002   PAD
    0x08001e54   0x08001e54   0x000001e8   Code   RO         1376    i.TIM_DeInit        stm32f10x_tim.o
    0x0800203c   0x0800203c   0x00000022   Code   RO         1392    i.TIM_GetITStatus   stm32f10x_tim.o
    0x0800205e   0x0800205e   0x00000012   Code   RO         1396    i.TIM_ITConfig      stm32f10x_tim.o
    0x08002070   0x08002070   0x00000012   Code   RO         1428    i.TIM_SelectOutputTrigger  stm32f10x_tim.o
    0x08002082   0x08002082   0x00000002   PAD
    0x08002084   0x08002084   0x000000a4   Code   RO         1442    i.TIM_TimeBaseInit  stm32f10x_tim.o
    0x08002128   0x08002128   0x00000018   Code   RO         2476    i.TimDelayDec       systick.o
    0x08002140   0x08002140   0x00000098   Code   RO          582    i.USART1_IRQHandler  uart1.o
    0x080021d8   0x080021d8   0x00000012   Code   RO         1903    i.USART_ClearFlag   stm32f10x_usart.o
    0x080021ea   0x080021ea   0x0000001e   Code   RO         1904    i.USART_ClearITPendingBit  stm32f10x_usart.o
    0x08002208   0x08002208   0x00000018   Code   RO         1907    i.USART_Cmd         stm32f10x_usart.o
    0x08002220   0x08002220   0x0000001a   Code   RO         1910    i.USART_GetFlagStatus  stm32f10x_usart.o
    0x0800223a   0x0800223a   0x00000054   Code   RO         1911    i.USART_GetITStatus  stm32f10x_usart.o
    0x0800228e   0x0800228e   0x0000004a   Code   RO         1913    i.USART_ITConfig    stm32f10x_usart.o
    0x080022d8   0x080022d8   0x000000d8   Code   RO         1914    i.USART_Init        stm32f10x_usart.o
    0x080023b0   0x080023b0   0x0000000a   Code   RO         1921    i.USART_ReceiveData  stm32f10x_usart.o
    0x080023ba   0x080023ba   0x00000008   Code   RO         1924    i.USART_SendData    stm32f10x_usart.o
    0x080023c2   0x080023c2   0x00000018   Code   RO         1930    i.USART_StructInit  stm32f10x_usart.o
    0x080023da   0x080023da   0x00000002   PAD
    0x080023dc   0x080023dc   0x00000084   Code   RO          166    i.UnPackData        packunpack.o
    0x08002460   0x08002460   0x00000042   Code   RO          167    i.UnpackWithCheckSum  packunpack.o
    0x080024a2   0x080024a2   0x00000004   Code   RO         2531    i.UsageFault_Handler  stm32f10x_it.o
    0x080024a6   0x080024a6   0x00000002   PAD
    0x080024a8   0x080024a8   0x00000018   Code   RO          661    i.WriteADCBuf       adc.o
    0x080024c0   0x080024c0   0x00000018   Code   RO          583    i.WriteReceiveBuf   uart1.o
    0x080024d8   0x080024d8   0x00000030   Code   RO          584    i.WriteUART1        uart1.o
    0x08002508   0x08002508   0x00000010   Code   RO         2626    i.__0printf$bare    mc_w.l(printfb.o)
    0x08002518   0x08002518   0x0000000e   Code   RO         2927    i.__scatterload_copy  mc_w.l(handlers.o)
    0x08002526   0x08002526   0x00000002   Code   RO         2928    i.__scatterload_null  mc_w.l(handlers.o)
    0x08002528   0x08002528   0x0000000e   Code   RO         2929    i.__scatterload_zeroinit  mc_w.l(handlers.o)
    0x08002536   0x08002536   0x00000022   Code   RO         2633    i._printf_core      mc_w.l(printfb.o)
    0x08002558   0x08002558   0x00000010   Code   RO          585    i.fputc             uart1.o
    0x08002568   0x08002568   0x00000040   Code   RO            5    i.main              main.o
    0x080025a8   0x080025a8   0x00000020   Data   RO         2925    Region$$Table       anon$$obj.o


    Execution Region RW_IRAM1 (Exec base: 0x20000000, Load base: 0x080025c8, Size: 0x00000c78, Max: 0x00010000, ABSOLUTE, COMPRESSED[0x00000194])

    Exec Addr    Load Addr    Size         Type   Attr      Idx    E Section Name        Object

    0x20000000   COMPRESSED   0x0000000a   Data   RW            6    .data               main.o
    0x2000000a   COMPRESSED   0x00000002   Data   RW          141    .data               led.o
    0x2000000c   COMPRESSED   0x00000003   Data   RW          169    .data               packunpack.o
    0x2000000f   COMPRESSED   0x00000009   Data   RW          275    .data               keyone.o
    0x20000018   COMPRESSED   0x00000001   Data   RW          307    .data               prockeyone.o
    0x20000019   COMPRESSED   0x00000001   PAD
    0x2000001a   COMPRESSED   0x00000006   Data   RW          478    .data               timer.o
    0x20000020   COMPRESSED   0x00000001   Data   RW          587    .data               uart1.o
    0x20000021   COMPRESSED   0x00000001   PAD
    0x20000022   COMPRESSED   0x00000002   Data   RW          663    .data               adc.o
    0x20000024   COMPRESSED   0x00000008   Data   RW          755    .data               dac.o
    0x2000002c   COMPRESSED   0x00000258   Data   RW          803    .data               wave.o
    0x20000284   COMPRESSED   0x00000014   Data   RW         1187    .data               stm32f10x_rcc.o
    0x20000298   COMPRESSED   0x00000004   Data   RW         2477    .data               systick.o
    0x2000029c   COMPRESSED   0x00000014   Data   RW         2585    .data               system_stm32f10x.o
    0x200002b0   COMPRESSED   0x00000004   Data   RW         2899    .data               mc_w.l(stdout.o)
    0x200002b4        -       0x0000000a   Zero   RW          168    .bss                packunpack.o
    0x200002be        -       0x00000400   Zero   RW          366    .bss                oled.o
    0x200006be   COMPRESSED   0x00000002   PAD
    0x200006c0        -       0x000000e0   Zero   RW          586    .bss                uart1.o
    0x200007a0        -       0x000000d4   Zero   RW          662    .bss                adc.o
    0x20000874   COMPRESSED   0x00000004   PAD
    0x20000878        -       0x00000400   Zero   RW         2615    STACK               startup_stm32f10x_hd.o


==============================================================================

Image component sizes


      Code (inc. data)   RO Data    RW Data    ZI Data      Debug   Object Name

       504         58          0          2        212       4639   adc.o
         0          0          0          0          0         32   core_cm3.o
       452         46          0          8          0      18507   dac.o
       304         38          0          9          0       2402   keyone.o
       180         12          0          2          0       1431   led.o
       378         80          0         10          0     280895   main.o
       132         22          0          0          0       1451   misc.o
        20          0          0          0          0        843   nvic.o
       728         34          0          0       1024       4753   oled.o
       372         40          0          3         10       6629   packunpack.o
        78          0          0          0          0       3608   prochostcmd.o
       164         50          0          1          0       3743   prockeyone.o
       190          0          0          0          0       3113   queue.o
       108          0          0          0          0     214822   rcc.o
       142          0          0          0          0       2688   senddatatohost.o
        36          8        304          0       1024        808   startup_stm32f10x_hd.o
       390         10          0          0          0       7144   stm32f10x_adc.o
       168         24          0          0          0       2820   stm32f10x_dac.o
       506         26          0          0          0       4967   stm32f10x_dma.o
        52         12          0          0          0       1053   stm32f10x_flash.o
       332          0          0          0          0       4681   stm32f10x_gpio.o
        24          0          0          0          0       3544   stm32f10x_it.o
       816        116          0         20          0      12323   stm32f10x_rcc.o
       752        106          0          0          0       4709   stm32f10x_tim.o
       514          6          0          0          0       7616   stm32f10x_usart.o
       328         28          0         20          0       2233   system_stm32f10x.o
       160         22          0          4          0      17654   systick.o
       388         48          0          6          0       4630   timer.o
       186          0          0          0          0       2201   u16queue.o
       664         86          0          1        224      22476   uart1.o
        24         12          0        600          0       1997   wave.o

    ----------------------------------------------------------------------
      9114        884        336        688       2500     650412   Object Totals
         0          0         32          0          0          0   (incl. Generated)
        22          0          0          2          6          0   (incl. Padding)

    ----------------------------------------------------------------------

      Code (inc. data)   RO Data    RW Data    ZI Data      Debug   Library Member Name

        86          0          0          0          0          0   __dczerorl2.o
         0          0          0          0          0          0   entry.o
         0          0          0          0          0          0   entry10a.o
         0          0          0          0          0          0   entry11a.o
         8          4          0          0          0          0   entry2.o
         4          0          0          0          0          0   entry5.o
         0          0          0          0          0          0   entry7b.o
         0          0          0          0          0          0   entry8b.o
         8          4          0          0          0          0   entry9a.o
        30          0          0          0          0          0   handlers.o
        36          8          0          0          0         68   init.o
        50          8          0          0          0        152   printfb.o
         0          0          0          4          0          0   stdout.o

    ----------------------------------------------------------------------
       222         24          0          4          0        220   Library Totals
         0          0          0          0          0          0   (incl. Padding)

    ----------------------------------------------------------------------

      Code (inc. data)   RO Data    RW Data    ZI Data      Debug   Library Name

       222         24          0          4          0        220   mc_w.l

    ----------------------------------------------------------------------
       222         24          0          4          0        220   Library Totals

    ----------------------------------------------------------------------

==============================================================================


      Code (inc. data)   RO Data    RW Data    ZI Data      Debug   

      9336        908        336        692       2500     642544   Grand Totals
      9336        908        336        404       2500     642544   ELF Image Totals (compressed)
      9336        908        336        404          0          0   ROM Totals

==============================================================================

    Total RO  Size (Code + RO Data)                 9672 (   9.45kB)
    Total RW  Size (RW Data + ZI Data)              3192 (   3.12kB)
    Total ROM Size (Code + RO Data + RW Data)      10076 (   9.84kB)

==============================================================================

